Archive member included to satisfy reference by file (symbol)

D:/STM32CubeIDE_1.17.0/STM32CubeIDE/plugins/com.st.stm32cube.ide.mcu.externaltools.gnu-tools-for-stm32.12.3.rel1.win32_1.1.0.202410251130/tools/bin/../lib/gcc/arm-none-eabi/12.3.1/../../../../arm-none-eabi/lib/thumb/v7-m/nofp\libc_nano.a(libc_a-exit.o)
                              D:/STM32CubeIDE_1.17.0/STM32CubeIDE/plugins/com.st.stm32cube.ide.mcu.externaltools.gnu-tools-for-stm32.12.3.rel1.win32_1.1.0.202410251130/tools/bin/../lib/gcc/arm-none-eabi/12.3.1/../../../../arm-none-eabi/lib/thumb/v7-m/nofp/crt0.o (exit)
D:/STM32CubeIDE_1.17.0/STM32CubeIDE/plugins/com.st.stm32cube.ide.mcu.externaltools.gnu-tools-for-stm32.12.3.rel1.win32_1.1.0.202410251130/tools/bin/../lib/gcc/arm-none-eabi/12.3.1/../../../../arm-none-eabi/lib/thumb/v7-m/nofp\libc_nano.a(libc_a-nano-vfprintf_float.o)
                              (_printf_float)
D:/STM32CubeIDE_1.17.0/STM32CubeIDE/plugins/com.st.stm32cube.ide.mcu.externaltools.gnu-tools-for-stm32.12.3.rel1.win32_1.1.0.202410251130/tools/bin/../lib/gcc/arm-none-eabi/12.3.1/../../../../arm-none-eabi/lib/thumb/v7-m/nofp\libc_nano.a(libc_a-nano-vfprintf_i.o)
                              D:/STM32CubeIDE_1.17.0/STM32CubeIDE/plugins/com.st.stm32cube.ide.mcu.externaltools.gnu-tools-for-stm32.12.3.rel1.win32_1.1.0.202410251130/tools/bin/../lib/gcc/arm-none-eabi/12.3.1/../../../../arm-none-eabi/lib/thumb/v7-m/nofp\libc_nano.a(libc_a-nano-vfprintf_float.o) (_printf_common)
D:/STM32CubeIDE_1.17.0/STM32CubeIDE/plugins/com.st.stm32cube.ide.mcu.externaltools.gnu-tools-for-stm32.12.3.rel1.win32_1.1.0.202410251130/tools/bin/../lib/gcc/arm-none-eabi/12.3.1/../../../../arm-none-eabi/lib/thumb/v7-m/nofp\libc_nano.a(libc_a-findfp.o)
                              D:/STM32CubeIDE_1.17.0/STM32CubeIDE/plugins/com.st.stm32cube.ide.mcu.externaltools.gnu-tools-for-stm32.12.3.rel1.win32_1.1.0.202410251130/tools/bin/../lib/gcc/arm-none-eabi/12.3.1/../../../../arm-none-eabi/lib/thumb/v7-m/nofp\libc_nano.a(libc_a-exit.o) (__stdio_exit_handler)
D:/STM32CubeIDE_1.17.0/STM32CubeIDE/plugins/com.st.stm32cube.ide.mcu.externaltools.gnu-tools-for-stm32.12.3.rel1.win32_1.1.0.202410251130/tools/bin/../lib/gcc/arm-none-eabi/12.3.1/../../../../arm-none-eabi/lib/thumb/v7-m/nofp\libc_nano.a(libc_a-fwalk.o)
                              D:/STM32CubeIDE_1.17.0/STM32CubeIDE/plugins/com.st.stm32cube.ide.mcu.externaltools.gnu-tools-for-stm32.12.3.rel1.win32_1.1.0.202410251130/tools/bin/../lib/gcc/arm-none-eabi/12.3.1/../../../../arm-none-eabi/lib/thumb/v7-m/nofp\libc_nano.a(libc_a-findfp.o) (_fwalk_sglue)
D:/STM32CubeIDE_1.17.0/STM32CubeIDE/plugins/com.st.stm32cube.ide.mcu.externaltools.gnu-tools-for-stm32.12.3.rel1.win32_1.1.0.202410251130/tools/bin/../lib/gcc/arm-none-eabi/12.3.1/../../../../arm-none-eabi/lib/thumb/v7-m/nofp\libc_nano.a(libc_a-snprintf.o)
                              ./Core/FreeRTOS/tasks.o (snprintf)
D:/STM32CubeIDE_1.17.0/STM32CubeIDE/plugins/com.st.stm32cube.ide.mcu.externaltools.gnu-tools-for-stm32.12.3.rel1.win32_1.1.0.202410251130/tools/bin/../lib/gcc/arm-none-eabi/12.3.1/../../../../arm-none-eabi/lib/thumb/v7-m/nofp\libc_nano.a(libc_a-sprintf.o)
                              ./Core/Src/main.o (sprintf)
D:/STM32CubeIDE_1.17.0/STM32CubeIDE/plugins/com.st.stm32cube.ide.mcu.externaltools.gnu-tools-for-stm32.12.3.rel1.win32_1.1.0.202410251130/tools/bin/../lib/gcc/arm-none-eabi/12.3.1/../../../../arm-none-eabi/lib/thumb/v7-m/nofp\libc_nano.a(libc_a-stdio.o)
                              D:/STM32CubeIDE_1.17.0/STM32CubeIDE/plugins/com.st.stm32cube.ide.mcu.externaltools.gnu-tools-for-stm32.12.3.rel1.win32_1.1.0.202410251130/tools/bin/../lib/gcc/arm-none-eabi/12.3.1/../../../../arm-none-eabi/lib/thumb/v7-m/nofp\libc_nano.a(libc_a-findfp.o) (__sread)
D:/STM32CubeIDE_1.17.0/STM32CubeIDE/plugins/com.st.stm32cube.ide.mcu.externaltools.gnu-tools-for-stm32.12.3.rel1.win32_1.1.0.202410251130/tools/bin/../lib/gcc/arm-none-eabi/12.3.1/../../../../arm-none-eabi/lib/thumb/v7-m/nofp\libc_nano.a(libc_a-memcmp.o)
                              ./Core/FreeRTOS/SEGGER/OS/SEGGER_SYSVIEW_FreeRTOS.o (memcmp)
D:/STM32CubeIDE_1.17.0/STM32CubeIDE/plugins/com.st.stm32cube.ide.mcu.externaltools.gnu-tools-for-stm32.12.3.rel1.win32_1.1.0.202410251130/tools/bin/../lib/gcc/arm-none-eabi/12.3.1/../../../../arm-none-eabi/lib/thumb/v7-m/nofp\libc_nano.a(libc_a-memset.o)
                              D:/STM32CubeIDE_1.17.0/STM32CubeIDE/plugins/com.st.stm32cube.ide.mcu.externaltools.gnu-tools-for-stm32.12.3.rel1.win32_1.1.0.202410251130/tools/bin/../lib/gcc/arm-none-eabi/12.3.1/../../../../arm-none-eabi/lib/thumb/v7-m/nofp/crt0.o (memset)
D:/STM32CubeIDE_1.17.0/STM32CubeIDE/plugins/com.st.stm32cube.ide.mcu.externaltools.gnu-tools-for-stm32.12.3.rel1.win32_1.1.0.202410251130/tools/bin/../lib/gcc/arm-none-eabi/12.3.1/../../../../arm-none-eabi/lib/thumb/v7-m/nofp\libc_nano.a(libc_a-localeconv.o)
[...]
Memory Configuration

Name             Origin             Length             Attributes
RAM              0x20000000         0x00005000         xrw
FLASH            0x08000000         0x00010000         xr
*default*        0x00000000         0xffffffff

Linker script and memory map

LOAD D:/STM32CubeIDE_1.17.0/STM32CubeIDE/plugins/com.st.stm32cube.ide.mcu.externaltools.gnu-tools-for-stm32.12.3.rel1.win32_1.1.0.202410251130/tools/bin/../lib/gcc/arm-none-eabi/12.3.1/thumb/v7-m/nofp/crti.o
LOAD D:/STM32CubeIDE_1.17.0/STM32CubeIDE/plugins/com.st.stm32cube.ide.mcu.externaltools.gnu-tools-for-stm32.12.3.rel1.win32_1.1.0.202410251130/tools/bin/../lib/gcc/arm-none-eabi/12.3.1/thumb/v7-m/nofp/crtbegin.o
LOAD D:/STM32CubeIDE_1.17.0/STM32CubeIDE/plugins/com.st.stm32cube.ide.mcu.externaltools.gnu-tools-for-stm32.12.3.rel1.win32_1.1.0.202410251130/tools/bin/../lib/gcc/arm-none-eabi/12.3.1/../../../../arm-none-eabi/lib/thumb/v7-m/nofp/crt0.o
LOAD ./Core/FreeRTOS/SEGGER/Config/SEGGER_SYSVIEW_Config_FreeRTOS.o
LOAD ./Core/FreeRTOS/SEGGER/OS/SEGGER_SYSVIEW_FreeRTOS.o
LOAD ./Core/FreeRTOS/SEGGER/SEGGER/SEGGER_RTT.o
LOAD ./Core/FreeRTOS/SEGGER/SEGGER/SEGGER_RTT_ASM_ARMv7M.o
LOAD ./Core/FreeRTOS/SEGGER/SEGGER/SEGGER_SYSVIEW.o
LOAD ./Core/FreeRTOS/croutine.o
LOAD ./Core/FreeRTOS/event_groups.o
LOAD ./Core/FreeRTOS/list.o
LOAD ./Core/FreeRTOS/queue.o
LOAD ./Core/FreeRTOS/stream_buffer.o
LOAD ./Core/FreeRTOS/tasks.o
LOAD ./Core/FreeRTOS/timers.o
LOAD ./Core/FreeRTOS/portable/GCC/ARM_CM3/port.o
LOAD ./Core/FreeRTOS/portable/MemMang/heap_4.o
LOAD ./Core/Src/fonts.o
LOAD ./Core/Src/main.o
LOAD ./Core/Src/ssd1306.o
LOAD ./Core/Src/stm32f1xx_hal_msp.o
LOAD ./Core/Src/stm32f1xx_hal_timebase_tim.o
LOAD ./Core/Src/stm32f1xx_it.o
LOAD ./Core/Src/syscalls.o
LOAD ./Core/Src/sysmem.o
LOAD ./Core/Src/system_stm32f1xx.o
LOAD ./Core/Startup/startup_stm32f103c8tx.o
LOAD ./Drivers/STM32F1xx_HAL_Driver/Src/stm32f1xx_hal.o
LOAD ./Drivers/STM32F1xx_HAL_Driver/Src/stm32f1xx_hal_cortex.o
LOAD ./Drivers/STM32F1xx_HAL_Driver/Src/stm32f1xx_hal_dma.o
LOAD ./Drivers/STM32F1xx_HAL_Driver/Src/stm32f1xx_hal_exti.o
LOAD ./Drivers/STM32F1xx_HAL_Driver/Src/stm32f1xx_hal_flash.o
LOAD ./Drivers/STM32F1xx_HAL_Driver/Src/stm32f1xx_hal_flash_ex.o
LOAD ./Drivers/STM32F1xx_HAL_Driver/Src/stm32f1xx_hal_gpio.o
LOAD ./Drivers/STM32F1xx_HAL_Driver/Src/stm32f1xx_hal_gpio_ex.o
LOAD ./Drivers/STM32F1xx_HAL_Driver/Src/stm32f1xx_hal_i2c.o
LOAD ./Drivers/STM32F1xx_HAL_Driver/Src/stm32f1xx_hal_pwr.o
LOAD ./Drivers/STM32F1xx_HAL_Driver/Src/stm32f1xx_hal_rcc.o
LOAD ./Drivers/STM32F1xx_HAL_Driver/Src/stm32f1xx_hal_rcc_ex.o
LOAD ./Drivers/STM32F1xx_HAL_Driver/Src/stm32f1xx_hal_tim.o
LOAD ./Drivers/STM32F1xx_HAL_Driver/Src/stm32f1xx_hal_tim_ex.o
START GROUP
LOAD D:/STM32CubeIDE_1.17.0/STM32CubeIDE/plugins/com.st.stm32cube.ide.mcu.externaltools.gnu-tools-for-stm32.12.3.rel1.win32_1.1.0.202410251130/tools/bin/../lib/gcc/arm-none-eabi/12.3.1/../../../../arm-none-eabi/lib/thumb/v7-m/nofp\libc_nano.a
LOAD D:/STM32CubeIDE_1.17.0/STM32CubeIDE/plugins/com.st.stm32cube.ide.mcu.externaltools.gnu-tools-for-stm32.12.3.rel1.win32_1.1.0.202410251130/tools/bin/../lib/gcc/arm-none-eabi/12.3.1/../../../../arm-none-eabi/lib/thumb/v7-m/nofp\libm.a
END GROUP
START GROUP
LOAD D:/STM32CubeIDE_1.17.0/STM32CubeIDE/plugins/com.st.stm32cube.ide.mcu.externaltools.gnu-tools-for-stm32.12.3.rel1.win32_1.1.0.202410251130/tools/bin/../lib/gcc/arm-none-eabi/12.3.1/thumb/v7-m/nofp\libgcc.a
LOAD D:/STM32CubeIDE_1.17.0/STM32CubeIDE/plugins/com.st.stm32cube.ide.mcu.externaltools.gnu-tools-for-stm32.12.3.rel1.win32_1.1.0.202410251130/tools/bin/../lib/gcc/arm-none-eabi/12.3.1/../../../../arm-none-eabi/lib/thumb/v7-m/nofp\libc_nano.a
END GROUP
START GROUP
LOAD D:/STM32CubeIDE_1.17.0/STM32CubeIDE/plugins/com.st.stm32cube.ide.mcu.externaltools.gnu-tools-for-stm32.12.3.rel1.win32_1.1.0.202410251130/tools/bin/../lib/gcc/arm-none-eabi/12.3.1/thumb/v7-m/nofp\libgcc.a
LOAD D:/STM32CubeIDE_1.17.0/STM32CubeIDE/plugins/com.st.stm32cube.ide.mcu.externaltools.gnu-tools-for-stm32.12.3.rel1.win32_1.1.0.202410251130/tools/bin/../lib/gcc/arm-none-eabi/12.3.1/../../../../arm-none-eabi/lib/thumb/v7-m/nofp\libc_nano.a
LOAD D:/STM32CubeIDE_1.17.0/STM32CubeIDE/plugins/com.st.stm32cube.ide.mcu.externaltools.gnu-tools-for-stm32.12.3.rel1.win32_1.1.0.202410251130/tools/bin/../lib/gcc/arm-none-eabi/12.3.1/../../../../arm-none-eabi/lib/thumb/v7-m/nofp\libnosys.a
END GROUP
START GROUP
LOAD D:/STM32CubeIDE_1.17.0/STM32CubeIDE/plugins/com.st.stm32cube.ide.mcu.externaltools.gnu-tools-for-stm32.12.3.rel1.win32_1.1.0.202410251130/tools/bin/../lib/gcc/arm-none-eabi/12.3.1/thumb/v7-m/nofp\libgcc.a
LOAD D:/STM32CubeIDE_1.17.0/STM32CubeIDE/plugins/com.st.stm32cube.ide.mcu.externaltools.gnu-tools-for-stm32.12.3.rel1.win32_1.1.0.202410251130/tools/bin/../lib/gcc/arm-none-eabi/12.3.1/../../../../arm-none-eabi/lib/thumb/v7-m/nofp\libc_nano.a
LOAD D:/STM32CubeIDE_1.17.0/STM32CubeIDE/plugins/com.st.stm32cube.ide.mcu.externaltools.gnu-tools-for-stm32.12.3.rel1.win32_1.1.0.202410251130/tools/bin/../lib/gcc/arm-none-eabi/12.3.1/../../../../arm-none-eabi/lib/thumb/v7-m/nofp\libnosys.a
END GROUP
LOAD D:/STM32CubeIDE_1.17.0/STM32CubeIDE/plugins/com.st.stm32cube.ide.mcu.externaltools.gnu-tools-for-stm32.12.3.rel1.win32_1.1.0.202410251130/tools/bin/../lib/gcc/arm-none-eabi/12.3.1/thumb/v7-m/nofp/crtend.o
LOAD D:/STM32CubeIDE_1.17.0/STM32CubeIDE/plugins/com.st.stm32cube.ide.mcu.externaltools.gnu-tools-for-stm32.12.3.rel1.win32_1.1.0.202410251130/tools/bin/../lib/gcc/arm-none-eabi/12.3.1/thumb/v7-m/nofp/crtn.o
                0x20005000                        _estack = (ORIGIN (RAM) + LENGTH (RAM))
                0x00000200                        _Min_Heap_Size = 0x200
                0x00000400                        _Min_Stack_Size = 0x400

.isr_vector     0x08000000      0x10c
                0x08000000                        . = ALIGN (0x4)
 *(.isr_vector)
 .isr_vector    0x08000000      0x10c ./Core/Startup/startup_stm32f103c8tx.o
                0x08000000                g_pfnVectors
                0x0800010c                        . = ALIGN (0x4)

.text           0x08000110     0xc330
                0x08000110                        . = ALIGN (0x4)
 *(.text)
 .text          0x08000110       0x40 D:/STM32CubeIDE_1.17.0/STM32CubeIDE/plugins/com.st.stm32cube.ide.mcu.externaltools.gnu-tools-for-stm32.12.3.rel1.win32_1.1.0.202410251130/tools/bin/../lib/gcc/arm-none-eabi/12.3.1/thumb/v7-m/nofp/crtbegin.o
 .text          0x08000150       0x8c ./Core/FreeRTOS/SEGGER/SEGGER/SEGGER_RTT_ASM_ARMv7M.o
                0x08000150                SEGGER_RTT_ASM_WriteSkipNoLock
 .text          0x080001dc       0x10 D:/STM32CubeIDE_1.17.0/STM32CubeIDE/plugins/com.st.stm32cube.ide.mcu.externaltools.gnu-tools-for-stm32.12.3.rel1.win32_1.1.0.202410251130/tools/bin/../lib/gcc/arm-none-eabi/12.3.1/../../../../arm-none-eabi/lib/thumb/v7-m/nofp\libc_nano.a(libc_a-strlen.o)
                0x080001dc                strlen
 .text          0x080001ec      0x378 D:/STM32CubeIDE_1.17.0/STM32CubeIDE/plugins/com.st.stm32cube.ide.mcu.externaltools.gnu-tools-for-stm32.12.3.rel1.win32_1.1.0.202410251130/tools/bin/../lib/gcc/arm-none-eabi/12.3.1/thumb/v7-m/nofp\libgcc.a(_arm_addsubdf3.o)
                0x080001ec                __aeabi_drsub
                0x080001f4                __aeabi_dsub
                0x080001f4                __subdf3
                0x080001f8                __aeabi_dadd
                0x080001f8                __adddf3
                0x08000470                __floatunsidf
                0x08000470                __aeabi_ui2d
                0x08000490                __floatsidf
                0x08000490                __aeabi_i2d
                0x080004b4                __aeabi_f2d
                0x080004b4                __extendsfdf2
                0x080004f8                __floatundidf
                0x080004f8                __aeabi_ul2d
                0x08000508                __floatdidf
                0x08000508                __aeabi_l2d
 .text          0x08000564      0x424 D:/STM32CubeIDE_1.17.0/STM32CubeIDE/plugins/com.st.stm32cube.ide.mcu.externaltools.gnu-tools-for-stm32.12.3.rel1.win32_1.1.0.202410251130/tools/bin/../lib/gcc/arm-none-eabi/12.3.1/thumb/v7-m/nofp\libgcc.a(_arm_muldivdf3.o)
                0x08000564                __aeabi_dmul
                0x08000564                __muldf3
                0x080007b8                __divdf3
                0x080007b8                __aeabi_ddiv
 .text          0x08000988      0x110 D:/STM32CubeIDE_1.17.0/STM32CubeIDE/plugins/com.st.stm32cube.ide.mcu.externaltools.gnu-tools-for-stm32.12.3.rel1.win32_1.1.0.202410251130/tools/bin/../lib/gcc/arm-none-eabi/12.3.1/thumb/v7-m/nofp\libgcc.a(_arm_cmpdf2.o)
                0x08000988                __gtdf2
                0x08000988                __gedf2
                0x08000990                __ltdf2
                0x08000990                __ledf2
                0x08000998                __nedf2
                0x08000998                __eqdf2
                0x08000998                __cmpdf2
                0x08000a14                __aeabi_cdrcmple
                0x08000a24                __aeabi_cdcmpeq
                0x08000a24                __aeabi_cdcmple
                0x08000a34                __aeabi_dcmpeq
                0x08000a48                __aeabi_dcmplt
                0x08000a5c                __aeabi_dcmple
                0x08000a70                __aeabi_dcmpge
                0x08000a84                __aeabi_dcmpgt
 .text          0x08000a98       0x2c D:/STM32CubeIDE_1.17.0/STM32CubeIDE/plugins/com.st.stm32cube.ide.mcu.externaltools.gnu-tools-for-stm32.12.3.rel1.win32_1.1.0.202410251130/tools/bin/../lib/gcc/arm-none-eabi/12.3.1/thumb/v7-m/nofp\libgcc.a(_arm_unorddf2.o)
                0x08000a98                __unorddf2
                0x08000a98                __aeabi_dcmpun
 .text          0x08000ac4       0x50 D:/STM32CubeIDE_1.17.0/STM32CubeIDE/plugins/com.st.stm32cube.ide.mcu.externaltools.gnu-tools-for-stm32.12.3.rel1.win32_1.1.0.202410251130/tools/bin/../lib/gcc/arm-none-eabi/12.3.1/thumb/v7-m/nofp\libgcc.a(_arm_fixdfsi.o)
                0x08000ac4                __aeabi_d2iz
                0x08000ac4                __fixdfsi
 .text          0x08000b14      0x21c D:/STM32CubeIDE_1.17.0/STM32CubeIDE/plugins/com.st.stm32cube.ide.mcu.externaltools.gnu-tools-for-stm32.12.3.rel1.win32_1.1.0.202410251130/tools/bin/../lib/gcc/arm-none-eabi/12.3.1/thumb/v7-m/nofp\libgcc.a(_arm_addsubsf3.o)
                0x08000b14                __aeabi_frsub
                0x08000b1c                __subsf3
                0x08000b1c                __aeabi_fsub
                0x08000b20                __aeabi_fadd
                0x08000b20                __addsf3
                0x08000c80                __aeabi_ui2f
                0x08000c80                __floatunsisf
                0x08000c88                __aeabi_i2f
                0x08000c88                __floatsisf
                0x08000ca4                __aeabi_ul2f
                0x08000ca4                __floatundisf
                0x08000cb4                __aeabi_l2f
                0x08000cb4                __floatdisf
 .text          0x08000d30      0x2a0 D:/STM32CubeIDE_1.17.0/STM32CubeIDE/plugins/com.st.stm32cube.ide.mcu.externaltools.gnu-tools-for-stm32.12.3.rel1.win32_1.1.0.202410251130/tools/bin/../lib/gcc/arm-none-eabi/12.3.1/thumb/v7-m/nofp\libgcc.a(_arm_muldivsf3.o)
                0x08000d30                __mulsf3
                0x08000d30                __aeabi_fmul
                0x08000e98                __aeabi_fdiv
                0x08000e98                __divsf3
 .text          0x08000fd0       0xec D:/STM32CubeIDE_1.17.0/STM32CubeIDE/plugins/com.st.stm32cube.ide.mcu.externaltools.gnu-tools-for-stm32.12.3.rel1.win32_1.1.0.202410251130/tools/bin/../lib/gcc/arm-none-eabi/12.3.1/thumb/v7-m/nofp\libgcc.a(_arm_cmpsf2.o)
                0x08000fd0                __gesf2
                0x08000fd0                __gtsf2
                0x08000fd8                __lesf2
                0x08000fd8                __ltsf2
                0x08000fe0                __nesf2
                0x08000fe0                __eqsf2
                0x08000fe0                __cmpsf2
                0x08001040                __aeabi_cfrcmple
                0x08001048                __aeabi_cfcmpeq
                0x08001048                __aeabi_cfcmple
                0x08001058                __aeabi_fcmpeq
                0x0800106c                __aeabi_fcmplt
                0x08001080                __aeabi_fcmple
                0x08001094                __aeabi_fcmpge
                0x080010a8                __aeabi_fcmpgt
 .text          0x080010bc       0x2c D:/STM32CubeIDE_1.17.0/STM32CubeIDE/plugins/com.st.stm32cube.ide.mcu.externaltools.gnu-tools-for-stm32.12.3.rel1.win32_1.1.0.202410251130/tools/bin/../lib/gcc/arm-none-eabi/12.3.1/thumb/v7-m/nofp\libgcc.a(_arm_unordsf2.o)
                0x080010bc                __unordsf2
                0x080010bc                __aeabi_fcmpun
 *(.text*)
 .text._cbSendSystemDesc
                0x080010e8       0x1c ./Core/FreeRTOS/SEGGER/Config/SEGGER_SYSVIEW_Config_FreeRTOS.o
 .text.SEGGER_SYSVIEW_Conf
                0x08001104       0x2c ./Core/FreeRTOS/SEGGER/Config/SEGGER_SYSVIEW_Config_FreeRTOS.o
                0x08001104                SEGGER_SYSVIEW_Conf
 .text._cbSendTaskList
                0x08001130       0xbc ./Core/FreeRTOS/SEGGER/OS/SEGGER_SYSVIEW_FreeRTOS.o
 .text._cbGetTime
                0x080011ec       0x86 ./Core/FreeRTOS/SEGGER/OS/SEGGER_SYSVIEW_FreeRTOS.o
 *fill*         0x08001272        0x2 
 .text.SYSVIEW_AddTask
                0x08001274       0xd0 ./Core/FreeRTOS/SEGGER/OS/SEGGER_SYSVIEW_FreeRTOS.o
                0x08001274                SYSVIEW_AddTask
 .text.SYSVIEW_DeleteTask
                0x08001344      0x178 ./Core/FreeRTOS/SEGGER/OS/SEGGER_SYSVIEW_FreeRTOS.o
                0x08001344                SYSVIEW_DeleteTask
 .text.SYSVIEW_SendTaskInfo
                0x080014bc       0x42 ./Core/FreeRTOS/SEGGER/OS/SEGGER_SYSVIEW_FreeRTOS.o
                0x080014bc                SYSVIEW_SendTaskInfo
 *fill*         0x080014fe        0x2 
 .text._DoInit  0x08001500       0xb0 ./Core/FreeRTOS/SEGGER/SEGGER/SEGGER_RTT.o
 .text.SEGGER_RTT_ReadNoLock
                0x080015b0      0x10c ./Core/FreeRTOS/SEGGER/SEGGER/SEGGER_RTT.o
                0x080015b0                SEGGER_RTT_ReadNoLock
 .text.SEGGER_RTT_AllocUpBuffer
                0x080016bc      0x104 ./Core/FreeRTOS/SEGGER/SEGGER/SEGGER_RTT.o
                0x080016bc                SEGGER_RTT_AllocUpBuffer
 .text.SEGGER_RTT_ConfigDownBuffer
                0x080017c0       0x94 ./Core/FreeRTOS/SEGGER/SEGGER/SEGGER_RTT.o
                0x080017c0                SEGGER_RTT_ConfigDownBuffer
 .text._EncodeStr
                0x08001854       0x70 ./Core/FreeRTOS/SEGGER/SEGGER/SEGGER_SYSVIEW.o
 .text._PreparePacket
                0x080018c4       0x16 ./Core/FreeRTOS/SEGGER/SEGGER/SEGGER_SYSVIEW.o
 *fill*         0x080018da        0x2 
 .text._HandleIncomingPacket
                0x080018dc       0xdc ./Core/FreeRTOS/SEGGER/SEGGER/SEGGER_SYSVIEW.o
 .text._TrySendOverflowPacket
                0x080019b8       0xe4 ./Core/FreeRTOS/SEGGER/SEGGER/SEGGER_SYSVIEW.o
 .text._SendPacket
                0x08001a9c      0x2dc ./Core/FreeRTOS/SEGGER/SEGGER/SEGGER_SYSVIEW.o
 .text.SEGGER_SYSVIEW_Init
                0x08001d78       0x88 ./Core/FreeRTOS/SEGGER/SEGGER/SEGGER_SYSVIEW.o
                0x08001d78                SEGGER_SYSVIEW_Init
 .text.SEGGER_SYSVIEW_SetRAMBase
                0x08001e00       0x1c ./Core/FreeRTOS/SEGGER/SEGGER/SEGGER_SYSVIEW.o
                0x08001e00                SEGGER_SYSVIEW_SetRAMBase
 .text.SEGGER_SYSVIEW_RecordVoid
                0x08001e1c       0x3c ./Core/FreeRTOS/SEGGER/SEGGER/SEGGER_SYSVIEW.o
                0x08001e1c                SEGGER_SYSVIEW_RecordVoid
 .text.SEGGER_SYSVIEW_RecordU32
                0x08001e58       0x78 ./Core/FreeRTOS/SEGGER/SEGGER/SEGGER_SYSVIEW.o
                0x08001e58                SEGGER_SYSVIEW_RecordU32
 .text.SEGGER_SYSVIEW_RecordU32x2
                0x08001ed0       0xb4 ./Core/FreeRTOS/SEGGER/SEGGER/SEGGER_SYSVIEW.o
                0x08001ed0                SEGGER_SYSVIEW_RecordU32x2
 .text.SEGGER_SYSVIEW_Start
                0x08001f84      0x174 ./Core/FreeRTOS/SEGGER/SEGGER/SEGGER_SYSVIEW.o
                0x08001f84                SEGGER_SYSVIEW_Start
 .text.SEGGER_SYSVIEW_Stop
                0x080020f8       0x4c ./Core/FreeRTOS/SEGGER/SEGGER/SEGGER_SYSVIEW.o
                0x080020f8                SEGGER_SYSVIEW_Stop
 .text.SEGGER_SYSVIEW_GetSysDesc
                0x08002144      0x134 ./Core/FreeRTOS/SEGGER/SEGGER/SEGGER_SYSVIEW.o
                0x08002144                SEGGER_SYSVIEW_GetSysDesc
 .text.SEGGER_SYSVIEW_SendTaskInfo
                0x08002278      0x1c8 ./Core/FreeRTOS/SEGGER/SEGGER/SEGGER_SYSVIEW.o
                0x08002278                SEGGER_SYSVIEW_SendTaskInfo
 .text.SEGGER_SYSVIEW_SendTaskList
                0x08002440       0x28 ./Core/FreeRTOS/SEGGER/SEGGER/SEGGER_SYSVIEW.o
                0x08002440                SEGGER_SYSVIEW_SendTaskList
 .text.SEGGER_SYSVIEW_SendSysDesc
                0x08002468       0x48 ./Core/FreeRTOS/SEGGER/SEGGER/SEGGER_SYSVIEW.o
                0x08002468                SEGGER_SYSVIEW_SendSysDesc
 .text.SEGGER_SYSVIEW_RecordSystime
                0x080024b0       0x64 ./Core/FreeRTOS/SEGGER/SEGGER/SEGGER_SYSVIEW.o
                0x080024b0                SEGGER_SYSVIEW_RecordSystime
 .text.SEGGER_SYSVIEW_RecordEnterISR
                0x08002514       0x84 ./Core/FreeRTOS/SEGGER/SEGGER/SEGGER_SYSVIEW.o
                0x08002514                SEGGER_SYSVIEW_RecordEnterISR
 .text.SEGGER_SYSVIEW_RecordExitISR
                0x08002598       0x38 ./Core/FreeRTOS/SEGGER/SEGGER/SEGGER_SYSVIEW.o
                0x08002598                SEGGER_SYSVIEW_RecordExitISR
 .text.SEGGER_SYSVIEW_RecordExitISRToScheduler
                0x080025d0       0x38 ./Core/FreeRTOS/SEGGER/SEGGER/SEGGER_SYSVIEW.o
                0x080025d0                SEGGER_SYSVIEW_RecordExitISRToScheduler
 .text.SEGGER_SYSVIEW_RecordEndCall
                0x08002608       0x78 ./Core/FreeRTOS/SEGGER/SEGGER/SEGGER_SYSVIEW.o
                0x08002608                SEGGER_SYSVIEW_RecordEndCall
 .text.SEGGER_SYSVIEW_RecordEndCallU32
                0x08002680       0xb0 ./Core/FreeRTOS/SEGGER/SEGGER/SEGGER_SYSVIEW.o
                0x08002680                SEGGER_SYSVIEW_RecordEndCallU32
 .text.SEGGER_SYSVIEW_OnIdle
                0x08002730       0x38 ./Core/FreeRTOS/SEGGER/SEGGER/SEGGER_SYSVIEW.o
                0x08002730                SEGGER_SYSVIEW_OnIdle
 .text.SEGGER_SYSVIEW_OnTaskCreate
                0x08002768       0x84 ./Core/FreeRTOS/SEGGER/SEGGER/SEGGER_SYSVIEW.o
                0x08002768                SEGGER_SYSVIEW_OnTaskCreate
 .text.SEGGER_SYSVIEW_OnTaskStartExec
                0x080027ec       0x84 ./Core/FreeRTOS/SEGGER/SEGGER/SEGGER_SYSVIEW.o
                0x080027ec                SEGGER_SYSVIEW_OnTaskStartExec
 .text.SEGGER_SYSVIEW_OnTaskStartReady
                0x08002870       0x84 ./Core/FreeRTOS/SEGGER/SEGGER/SEGGER_SYSVIEW.o
                0x08002870                SEGGER_SYSVIEW_OnTaskStartReady
 .text.SEGGER_SYSVIEW_OnTaskStopReady
                0x080028f4       0xc0 ./Core/FreeRTOS/SEGGER/SEGGER/SEGGER_SYSVIEW.o
                0x080028f4                SEGGER_SYSVIEW_OnTaskStopReady
 .text.SEGGER_SYSVIEW_ShrinkId
                0x080029b4       0x20 ./Core/FreeRTOS/SEGGER/SEGGER/SEGGER_SYSVIEW.o
                0x080029b4                SEGGER_SYSVIEW_ShrinkId
 .text.SEGGER_SYSVIEW_SendModule
                0x080029d4      0x114 ./Core/FreeRTOS/SEGGER/SEGGER/SEGGER_SYSVIEW.o
                0x080029d4                SEGGER_SYSVIEW_SendModule
 .text.SEGGER_SYSVIEW_SendModuleDescription
                0x08002ae8       0x3c ./Core/FreeRTOS/SEGGER/SEGGER/SEGGER_SYSVIEW.o
                0x08002ae8                SEGGER_SYSVIEW_SendModuleDescription
 .text.SEGGER_SYSVIEW_SendNumModules
                0x08002b24       0x7c ./Core/FreeRTOS/SEGGER/SEGGER/SEGGER_SYSVIEW.o
                0x08002b24                SEGGER_SYSVIEW_SendNumModules
 .text.SEGGER_SYSVIEW_Warn
                0x08002ba0       0xb8 ./Core/FreeRTOS/SEGGER/SEGGER/SEGGER_SYSVIEW.o
                0x08002ba0                SEGGER_SYSVIEW_Warn
 .text.vListInitialise
                0x08002c58       0x44 ./Core/FreeRTOS/list.o
                0x08002c58                vListInitialise
 .text.vListInitialiseItem
                0x08002c9c       0x1e ./Core/FreeRTOS/list.o
                0x08002c9c                vListInitialiseItem
 .text.vListInsertEnd
                0x08002cba       0x4c ./Core/FreeRTOS/list.o
                0x08002cba                vListInsertEnd
 .text.vListInsert
                0x08002d06       0x76 ./Core/FreeRTOS/list.o
                0x08002d06                vListInsert
 .text.uxListRemove
                0x08002d7c       0x5e ./Core/FreeRTOS/list.o
                0x08002d7c                uxListRemove
 *fill*         0x08002dda        0x2 
 .text.xQueueGenericReset
                0x08002ddc      0x12c ./Core/FreeRTOS/queue.o
                0x08002ddc                xQueueGenericReset
 .text.xQueueGenericCreate
                0x08002f08       0xb0 ./Core/FreeRTOS/queue.o
                0x08002f08                xQueueGenericCreate
 .text.prvInitialiseNewQueue
                0x08002fb8       0x46 ./Core/FreeRTOS/queue.o
 *fill*         0x08002ffe        0x2 
 .text.xQueueReceive
                0x08003000      0x1dc ./Core/FreeRTOS/queue.o
                0x08003000                xQueueReceive
 .text.prvCopyDataFromQueue
                0x080031dc       0x4c ./Core/FreeRTOS/queue.o
 .text.prvUnlockQueue
                0x08003228       0xa4 ./Core/FreeRTOS/queue.o
 .text.prvIsQueueEmpty
                0x080032cc       0x2c ./Core/FreeRTOS/queue.o
 .text.vQueueAddToRegistry
                0x080032f8       0xa0 ./Core/FreeRTOS/queue.o
                0x080032f8                vQueueAddToRegistry
 .text.vQueueWaitForMessageRestricted
                0x08003398       0x6e ./Core/FreeRTOS/queue.o
                0x08003398                vQueueWaitForMessageRestricted
 .text.prvCreateTask
                0x08003406       0x78 ./Core/FreeRTOS/tasks.o
 .text.xTaskCreate
                0x0800347e       0x50 ./Core/FreeRTOS/tasks.o
                0x0800347e                xTaskCreate
 .text.prvInitialiseNewTask
                0x080034ce      0x120 ./Core/FreeRTOS/tasks.o
 *fill*         0x080035ee        0x2 
 .text.prvAddNewTaskToReadyList
                0x080035f0      0x16c ./Core/FreeRTOS/tasks.o
 .text.vTaskDelete
                0x0800375c      0x19c ./Core/FreeRTOS/tasks.o
                0x0800375c                vTaskDelete
 .text.vTaskDelay
                0x080038f8       0x70 ./Core/FreeRTOS/tasks.o
                0x080038f8                vTaskDelay
 .text.prvCreateIdleTasks
                0x08003968       0xb0 ./Core/FreeRTOS/tasks.o
 .text.vTaskStartScheduler
                0x08003a18       0xb8 ./Core/FreeRTOS/tasks.o
                0x08003a18                vTaskStartScheduler
 .text.vTaskSuspendAll
                0x08003ad0       0x1c ./Core/FreeRTOS/tasks.o
                0x08003ad0                vTaskSuspendAll
 .text.xTaskResumeAll
                0x08003aec      0x224 ./Core/FreeRTOS/tasks.o
                0x08003aec                xTaskResumeAll
 .text.xTaskGetTickCount
                0x08003d10       0x24 ./Core/FreeRTOS/tasks.o
                0x08003d10                xTaskGetTickCount
 .text.xTaskGetTickCountFromISR
                0x08003d34       0x2c ./Core/FreeRTOS/tasks.o
                0x08003d34                xTaskGetTickCountFromISR
 .text.xTaskIncrementTick
                0x08003d60      0x244 ./Core/FreeRTOS/tasks.o
                0x08003d60                xTaskIncrementTick
 .text.vTaskSwitchContext
                0x08003fa4      0x110 ./Core/FreeRTOS/tasks.o
                0x08003fa4                vTaskSwitchContext
 .text.vTaskPlaceOnEventList
                0x080040b4       0x50 ./Core/FreeRTOS/tasks.o
                0x080040b4                vTaskPlaceOnEventList
 .text.vTaskPlaceOnEventListRestricted
                0x08004104       0x94 ./Core/FreeRTOS/tasks.o
                0x08004104                vTaskPlaceOnEventListRestricted
 .text.xTaskRemoveFromEventList
                0x08004198      0x1c0 ./Core/FreeRTOS/tasks.o
                0x08004198                xTaskRemoveFromEventList
 .text.vTaskInternalSetTimeOutState
                0x08004358       0x30 ./Core/FreeRTOS/tasks.o
                0x08004358                vTaskInternalSetTimeOutState
 .text.xTaskCheckForTimeOut
                0x08004388       0xf8 ./Core/FreeRTOS/tasks.o
                0x08004388                xTaskCheckForTimeOut
 .text.vTaskMissedYield
                0x08004480       0x18 ./Core/FreeRTOS/tasks.o
                0x08004480                vTaskMissedYield
 .text.prvIdleTask
                0x08004498       0x30 ./Core/FreeRTOS/tasks.o
 .text.prvInitialiseTaskLists
                0x080044c8       0x80 ./Core/FreeRTOS/tasks.o
 .text.prvCheckTasksWaitingTermination
                0x08004548       0x5c ./Core/FreeRTOS/tasks.o
 .text.prvTaskCheckFreeStackSpace
                0x080045a4       0x34 ./Core/FreeRTOS/tasks.o
 .text.uxTaskGetStackHighWaterMark
                0x080045d8       0x5c ./Core/FreeRTOS/tasks.o
                0x080045d8                uxTaskGetStackHighWaterMark
 .text.prvDeleteTCB
                0x08004634       0x20 ./Core/FreeRTOS/tasks.o
 .text.prvResetNextTaskUnblockTime
                0x08004654       0x34 ./Core/FreeRTOS/tasks.o
 .text.xTaskGetSchedulerState
                0x08004688       0x44 ./Core/FreeRTOS/tasks.o
                0x08004688                xTaskGetSchedulerState
 .text.prvAddCurrentTaskToDelayedList
                0x080046cc      0x124 ./Core/FreeRTOS/tasks.o
 .text.xTimerCreateTimerTask
                0x080047f0       0x74 ./Core/FreeRTOS/timers.o
                0x080047f0                xTimerCreateTimerTask
 .text.prvReloadTimer
                0x08004864       0x42 ./Core/FreeRTOS/timers.o
 *fill*         0x080048a6        0x2 
 .text.prvProcessExpiredTimer
                0x080048a8       0x60 ./Core/FreeRTOS/timers.o
 .text.prvTimerTask
                0x08004908       0x26 ./Core/FreeRTOS/timers.o
 *fill*         0x0800492e        0x2 
 .text.prvProcessTimerOrBlockTask
                0x08004930       0x9c ./Core/FreeRTOS/timers.o
 .text.prvGetNextExpireTime
                0x080049cc       0x44 ./Core/FreeRTOS/timers.o
 .text.prvSampleTimeNow
                0x08004a10       0x40 ./Core/FreeRTOS/timers.o
 .text.prvInsertTimerInActiveList
                0x08004a50       0x84 ./Core/FreeRTOS/timers.o
 .text.prvProcessReceivedCommands
                0x08004ad4      0x1d0 ./Core/FreeRTOS/timers.o
 .text.prvSwitchTimerLists
                0x08004ca4       0x4c ./Core/FreeRTOS/timers.o
 .text.prvCheckForValidListAndQueue
                0x08004cf0       0x6c ./Core/FreeRTOS/timers.o
 .text.pxPortInitialiseStack
                0x08004d5c       0x58 ./Core/FreeRTOS/portable/GCC/ARM_CM3/port.o
                0x08004d5c                pxPortInitialiseStack
 .text.prvTaskExitError
                0x08004db4       0x58 ./Core/FreeRTOS/portable/GCC/ARM_CM3/port.o
 .text.SVC_Handler
                0x08004e0c       0x28 ./Core/FreeRTOS/portable/GCC/ARM_CM3/port.o
                0x08004e0c                SVC_Handler
 .text.prvPortStartFirstTask
                0x08004e34       0x24 ./Core/FreeRTOS/portable/GCC/ARM_CM3/port.o
 .text.xPortStartScheduler
                0x08004e58      0x17c ./Core/FreeRTOS/portable/GCC/ARM_CM3/port.o
                0x08004e58                xPortStartScheduler
 .text.vPortEnterCritical
                0x08004fd4       0x60 ./Core/FreeRTOS/portable/GCC/ARM_CM3/port.o
                0x08004fd4                vPortEnterCritical
 .text.vPortExitCritical
                0x08005034       0x54 ./Core/FreeRTOS/portable/GCC/ARM_CM3/port.o
                0x08005034                vPortExitCritical
 .text.PendSV_Handler
                0x08005088       0x48 ./Core/FreeRTOS/portable/GCC/ARM_CM3/port.o
                0x08005088                PendSV_Handler
 .text.SysTick_Handler
                0x080050d0       0x54 ./Core/FreeRTOS/portable/GCC/ARM_CM3/port.o
                0x080050d0                SysTick_Handler
 .text.vPortSetupTimerInterrupt
                0x08005124       0x44 ./Core/FreeRTOS/portable/GCC/ARM_CM3/port.o
                0x08005124                vPortSetupTimerInterrupt
 .text.vPortValidateInterruptPriority
                0x08005168       0x80 ./Core/FreeRTOS/portable/GCC/ARM_CM3/port.o
                0x08005168                vPortValidateInterruptPriority
 .text.pvPortMalloc
                0x080051e8      0x270 ./Core/FreeRTOS/portable/MemMang/heap_4.o
                0x080051e8                pvPortMalloc
 .text.vPortFree
                0x08005458       0xf4 ./Core/FreeRTOS/portable/MemMang/heap_4.o
                0x08005458                vPortFree
 .text.prvHeapInit
                0x0800554c       0xb4 ./Core/FreeRTOS/portable/MemMang/heap_4.o
 .text.prvInsertBlockIntoFreeList
                0x08005600       0xf4 ./Core/FreeRTOS/portable/MemMang/heap_4.o
 .text.Kalman_getAngle
                0x080056f4      0x230 ./Core/Src/main.o
                0x080056f4                Kalman_getAngle
 .text.main     0x08005924       0x88 ./Core/Src/main.o
                0x08005924                main
 .text.SystemClock_Config
                0x080059ac       0x8a ./Core/Src/main.o
                0x080059ac                SystemClock_Config
 *fill*         0x08005a36        0x2 
 .text.MX_I2C1_Init
                0x08005a38       0x5c ./Core/Src/main.o
 .text.MX_I2C2_Init
                0x08005a94       0x5c ./Core/Src/main.o
 .text.MX_GPIO_Init
                0x08005af0       0x5c ./Core/Src/main.o
 .text.vSystemViewStartTask
                0x08005b4c       0x80 ./Core/Src/main.o
                0x08005b4c                vSystemViewStartTask
 .text.vConfigureTimerForRunTimeStats
                0x08005bcc       0x54 ./Core/Src/main.o
                0x08005bcc                vConfigureTimerForRunTimeStats
 .text.ulGetRunTimeCounterValue
                0x08005c20       0x12 ./Core/Src/main.o
                0x08005c20                ulGetRunTimeCounterValue
 *fill*         0x08005c32        0x2 
 .text.MPU6050Init
                0x08005c34       0xbc ./Core/Src/main.o
                0x08005c34                MPU6050Init
 .text.MPU6050ReadG
                0x08005cf0       0xd8 ./Core/Src/main.o
                0x08005cf0                MPU6050ReadG
 .text.MPU6050ReadA
                0x08005dc8       0xdc ./Core/Src/main.o
                0x08005dc8                MPU6050ReadA
 .text.TaskMPU6050_Read
                0x08005ea4      0x174 ./Core/Src/main.o
                0x08005ea4                TaskMPU6050_Read
 .text.TaskOLED_Display
                0x08006018       0xc4 ./Core/Src/main.o
                0x08006018                TaskOLED_Display
 .text.HAL_TIM_PeriodElapsedCallback
                0x080060dc       0x24 ./Core/Src/main.o
                0x080060dc                HAL_TIM_PeriodElapsedCallback
 .text.Error_Handler
                0x08006100        0xc ./Core/Src/main.o
                0x08006100                Error_Handler
 .text.SSD1306_Init
                0x0800610c      0x188 ./Core/Src/ssd1306.o
                0x0800610c                SSD1306_Init
 .text.SSD1306_UpdateScreen
                0x08006294       0x5c ./Core/Src/ssd1306.o
                0x08006294                SSD1306_UpdateScreen
 .text.SSD1306_Fill
                0x080062f0       0x30 ./Core/Src/ssd1306.o
                0x080062f0                SSD1306_Fill
 .text.SSD1306_DrawPixel
                0x08006320       0xbc ./Core/Src/ssd1306.o
                0x08006320                SSD1306_DrawPixel
 .text.SSD1306_GotoXY
                0x080063dc       0x2c ./Core/Src/ssd1306.o
                0x080063dc                SSD1306_GotoXY
 .text.SSD1306_Putc
                0x08006408       0xfc ./Core/Src/ssd1306.o
                0x08006408                SSD1306_Putc
 .text.SSD1306_Puts
                0x08006504       0x4a ./Core/Src/ssd1306.o
                0x08006504                SSD1306_Puts
 .text.SSD1306_Clear
                0x0800654e       0x12 ./Core/Src/ssd1306.o
                0x0800654e                SSD1306_Clear
 .text.ssd1306_I2C_Init
                0x08006560       0x28 ./Core/Src/ssd1306.o
                0x08006560                ssd1306_I2C_Init
 .text.ssd1306_I2C_WriteMulti
                0x08006588       0xcc ./Core/Src/ssd1306.o
                0x08006588                ssd1306_I2C_WriteMulti
 .text.ssd1306_I2C_Write
                0x08006654       0x3c ./Core/Src/ssd1306.o
                0x08006654                ssd1306_I2C_Write
 .text.HAL_MspInit
                0x08006690       0x64 ./Core/Src/stm32f1xx_hal_msp.o
                0x08006690                HAL_MspInit
 .text.HAL_I2C_MspInit
                0x080066f4       0xd8 ./Core/Src/stm32f1xx_hal_msp.o
                0x080066f4                HAL_I2C_MspInit
 .text.HAL_InitTick
                0x080067cc       0xe4 ./Core/Src/stm32f1xx_hal_timebase_tim.o
                0x080067cc                HAL_InitTick
 .text.NMI_Handler
                0x080068b0        0x8 ./Core/Src/stm32f1xx_it.o
                0x080068b0                NMI_Handler
 .text.HardFault_Handler
                0x080068b8        0x8 ./Core/Src/stm32f1xx_it.o
                0x080068b8                HardFault_Handler
 .text.MemManage_Handler
                0x080068c0        0x8 ./Core/Src/stm32f1xx_it.o
                0x080068c0                MemManage_Handler
 .text.BusFault_Handler
                0x080068c8        0x8 ./Core/Src/stm32f1xx_it.o
                0x080068c8                BusFault_Handler
 .text.UsageFault_Handler
                0x080068d0        0x8 ./Core/Src/stm32f1xx_it.o
                0x080068d0                UsageFault_Handler
 .text.TIM1_UP_IRQHandler
                0x080068d8       0x14 ./Core/Src/stm32f1xx_it.o
                0x080068d8                TIM1_UP_IRQHandler
 .text._getpid  0x080068ec        0xe ./Core/Src/syscalls.o
                0x080068ec                _getpid
 .text._kill    0x080068fa       0x20 ./Core/Src/syscalls.o
                0x080068fa                _kill
 .text._exit    0x0800691a       0x16 ./Core/Src/syscalls.o
                0x0800691a                _exit
 .text._read    0x08006930       0x3a ./Core/Src/syscalls.o
                0x08006930                _read
 .text._write   0x0800696a       0x38 ./Core/Src/syscalls.o
                0x0800696a                _write
 .text._close   0x080069a2       0x16 ./Core/Src/syscalls.o
                0x080069a2                _close
 .text._fstat   0x080069b8       0x1e ./Core/Src/syscalls.o
                0x080069b8                _fstat
 .text._isatty  0x080069d6       0x14 ./Core/Src/syscalls.o
                0x080069d6                _isatty
 .text._lseek   0x080069ea       0x18 ./Core/Src/syscalls.o
                0x080069ea                _lseek
 *fill*         0x08006a02        0x2 
 .text._sbrk    0x08006a04       0x6c ./Core/Src/sysmem.o
                0x08006a04                _sbrk
 .text.SystemInit
                0x08006a70        0xc ./Core/Src/system_stm32f1xx.o
                0x08006a70                SystemInit
 .text.Reset_Handler
                0x08006a7c       0x48 ./Core/Startup/startup_stm32f103c8tx.o
                0x08006a7c                Reset_Handler
 .text.Default_Handler
                0x08006ac4        0x2 ./Core/Startup/startup_stm32f103c8tx.o
                0x08006ac4                RTC_Alarm_IRQHandler
                0x08006ac4                EXTI2_IRQHandler
                0x08006ac4                DebugMon_Handler
                0x08006ac4                TIM1_CC_IRQHandler
                0x08006ac4                PVD_IRQHandler
                0x08006ac4                EXTI3_IRQHandler
                0x08006ac4                EXTI0_IRQHandler
                0x08006ac4                I2C2_EV_IRQHandler
                0x08006ac4                ADC1_2_IRQHandler
                0x08006ac4                SPI1_IRQHandler
                0x08006ac4                TAMPER_IRQHandler
                0x08006ac4                DMA1_Channel4_IRQHandler
                0x08006ac4                USART3_IRQHandler
                0x08006ac4                RTC_IRQHandler
                0x08006ac4                DMA1_Channel7_IRQHandler
                0x08006ac4                CAN1_RX1_IRQHandler
                0x08006ac4                TIM4_IRQHandler
                0x08006ac4                I2C1_EV_IRQHandler
                0x08006ac4                DMA1_Channel6_IRQHandler
                0x08006ac4                TIM3_IRQHandler
                0x08006ac4                RCC_IRQHandler
                0x08006ac4                TIM1_TRG_COM_IRQHandler
                0x08006ac4                DMA1_Channel1_IRQHandler
                0x08006ac4                Default_Handler
                0x08006ac4                EXTI15_10_IRQHandler
                0x08006ac4                EXTI9_5_IRQHandler
                0x08006ac4                SPI2_IRQHandler
                0x08006ac4                DMA1_Channel5_IRQHandler
                0x08006ac4                EXTI4_IRQHandler
                0x08006ac4                USB_LP_CAN1_RX0_IRQHandler
                0x08006ac4                USB_HP_CAN1_TX_IRQHandler
                0x08006ac4                DMA1_Channel3_IRQHandler
                0x08006ac4                WWDG_IRQHandler
                0x08006ac4                TIM2_IRQHandler
                0x08006ac4                TIM1_BRK_IRQHandler
                0x08006ac4                EXTI1_IRQHandler
                0x08006ac4                USART2_IRQHandler
                0x08006ac4                I2C2_ER_IRQHandler
                0x08006ac4                DMA1_Channel2_IRQHandler
                0x08006ac4                CAN1_SCE_IRQHandler
                0x08006ac4                FLASH_IRQHandler
                0x08006ac4                USART1_IRQHandler
                0x08006ac4                I2C1_ER_IRQHandler
                0x08006ac4                USBWakeUp_IRQHandler
 *fill*         0x08006ac6        0x2 
 .text.HAL_Init
                0x08006ac8       0x2c ./Drivers/STM32F1xx_HAL_Driver/Src/stm32f1xx_hal.o
                0x08006ac8                HAL_Init
 .text.HAL_IncTick
                0x08006af4       0x24 ./Drivers/STM32F1xx_HAL_Driver/Src/stm32f1xx_hal.o
                0x08006af4                HAL_IncTick
 .text.HAL_GetTick
                0x08006b18       0x14 ./Drivers/STM32F1xx_HAL_Driver/Src/stm32f1xx_hal.o
                0x08006b18                HAL_GetTick
 .text.__NVIC_SetPriorityGrouping
                0x08006b2c       0x48 ./Drivers/STM32F1xx_HAL_Driver/Src/stm32f1xx_hal_cortex.o
 .text.__NVIC_GetPriorityGrouping
                0x08006b74       0x1c ./Drivers/STM32F1xx_HAL_Driver/Src/stm32f1xx_hal_cortex.o
 .text.__NVIC_EnableIRQ
                0x08006b90       0x38 ./Drivers/STM32F1xx_HAL_Driver/Src/stm32f1xx_hal_cortex.o
 .text.__NVIC_SetPriority
                0x08006bc8       0x54 ./Drivers/STM32F1xx_HAL_Driver/Src/stm32f1xx_hal_cortex.o
 .text.NVIC_EncodePriority
                0x08006c1c       0x64 ./Drivers/STM32F1xx_HAL_Driver/Src/stm32f1xx_hal_cortex.o
 .text.HAL_NVIC_SetPriorityGrouping
                0x08006c80       0x16 ./Drivers/STM32F1xx_HAL_Driver/Src/stm32f1xx_hal_cortex.o
                0x08006c80                HAL_NVIC_SetPriorityGrouping
 .text.HAL_NVIC_SetPriority
                0x08006c96       0x38 ./Drivers/STM32F1xx_HAL_Driver/Src/stm32f1xx_hal_cortex.o
                0x08006c96                HAL_NVIC_SetPriority
 .text.HAL_NVIC_EnableIRQ
                0x08006cce       0x1c ./Drivers/STM32F1xx_HAL_Driver/Src/stm32f1xx_hal_cortex.o
                0x08006cce                HAL_NVIC_EnableIRQ
 *fill*         0x08006cea        0x2 
 .text.HAL_GPIO_Init
                0x08006cec      0x308 ./Drivers/STM32F1xx_HAL_Driver/Src/stm32f1xx_hal_gpio.o
                0x08006cec                HAL_GPIO_Init
 .text.HAL_I2C_Init
                0x08006ff4      0x288 ./Drivers/STM32F1xx_HAL_Driver/Src/stm32f1xx_hal_i2c.o
                0x08006ff4                HAL_I2C_Init
 .text.HAL_I2C_Master_Transmit
                0x0800727c      0x1fc ./Drivers/STM32F1xx_HAL_Driver/Src/stm32f1xx_hal_i2c.o
                0x0800727c                HAL_I2C_Master_Transmit
 .text.HAL_I2C_Mem_Write
                0x08007478      0x1f4 ./Drivers/STM32F1xx_HAL_Driver/Src/stm32f1xx_hal_i2c.o
                0x08007478                HAL_I2C_Mem_Write
 .text.HAL_I2C_Mem_Read
                0x0800766c      0x4e8 ./Drivers/STM32F1xx_HAL_Driver/Src/stm32f1xx_hal_i2c.o
                0x0800766c                HAL_I2C_Mem_Read
 .text.HAL_I2C_IsDeviceReady
                0x08007b54      0x25c ./Drivers/STM32F1xx_HAL_Driver/Src/stm32f1xx_hal_i2c.o
                0x08007b54                HAL_I2C_IsDeviceReady
 .text.I2C_MasterRequestWrite
                0x08007db0      0x104 ./Drivers/STM32F1xx_HAL_Driver/Src/stm32f1xx_hal_i2c.o
 .text.I2C_RequestMemoryWrite
                0x08007eb4      0x12c ./Drivers/STM32F1xx_HAL_Driver/Src/stm32f1xx_hal_i2c.o
 .text.I2C_RequestMemoryRead
                0x08007fe0      0x1d0 ./Drivers/STM32F1xx_HAL_Driver/Src/stm32f1xx_hal_i2c.o
 .text.I2C_WaitOnFlagUntilTimeout
                0x080081b0       0xf4 ./Drivers/STM32F1xx_HAL_Driver/Src/stm32f1xx_hal_i2c.o
 .text.I2C_WaitOnMasterAddressFlagUntilTimeout
                0x080082a4      0x140 ./Drivers/STM32F1xx_HAL_Driver/Src/stm32f1xx_hal_i2c.o
 .text.I2C_WaitOnTXEFlagUntilTimeout
                0x080083e4       0x90 ./Drivers/STM32F1xx_HAL_Driver/Src/stm32f1xx_hal_i2c.o
 .text.I2C_WaitOnBTFFlagUntilTimeout
                0x08008474       0x90 ./Drivers/STM32F1xx_HAL_Driver/Src/stm32f1xx_hal_i2c.o
 .text.I2C_WaitOnRXNEFlagUntilTimeout
                0x08008504       0xba ./Drivers/STM32F1xx_HAL_Driver/Src/stm32f1xx_hal_i2c.o
 .text.I2C_IsAcknowledgeFailed
                0x080085be       0x5c ./Drivers/STM32F1xx_HAL_Driver/Src/stm32f1xx_hal_i2c.o
 *fill*         0x0800861a        0x2 
 .text.HAL_RCC_OscConfig
                0x0800861c      0x504 ./Drivers/STM32F1xx_HAL_Driver/Src/stm32f1xx_hal_rcc.o
                0x0800861c                HAL_RCC_OscConfig
 .text.HAL_RCC_ClockConfig
                0x08008b20      0x1d4 ./Drivers/STM32F1xx_HAL_Driver/Src/stm32f1xx_hal_rcc.o
                0x08008b20                HAL_RCC_ClockConfig
 .text.HAL_RCC_GetSysClockFreq
                0x08008cf4       0xa8 ./Drivers/STM32F1xx_HAL_Driver/Src/stm32f1xx_hal_rcc.o
                0x08008cf4                HAL_RCC_GetSysClockFreq
 .text.HAL_RCC_GetHCLKFreq
                0x08008d9c       0x14 ./Drivers/STM32F1xx_HAL_Driver/Src/stm32f1xx_hal_rcc.o
                0x08008d9c                HAL_RCC_GetHCLKFreq
 .text.HAL_RCC_GetPCLK1Freq
                0x08008db0       0x28 ./Drivers/STM32F1xx_HAL_Driver/Src/stm32f1xx_hal_rcc.o
                0x08008db0                HAL_RCC_GetPCLK1Freq
 .text.HAL_RCC_GetPCLK2Freq
                0x08008dd8       0x28 ./Drivers/STM32F1xx_HAL_Driver/Src/stm32f1xx_hal_rcc.o
                0x08008dd8                HAL_RCC_GetPCLK2Freq
 .text.HAL_RCC_GetClockConfig
                0x08008e00       0x60 ./Drivers/STM32F1xx_HAL_Driver/Src/stm32f1xx_hal_rcc.o
                0x08008e00                HAL_RCC_GetClockConfig
 .text.RCC_Delay
                0x08008e60       0x3c ./Drivers/STM32F1xx_HAL_Driver/Src/stm32f1xx_hal_rcc.o
 .text.HAL_TIM_Base_Init
                0x08008e9c       0x9e ./Drivers/STM32F1xx_HAL_Driver/Src/stm32f1xx_hal_tim.o
                0x08008e9c                HAL_TIM_Base_Init
 .text.HAL_TIM_Base_MspInit
                0x08008f3a       0x12 ./Drivers/STM32F1xx_HAL_Driver/Src/stm32f1xx_hal_tim.o
                0x08008f3a                HAL_TIM_Base_MspInit
 .text.HAL_TIM_Base_Start_IT
                0x08008f4c       0xa4 ./Drivers/STM32F1xx_HAL_Driver/Src/stm32f1xx_hal_tim.o
                0x08008f4c                HAL_TIM_Base_Start_IT
 .text.HAL_TIM_IRQHandler
                0x08008ff0      0x1e0 ./Drivers/STM32F1xx_HAL_Driver/Src/stm32f1xx_hal_tim.o
                0x08008ff0                HAL_TIM_IRQHandler
 .text.HAL_TIM_OC_DelayElapsedCallback
                0x080091d0       0x12 ./Drivers/STM32F1xx_HAL_Driver/Src/stm32f1xx_hal_tim.o
                0x080091d0                HAL_TIM_OC_DelayElapsedCallback
 .text.HAL_TIM_IC_CaptureCallback
                0x080091e2       0x12 ./Drivers/STM32F1xx_HAL_Driver/Src/stm32f1xx_hal_tim.o
                0x080091e2                HAL_TIM_IC_CaptureCallback
 .text.HAL_TIM_PWM_PulseFinishedCallback
                0x080091f4       0x12 ./Drivers/STM32F1xx_HAL_Driver/Src/stm32f1xx_hal_tim.o
                0x080091f4                HAL_TIM_PWM_PulseFinishedCallback
 .text.HAL_TIM_TriggerCallback
                0x08009206       0x12 ./Drivers/STM32F1xx_HAL_Driver/Src/stm32f1xx_hal_tim.o
                0x08009206                HAL_TIM_TriggerCallback
 .text.TIM_Base_SetConfig
                0x08009218       0xdc ./Drivers/STM32F1xx_HAL_Driver/Src/stm32f1xx_hal_tim.o
                0x08009218                TIM_Base_SetConfig
 .text.HAL_TIMEx_CommutCallback
                0x080092f4       0x12 ./Drivers/STM32F1xx_HAL_Driver/Src/stm32f1xx_hal_tim_ex.o
                0x080092f4                HAL_TIMEx_CommutCallback
 .text.HAL_TIMEx_BreakCallback
                0x08009306       0x12 ./Drivers/STM32F1xx_HAL_Driver/Src/stm32f1xx_hal_tim_ex.o
                0x08009306                HAL_TIMEx_BreakCallback
 .text.__cvt    0x08009318       0xc8 D:/STM32CubeIDE_1.17.0/STM32CubeIDE/plugins/com.st.stm32cube.ide.mcu.externaltools.gnu-tools-for-stm32.12.3.rel1.win32_1.1.0.202410251130/tools/bin/../lib/gcc/arm-none-eabi/12.3.1/../../../../arm-none-eabi/lib/thumb/v7-m/nofp\libc_nano.a(libc_a-nano-vfprintf_float.o)
                0x08009318                __cvt
 .text.__exponent
                0x080093e0       0x74 D:/STM32CubeIDE_1.17.0/STM32CubeIDE/plugins/com.st.stm32cube.ide.mcu.externaltools.gnu-tools-for-stm32.12.3.rel1.win32_1.1.0.202410251130/tools/bin/../lib/gcc/arm-none-eabi/12.3.1/../../../../arm-none-eabi/lib/thumb/v7-m/nofp\libc_nano.a(libc_a-nano-vfprintf_float.o)
                0x080093e0                __exponent
 .text._printf_float
                0x08009454      0x458 D:/STM32CubeIDE_1.17.0/STM32CubeIDE/plugins/com.st.stm32cube.ide.mcu.externaltools.gnu-tools-for-stm32.12.3.rel1.win32_1.1.0.202410251130/tools/bin/../lib/gcc/arm-none-eabi/12.3.1/../../../../arm-none-eabi/lib/thumb/v7-m/nofp\libc_nano.a(libc_a-nano-vfprintf_float.o)
                0x08009454                _printf_float
 .text._printf_common
                0x080098ac       0xe4 D:/STM32CubeIDE_1.17.0/STM32CubeIDE/plugins/com.st.stm32cube.ide.mcu.externaltools.gnu-tools-for-stm32.12.3.rel1.win32_1.1.0.202410251130/tools/bin/../lib/gcc/arm-none-eabi/12.3.1/../../../../arm-none-eabi/lib/thumb/v7-m/nofp\libc_nano.a(libc_a-nano-vfprintf_i.o)
                0x080098ac                _printf_common
 .text._printf_i
                0x08009990      0x240 D:/STM32CubeIDE_1.17.0/STM32CubeIDE/plugins/com.st.stm32cube.ide.mcu.externaltools.gnu-tools-for-stm32.12.3.rel1.win32_1.1.0.202410251130/tools/bin/../lib/gcc/arm-none-eabi/12.3.1/../../../../arm-none-eabi/lib/thumb/v7-m/nofp\libc_nano.a(libc_a-nano-vfprintf_i.o)
                0x08009990                _printf_i
 .text.std      0x08009bd0       0x6c D:/STM32CubeIDE_1.17.0/STM32CubeIDE/plugins/com.st.stm32cube.ide.mcu.externaltools.gnu-tools-for-stm32.12.3.rel1.win32_1.1.0.202410251130/tools/bin/../lib/gcc/arm-none-eabi/12.3.1/../../../../arm-none-eabi/lib/thumb/v7-m/nofp\libc_nano.a(libc_a-findfp.o)
 .text.stdio_exit_handler
                0x08009c3c       0x18 D:/STM32CubeIDE_1.17.0/STM32CubeIDE/plugins/com.st.stm32cube.ide.mcu.externaltools.gnu-tools-for-stm32.12.3.rel1.win32_1.1.0.202410251130/tools/bin/../lib/gcc/arm-none-eabi/12.3.1/../../../../arm-none-eabi/lib/thumb/v7-m/nofp\libc_nano.a(libc_a-findfp.o)
 .text.cleanup_stdio
                0x08009c54       0x40 D:/STM32CubeIDE_1.17.0/STM32CubeIDE/plugins/com.st.stm32cube.ide.mcu.externaltools.gnu-tools-for-stm32.12.3.rel1.win32_1.1.0.202410251130/tools/bin/../lib/gcc/arm-none-eabi/12.3.1/../../../../arm-none-eabi/lib/thumb/v7-m/nofp\libc_nano.a(libc_a-findfp.o)
 .text.global_stdio_init.part.0
                0x08009c94       0x3c D:/STM32CubeIDE_1.17.0/STM32CubeIDE/plugins/com.st.stm32cube.ide.mcu.externaltools.gnu-tools-for-stm32.12.3.rel1.win32_1.1.0.202410251130/tools/bin/../lib/gcc/arm-none-eabi/12.3.1/../../../../arm-none-eabi/lib/thumb/v7-m/nofp\libc_nano.a(libc_a-findfp.o)
 .text.__sfp_lock_acquire
                0x08009cd0        0xc D:/STM32CubeIDE_1.17.0/STM32CubeIDE/plugins/com.st.stm32cube.ide.mcu.externaltools.gnu-tools-for-stm32.12.3.rel1.win32_1.1.0.202410251130/tools/bin/../lib/gcc/arm-none-eabi/12.3.1/../../../../arm-none-eabi/lib/thumb/v7-m/nofp\libc_nano.a(libc_a-findfp.o)
                0x08009cd0                __sfp_lock_acquire
 .text.__sfp_lock_release
                0x08009cdc        0xc D:/STM32CubeIDE_1.17.0/STM32CubeIDE/plugins/com.st.stm32cube.ide.mcu.externaltools.gnu-tools-for-stm32.12.3.rel1.win32_1.1.0.202410251130/tools/bin/../lib/gcc/arm-none-eabi/12.3.1/../../../../arm-none-eabi/lib/thumb/v7-m/nofp\libc_nano.a(libc_a-findfp.o)
                0x08009cdc                __sfp_lock_release
 .text.__sinit  0x08009ce8       0x30 D:/STM32CubeIDE_1.17.0/STM32CubeIDE/plugins/com.st.stm32cube.ide.mcu.externaltools.gnu-tools-for-stm32.12.3.rel1.win32_1.1.0.202410251130/tools/bin/../lib/gcc/arm-none-eabi/12.3.1/../../../../arm-none-eabi/lib/thumb/v7-m/nofp\libc_nano.a(libc_a-findfp.o)
                0x08009ce8                __sinit
 .text._fwalk_sglue
                0x08009d18       0x3c D:/STM32CubeIDE_1.17.0/STM32CubeIDE/plugins/com.st.stm32cube.ide.mcu.externaltools.gnu-tools-for-stm32.12.3.rel1.win32_1.1.0.202410251130/tools/bin/../lib/gcc/arm-none-eabi/12.3.1/../../../../arm-none-eabi/lib/thumb/v7-m/nofp\libc_nano.a(libc_a-fwalk.o)
                0x08009d18                _fwalk_sglue
 .text.sprintf  0x08009d54       0x40 D:/STM32CubeIDE_1.17.0/STM32CubeIDE/plugins/com.st.stm32cube.ide.mcu.externaltools.gnu-tools-for-stm32.12.3.rel1.win32_1.1.0.202410251130/tools/bin/../lib/gcc/arm-none-eabi/12.3.1/../../../../arm-none-eabi/lib/thumb/v7-m/nofp\libc_nano.a(libc_a-sprintf.o)
                0x08009d54                siprintf
                0x08009d54                sprintf
 .text.__sread  0x08009d94       0x22 D:/STM32CubeIDE_1.17.0/STM32CubeIDE/plugins/com.st.stm32cube.ide.mcu.externaltools.gnu-tools-for-stm32.12.3.rel1.win32_1.1.0.202410251130/tools/bin/../lib/gcc/arm-none-eabi/12.3.1/../../../../arm-none-eabi/lib/thumb/v7-m/nofp\libc_nano.a(libc_a-stdio.o)
                0x08009d94                __sread
 .text.__swrite
                0x08009db6       0x38 D:/STM32CubeIDE_1.17.0/STM32CubeIDE/plugins/com.st.stm32cube.ide.mcu.externaltools.gnu-tools-for-stm32.12.3.rel1.win32_1.1.0.202410251130/tools/bin/../lib/gcc/arm-none-eabi/12.3.1/../../../../arm-none-eabi/lib/thumb/v7-m/nofp\libc_nano.a(libc_a-stdio.o)
                0x08009db6                __swrite
 .text.__sseek  0x08009dee       0x24 D:/STM32CubeIDE_1.17.0/STM32CubeIDE/plugins/com.st.stm32cube.ide.mcu.externaltools.gnu-tools-for-stm32.12.3.rel1.win32_1.1.0.202410251130/tools/bin/../lib/gcc/arm-none-eabi/12.3.1/../../../../arm-none-eabi/lib/thumb/v7-m/nofp\libc_nano.a(libc_a-stdio.o)
                0x08009dee                __sseek
 .text.__sclose
                0x08009e12        0x8 D:/STM32CubeIDE_1.17.0/STM32CubeIDE/plugins/com.st.stm32cube.ide.mcu.externaltools.gnu-tools-for-stm32.12.3.rel1.win32_1.1.0.202410251130/tools/bin/../lib/gcc/arm-none-eabi/12.3.1/../../../../arm-none-eabi/lib/thumb/v7-m/nofp\libc_nano.a(libc_a-stdio.o)
                0x08009e12                __sclose
 .text.memcmp   0x08009e1a       0x20 D:/STM32CubeIDE_1.17.0/STM32CubeIDE/plugins/com.st.stm32cube.ide.mcu.externaltools.gnu-tools-for-stm32.12.3.rel1.win32_1.1.0.202410251130/tools/bin/../lib/gcc/arm-none-eabi/12.3.1/../../../../arm-none-eabi/lib/thumb/v7-m/nofp\libc_nano.a(libc_a-memcmp.o)
                0x08009e1a                memcmp
 .text.memset   0x08009e3a       0x10 D:/STM32CubeIDE_1.17.0/STM32CubeIDE/plugins/com.st.stm32cube.ide.mcu.externaltools.gnu-tools-for-stm32.12.3.rel1.win32_1.1.0.202410251130/tools/bin/../lib/gcc/arm-none-eabi/12.3.1/../../../../arm-none-eabi/lib/thumb/v7-m/nofp\libc_nano.a(libc_a-memset.o)
                0x08009e3a                memset
 *fill*         0x08009e4a        0x2 
 .text._localeconv_r
                0x08009e4c        0x8 D:/STM32CubeIDE_1.17.0/STM32CubeIDE/plugins/com.st.stm32cube.ide.mcu.externaltools.gnu-tools-for-stm32.12.3.rel1.win32_1.1.0.202410251130/tools/bin/../lib/gcc/arm-none-eabi/12.3.1/../../../../arm-none-eabi/lib/thumb/v7-m/nofp\libc_nano.a(libc_a-localeconv.o)
                0x08009e4c                _localeconv_r
 .text._close_r
                0x08009e54       0x20 D:/STM32CubeIDE_1.17.0/STM32CubeIDE/plugins/com.st.stm32cube.ide.mcu.externaltools.gnu-tools-for-stm32.12.3.rel1.win32_1.1.0.202410251130/tools/bin/../lib/gcc/arm-none-eabi/12.3.1/../../../../arm-none-eabi/lib/thumb/v7-m/nofp\libc_nano.a(libc_a-closer.o)
                0x08009e54                _close_r
 .text._lseek_r
                0x08009e74       0x24 D:/STM32CubeIDE_1.17.0/STM32CubeIDE/plugins/com.st.stm32cube.ide.mcu.externaltools.gnu-tools-for-stm32.12.3.rel1.win32_1.1.0.202410251130/tools/bin/../lib/gcc/arm-none-eabi/12.3.1/../../../../arm-none-eabi/lib/thumb/v7-m/nofp\libc_nano.a(libc_a-lseekr.o)
                0x08009e74                _lseek_r
 .text._read_r  0x08009e98       0x24 D:/STM32CubeIDE_1.17.0/STM32CubeIDE/plugins/com.st.stm32cube.ide.mcu.externaltools.gnu-tools-for-stm32.12.3.rel1.win32_1.1.0.202410251130/tools/bin/../lib/gcc/arm-none-eabi/12.3.1/../../../../arm-none-eabi/lib/thumb/v7-m/nofp\libc_nano.a(libc_a-readr.o)
                0x08009e98                _read_r
 .text._write_r
                0x08009ebc       0x24 D:/STM32CubeIDE_1.17.0/STM32CubeIDE/plugins/com.st.stm32cube.ide.mcu.externaltools.gnu-tools-for-stm32.12.3.rel1.win32_1.1.0.202410251130/tools/bin/../lib/gcc/arm-none-eabi/12.3.1/../../../../arm-none-eabi/lib/thumb/v7-m/nofp\libc_nano.a(libc_a-writer.o)
                0x08009ebc                _write_r
 .text.__errno  0x08009ee0        0xc D:/STM32CubeIDE_1.17.0/STM32CubeIDE/plugins/com.st.stm32cube.ide.mcu.externaltools.gnu-tools-for-stm32.12.3.rel1.win32_1.1.0.202410251130/tools/bin/../lib/gcc/arm-none-eabi/12.3.1/../../../../arm-none-eabi/lib/thumb/v7-m/nofp\libc_nano.a(libc_a-errno.o)
                0x08009ee0                __errno
 .text.__libc_init_array
                0x08009eec       0x48 D:/STM32CubeIDE_1.17.0/STM32CubeIDE/plugins/com.st.stm32cube.ide.mcu.externaltools.gnu-tools-for-stm32.12.3.rel1.win32_1.1.0.202410251130/tools/bin/../lib/gcc/arm-none-eabi/12.3.1/../../../../arm-none-eabi/lib/thumb/v7-m/nofp\libc_nano.a(libc_a-init.o)
                0x08009eec                __libc_init_array
 .text.__retarget_lock_init_recursive
                0x08009f34        0x2 D:/STM32CubeIDE_1.17.0/STM32CubeIDE/plugins/com.st.stm32cube.ide.mcu.externaltools.gnu-tools-for-stm32.12.3.rel1.win32_1.1.0.202410251130/tools/bin/../lib/gcc/arm-none-eabi/12.3.1/../../../../arm-none-eabi/lib/thumb/v7-m/nofp\libc_nano.a(libc_a-lock.o)
                0x08009f34                __retarget_lock_init_recursive
 .text.__retarget_lock_acquire_recursive
                0x08009f36        0x2 D:/STM32CubeIDE_1.17.0/STM32CubeIDE/plugins/com.st.stm32cube.ide.mcu.externaltools.gnu-tools-for-stm32.12.3.rel1.win32_1.1.0.202410251130/tools/bin/../lib/gcc/arm-none-eabi/12.3.1/../../../../arm-none-eabi/lib/thumb/v7-m/nofp\libc_nano.a(libc_a-lock.o)
                0x08009f36                __retarget_lock_acquire_recursive
 .text.__retarget_lock_release_recursive
                0x08009f38        0x2 D:/STM32CubeIDE_1.17.0/STM32CubeIDE/plugins/com.st.stm32cube.ide.mcu.externaltools.gnu-tools-for-stm32.12.3.rel1.win32_1.1.0.202410251130/tools/bin/../lib/gcc/arm-none-eabi/12.3.1/../../../../arm-none-eabi/lib/thumb/v7-m/nofp\libc_nano.a(libc_a-lock.o)
                0x08009f38                __retarget_lock_release_recursive
 .text.memchr   0x08009f3a       0x1c D:/STM32CubeIDE_1.17.0/STM32CubeIDE/plugins/com.st.stm32cube.ide.mcu.externaltools.gnu-tools-for-stm32.12.3.rel1.win32_1.1.0.202410251130/tools/bin/../lib/gcc/arm-none-eabi/12.3.1/../../../../arm-none-eabi/lib/thumb/v7-m/nofp\libc_nano.a(libc_a-memchr-stub.o)
                0x08009f3a                memchr
 .text.memcpy   0x08009f56       0x1c D:/STM32CubeIDE_1.17.0/STM32CubeIDE/plugins/com.st.stm32cube.ide.mcu.externaltools.gnu-tools-for-stm32.12.3.rel1.win32_1.1.0.202410251130/tools/bin/../lib/gcc/arm-none-eabi/12.3.1/../../../../arm-none-eabi/lib/thumb/v7-m/nofp\libc_nano.a(libc_a-memcpy-stub.o)
                0x08009f56                memcpy
 .text.quorem   0x08009f72      0x110 D:/STM32CubeIDE_1.17.0/STM32CubeIDE/plugins/com.st.stm32cube.ide.mcu.externaltools.gnu-tools-for-stm32.12.3.rel1.win32_1.1.0.202410251130/tools/bin/../lib/gcc/arm-none-eabi/12.3.1/../../../../arm-none-eabi/lib/thumb/v7-m/nofp\libc_nano.a(libc_a-dtoa.o)
 *fill*         0x0800a082        0x6 
 .text._dtoa_r  0x0800a088      0xb90 D:/STM32CubeIDE_1.17.0/STM32CubeIDE/plugins/com.st.stm32cube.ide.mcu.externaltools.gnu-tools-for-stm32.12.3.rel1.win32_1.1.0.202410251130/tools/bin/../lib/gcc/arm-none-eabi/12.3.1/../../../../arm-none-eabi/lib/thumb/v7-m/nofp\libc_nano.a(libc_a-dtoa.o)
                0x0800a088                _dtoa_r
 .text._free_r  0x0800ac18       0x90 D:/STM32CubeIDE_1.17.0/STM32CubeIDE/plugins/com.st.stm32cube.ide.mcu.externaltools.gnu-tools-for-stm32.12.3.rel1.win32_1.1.0.202410251130/tools/bin/../lib/gcc/arm-none-eabi/12.3.1/../../../../arm-none-eabi/lib/thumb/v7-m/nofp\libc_nano.a(libc_a-freer.o)
                0x0800ac18                _free_r
 .text.malloc   0x0800aca8       0x10 D:/STM32CubeIDE_1.17.0/STM32CubeIDE/plugins/com.st.stm32cube.ide.mcu.externaltools.gnu-tools-for-stm32.12.3.rel1.win32_1.1.0.202410251130/tools/bin/../lib/gcc/arm-none-eabi/12.3.1/../../../../arm-none-eabi/lib/thumb/v7-m/nofp\libc_nano.a(libc_a-malloc.o)
                0x0800aca8                malloc
 .text.sbrk_aligned
                0x0800acb8       0x44 D:/STM32CubeIDE_1.17.0/STM32CubeIDE/plugins/com.st.stm32cube.ide.mcu.externaltools.gnu-tools-for-stm32.12.3.rel1.win32_1.1.0.202410251130/tools/bin/../lib/gcc/arm-none-eabi/12.3.1/../../../../arm-none-eabi/lib/thumb/v7-m/nofp\libc_nano.a(libc_a-mallocr.o)
 .text._malloc_r
                0x0800acfc      0x100 D:/STM32CubeIDE_1.17.0/STM32CubeIDE/plugins/com.st.stm32cube.ide.mcu.externaltools.gnu-tools-for-stm32.12.3.rel1.win32_1.1.0.202410251130/tools/bin/../lib/gcc/arm-none-eabi/12.3.1/../../../../arm-none-eabi/lib/thumb/v7-m/nofp\libc_nano.a(libc_a-mallocr.o)
                0x0800acfc                _malloc_r
 .text.__malloc_lock
                0x0800adfc        0xc D:/STM32CubeIDE_1.17.0/STM32CubeIDE/plugins/com.st.stm32cube.ide.mcu.externaltools.gnu-tools-for-stm32.12.3.rel1.win32_1.1.0.202410251130/tools/bin/../lib/gcc/arm-none-eabi/12.3.1/../../../../arm-none-eabi/lib/thumb/v7-m/nofp\libc_nano.a(libc_a-mlock.o)
                0x0800adfc                __malloc_lock
 .text.__malloc_unlock
                0x0800ae08        0xc D:/STM32CubeIDE_1.17.0/STM32CubeIDE/plugins/com.st.stm32cube.ide.mcu.externaltools.gnu-tools-for-stm32.12.3.rel1.win32_1.1.0.202410251130/tools/bin/../lib/gcc/arm-none-eabi/12.3.1/../../../../arm-none-eabi/lib/thumb/v7-m/nofp\libc_nano.a(libc_a-mlock.o)
                0x0800ae08                __malloc_unlock
 .text._Balloc  0x0800ae14       0x80 D:/STM32CubeIDE_1.17.0/STM32CubeIDE/plugins/com.st.stm32cube.ide.mcu.externaltools.gnu-tools-for-stm32.12.3.rel1.win32_1.1.0.202410251130/tools/bin/../lib/gcc/arm-none-eabi/12.3.1/../../../../arm-none-eabi/lib/thumb/v7-m/nofp\libc_nano.a(libc_a-mprec.o)
                0x0800ae14                _Balloc
 .text._Bfree   0x0800ae94       0x44 D:/STM32CubeIDE_1.17.0/STM32CubeIDE/plugins/com.st.stm32cube.ide.mcu.externaltools.gnu-tools-for-stm32.12.3.rel1.win32_1.1.0.202410251130/tools/bin/../lib/gcc/arm-none-eabi/12.3.1/../../../../arm-none-eabi/lib/thumb/v7-m/nofp\libc_nano.a(libc_a-mprec.o)
                0x0800ae94                _Bfree
 .text.__multadd
                0x0800aed8       0x8c D:/STM32CubeIDE_1.17.0/STM32CubeIDE/plugins/com.st.stm32cube.ide.mcu.externaltools.gnu-tools-for-stm32.12.3.rel1.win32_1.1.0.202410251130/tools/bin/../lib/gcc/arm-none-eabi/12.3.1/../../../../arm-none-eabi/lib/thumb/v7-m/nofp\libc_nano.a(libc_a-mprec.o)
                0x0800aed8                __multadd
 .text.__hi0bits
                0x0800af64       0x3e D:/STM32CubeIDE_1.17.0/STM32CubeIDE/plugins/com.st.stm32cube.ide.mcu.externaltools.gnu-tools-for-stm32.12.3.rel1.win32_1.1.0.202410251130/tools/bin/../lib/gcc/arm-none-eabi/12.3.1/../../../../arm-none-eabi/lib/thumb/v7-m/nofp\libc_nano.a(libc_a-mprec.o)
                0x0800af64                __hi0bits
 .text.__lo0bits
                0x0800afa2       0x5a D:/STM32CubeIDE_1.17.0/STM32CubeIDE/plugins/com.st.stm32cube.ide.mcu.externaltools.gnu-tools-for-stm32.12.3.rel1.win32_1.1.0.202410251130/tools/bin/../lib/gcc/arm-none-eabi/12.3.1/../../../../arm-none-eabi/lib/thumb/v7-m/nofp\libc_nano.a(libc_a-mprec.o)
                0x0800afa2                __lo0bits
 .text.__i2b    0x0800affc       0x2c D:/STM32CubeIDE_1.17.0/STM32CubeIDE/plugins/com.st.stm32cube.ide.mcu.externaltools.gnu-tools-for-stm32.12.3.rel1.win32_1.1.0.202410251130/tools/bin/../lib/gcc/arm-none-eabi/12.3.1/../../../../arm-none-eabi/lib/thumb/v7-m/nofp\libc_nano.a(libc_a-mprec.o)
                0x0800affc                __i2b
 .text.__multiply
                0x0800b028      0x150 D:/STM32CubeIDE_1.17.0/STM32CubeIDE/plugins/com.st.stm32cube.ide.mcu.externaltools.gnu-tools-for-stm32.12.3.rel1.win32_1.1.0.202410251130/tools/bin/../lib/gcc/arm-none-eabi/12.3.1/../../../../arm-none-eabi/lib/thumb/v7-m/nofp\libc_nano.a(libc_a-mprec.o)
                0x0800b028                __multiply
 .text.__pow5mult
                0x0800b178       0xb4 D:/STM32CubeIDE_1.17.0/STM32CubeIDE/plugins/com.st.stm32cube.ide.mcu.externaltools.gnu-tools-for-stm32.12.3.rel1.win32_1.1.0.202410251130/tools/bin/../lib/gcc/arm-none-eabi/12.3.1/../../../../arm-none-eabi/lib/thumb/v7-m/nofp\libc_nano.a(libc_a-mprec.o)
                0x0800b178                __pow5mult
 .text.__lshift
                0x0800b22c       0xd8 D:/STM32CubeIDE_1.17.0/STM32CubeIDE/plugins/com.st.stm32cube.ide.mcu.externaltools.gnu-tools-for-stm32.12.3.rel1.win32_1.1.0.202410251130/tools/bin/../lib/gcc/arm-none-eabi/12.3.1/../../../../arm-none-eabi/lib/thumb/v7-m/nofp\libc_nano.a(libc_a-mprec.o)
                0x0800b22c                __lshift
 .text.__mcmp   0x0800b304       0x36 D:/STM32CubeIDE_1.17.0/STM32CubeIDE/plugins/com.st.stm32cube.ide.mcu.externaltools.gnu-tools-for-stm32.12.3.rel1.win32_1.1.0.202410251130/tools/bin/../lib/gcc/arm-none-eabi/12.3.1/../../../../arm-none-eabi/lib/thumb/v7-m/nofp\libc_nano.a(libc_a-mprec.o)
                0x0800b304                __mcmp
 *fill*         0x0800b33a        0x2 
 .text.__mdiff  0x0800b33c      0x128 D:/STM32CubeIDE_1.17.0/STM32CubeIDE/plugins/com.st.stm32cube.ide.mcu.externaltools.gnu-tools-for-stm32.12.3.rel1.win32_1.1.0.202410251130/tools/bin/../lib/gcc/arm-none-eabi/12.3.1/../../../../arm-none-eabi/lib/thumb/v7-m/nofp\libc_nano.a(libc_a-mprec.o)
                0x0800b33c                __mdiff
 .text.__d2b    0x0800b464       0xb0 D:/STM32CubeIDE_1.17.0/STM32CubeIDE/plugins/com.st.stm32cube.ide.mcu.externaltools.gnu-tools-for-stm32.12.3.rel1.win32_1.1.0.202410251130/tools/bin/../lib/gcc/arm-none-eabi/12.3.1/../../../../arm-none-eabi/lib/thumb/v7-m/nofp\libc_nano.a(libc_a-mprec.o)
                0x0800b464                __d2b
 .text.__ssputs_r
                0x0800b514       0xb6 D:/STM32CubeIDE_1.17.0/STM32CubeIDE/plugins/com.st.stm32cube.ide.mcu.externaltools.gnu-tools-for-stm32.12.3.rel1.win32_1.1.0.202410251130/tools/bin/../lib/gcc/arm-none-eabi/12.3.1/../../../../arm-none-eabi/lib/thumb/v7-m/nofp\libc_nano.a(libc_a-nano-svfprintf.o)
                0x0800b514                __ssputs_r
 *fill*         0x0800b5ca        0x2 
 .text._svfprintf_r
                0x0800b5cc      0x1f8 D:/STM32CubeIDE_1.17.0/STM32CubeIDE/plugins/com.st.stm32cube.ide.mcu.externaltools.gnu-tools-for-stm32.12.3.rel1.win32_1.1.0.202410251130/tools/bin/../lib/gcc/arm-none-eabi/12.3.1/../../../../arm-none-eabi/lib/thumb/v7-m/nofp\libc_nano.a(libc_a-nano-svfprintf.o)
                0x0800b5cc                _svfiprintf_r
                0x0800b5cc                _svfprintf_r
 .text.__sflush_r
                0x0800b7c4      0x100 D:/STM32CubeIDE_1.17.0/STM32CubeIDE/plugins/com.st.stm32cube.ide.mcu.externaltools.gnu-tools-for-stm32.12.3.rel1.win32_1.1.0.202410251130/tools/bin/../lib/gcc/arm-none-eabi/12.3.1/../../../../arm-none-eabi/lib/thumb/v7-m/nofp\libc_nano.a(libc_a-fflush.o)
                0x0800b7c4                __sflush_r
 .text._fflush_r
                0x0800b8c4       0x50 D:/STM32CubeIDE_1.17.0/STM32CubeIDE/plugins/com.st.stm32cube.ide.mcu.externaltools.gnu-tools-for-stm32.12.3.rel1.win32_1.1.0.202410251130/tools/bin/../lib/gcc/arm-none-eabi/12.3.1/../../../../arm-none-eabi/lib/thumb/v7-m/nofp\libc_nano.a(libc_a-fflush.o)
                0x0800b8c4                _fflush_r
 .text.memmove  0x0800b914       0x34 D:/STM32CubeIDE_1.17.0/STM32CubeIDE/plugins/com.st.stm32cube.ide.mcu.externaltools.gnu-tools-for-stm32.12.3.rel1.win32_1.1.0.202410251130/tools/bin/../lib/gcc/arm-none-eabi/12.3.1/../../../../arm-none-eabi/lib/thumb/v7-m/nofp\libc_nano.a(libc_a-memmove.o)
                0x0800b914                memmove
 .text._sbrk_r  0x0800b948       0x20 D:/STM32CubeIDE_1.17.0/STM32CubeIDE/plugins/com.st.stm32cube.ide.mcu.externaltools.gnu-tools-for-stm32.12.3.rel1.win32_1.1.0.202410251130/tools/bin/../lib/gcc/arm-none-eabi/12.3.1/../../../../arm-none-eabi/lib/thumb/v7-m/nofp\libc_nano.a(libc_a-sbrkr.o)
                0x0800b948                _sbrk_r
 .text.__assert_func
                0x0800b968       0x3c D:/STM32CubeIDE_1.17.0/STM32CubeIDE/plugins/com.st.stm32cube.ide.mcu.externaltools.gnu-tools-for-stm32.12.3.rel1.win32_1.1.0.202410251130/tools/bin/../lib/gcc/arm-none-eabi/12.3.1/../../../../arm-none-eabi/lib/thumb/v7-m/nofp\libc_nano.a(libc_a-assert.o)
                0x0800b968                __assert_func
 .text._calloc_r
                0x0800b9a4       0x28 D:/STM32CubeIDE_1.17.0/STM32CubeIDE/plugins/com.st.stm32cube.ide.mcu.externaltools.gnu-tools-for-stm32.12.3.rel1.win32_1.1.0.202410251130/tools/bin/../lib/gcc/arm-none-eabi/12.3.1/../../../../arm-none-eabi/lib/thumb/v7-m/nofp\libc_nano.a(libc_a-callocr.o)
                0x0800b9a4                _calloc_r
 .text.__ascii_mbtowc
                0x0800b9cc       0x24 D:/STM32CubeIDE_1.17.0/STM32CubeIDE/plugins/com.st.stm32cube.ide.mcu.externaltools.gnu-tools-for-stm32.12.3.rel1.win32_1.1.0.202410251130/tools/bin/../lib/gcc/arm-none-eabi/12.3.1/../../../../arm-none-eabi/lib/thumb/v7-m/nofp\libc_nano.a(libc_a-mbtowc_r.o)
                0x0800b9cc                __ascii_mbtowc
 .text._realloc_r
                0x0800b9f0       0x5c D:/STM32CubeIDE_1.17.0/STM32CubeIDE/plugins/com.st.stm32cube.ide.mcu.externaltools.gnu-tools-for-stm32.12.3.rel1.win32_1.1.0.202410251130/tools/bin/../lib/gcc/arm-none-eabi/12.3.1/../../../../arm-none-eabi/lib/thumb/v7-m/nofp\libc_nano.a(libc_a-reallocr.o)
                0x0800b9f0                _realloc_r
 .text.__ascii_wctomb
                0x0800ba4c       0x1a D:/STM32CubeIDE_1.17.0/STM32CubeIDE/plugins/com.st.stm32cube.ide.mcu.externaltools.gnu-tools-for-stm32.12.3.rel1.win32_1.1.0.202410251130/tools/bin/../lib/gcc/arm-none-eabi/12.3.1/../../../../arm-none-eabi/lib/thumb/v7-m/nofp\libc_nano.a(libc_a-wctomb_r.o)
                0x0800ba4c                __ascii_wctomb
 *fill*         0x0800ba66        0x2 
 .text.fprintf  0x0800ba68       0x24 D:/STM32CubeIDE_1.17.0/STM32CubeIDE/plugins/com.st.stm32cube.ide.mcu.externaltools.gnu-tools-for-stm32.12.3.rel1.win32_1.1.0.202410251130/tools/bin/../lib/gcc/arm-none-eabi/12.3.1/../../../../arm-none-eabi/lib/thumb/v7-m/nofp\libc_nano.a(libc_a-fprintf.o)
                0x0800ba68                fiprintf
                0x0800ba68                fprintf
 .text.abort    0x0800ba8c        0xe D:/STM32CubeIDE_1.17.0/STM32CubeIDE/plugins/com.st.stm32cube.ide.mcu.externaltools.gnu-tools-for-stm32.12.3.rel1.win32_1.1.0.202410251130/tools/bin/../lib/gcc/arm-none-eabi/12.3.1/../../../../arm-none-eabi/lib/thumb/v7-m/nofp\libc_nano.a(libc_a-abort.o)
                0x0800ba8c                abort
 .text._malloc_usable_size_r
                0x0800ba9a       0x10 D:/STM32CubeIDE_1.17.0/STM32CubeIDE/plugins/com.st.stm32cube.ide.mcu.externaltools.gnu-tools-for-stm32.12.3.rel1.win32_1.1.0.202410251130/tools/bin/../lib/gcc/arm-none-eabi/12.3.1/../../../../arm-none-eabi/lib/thumb/v7-m/nofp\libc_nano.a(libc_a-msizer.o)
                0x0800ba9a                _malloc_usable_size_r
 .text.__sfputc_r
                0x0800baaa       0x2a D:/STM32CubeIDE_1.17.0/STM32CubeIDE/plugins/com.st.stm32cube.ide.mcu.externaltools.gnu-tools-for-stm32.12.3.rel1.win32_1.1.0.202410251130/tools/bin/../lib/gcc/arm-none-eabi/12.3.1/../../../../arm-none-eabi/lib/thumb/v7-m/nofp\libc_nano.a(libc_a-nano-vfprintf.o)
 .text.__sfputs_r
                0x0800bad4       0x24 D:/STM32CubeIDE_1.17.0/STM32CubeIDE/plugins/com.st.stm32cube.ide.mcu.externaltools.gnu-tools-for-stm32.12.3.rel1.win32_1.1.0.202410251130/tools/bin/../lib/gcc/arm-none-eabi/12.3.1/../../../../arm-none-eabi/lib/thumb/v7-m/nofp\libc_nano.a(libc_a-nano-vfprintf.o)
                0x0800bad4                __sfputs_r
 .text._vfprintf_r
                0x0800baf8      0x230 D:/STM32CubeIDE_1.17.0/STM32CubeIDE/plugins/com.st.stm32cube.ide.mcu.externaltools.gnu-tools-for-stm32.12.3.rel1.win32_1.1.0.202410251130/tools/bin/../lib/gcc/arm-none-eabi/12.3.1/../../../../arm-none-eabi/lib/thumb/v7-m/nofp\libc_nano.a(libc_a-nano-vfprintf.o)
                0x0800baf8                _vfprintf_r
                0x0800baf8                _vfiprintf_r
 .text.__swbuf_r
                0x0800bd28       0x7c D:/STM32CubeIDE_1.17.0/STM32CubeIDE/plugins/com.st.stm32cube.ide.mcu.externaltools.gnu-tools-for-stm32.12.3.rel1.win32_1.1.0.202410251130/tools/bin/../lib/gcc/arm-none-eabi/12.3.1/../../../../arm-none-eabi/lib/thumb/v7-m/nofp\libc_nano.a(libc_a-wbuf.o)
                0x0800bd28                __swbuf_r
 .text.__swsetup_r
                0x0800bda4       0xac D:/STM32CubeIDE_1.17.0/STM32CubeIDE/plugins/com.st.stm32cube.ide.mcu.externaltools.gnu-tools-for-stm32.12.3.rel1.win32_1.1.0.202410251130/tools/bin/../lib/gcc/arm-none-eabi/12.3.1/../../../../arm-none-eabi/lib/thumb/v7-m/nofp\libc_nano.a(libc_a-wsetup.o)
                0x0800bda4                __swsetup_r
 .text._raise_r
                0x0800be50       0x50 D:/STM32CubeIDE_1.17.0/STM32CubeIDE/plugins/com.st.stm32cube.ide.mcu.externaltools.gnu-tools-for-stm32.12.3.rel1.win32_1.1.0.202410251130/tools/bin/../lib/gcc/arm-none-eabi/12.3.1/../../../../arm-none-eabi/lib/thumb/v7-m/nofp\libc_nano.a(libc_a-signal.o)
                0x0800be50                _raise_r
 .text.raise    0x0800bea0       0x10 D:/STM32CubeIDE_1.17.0/STM32CubeIDE/plugins/com.st.stm32cube.ide.mcu.externaltools.gnu-tools-for-stm32.12.3.rel1.win32_1.1.0.202410251130/tools/bin/../lib/gcc/arm-none-eabi/12.3.1/../../../../arm-none-eabi/lib/thumb/v7-m/nofp\libc_nano.a(libc_a-signal.o)
                0x0800bea0                raise
 .text._kill_r  0x0800beb0       0x24 D:/STM32CubeIDE_1.17.0/STM32CubeIDE/plugins/com.st.stm32cube.ide.mcu.externaltools.gnu-tools-for-stm32.12.3.rel1.win32_1.1.0.202410251130/tools/bin/../lib/gcc/arm-none-eabi/12.3.1/../../../../arm-none-eabi/lib/thumb/v7-m/nofp\libc_nano.a(libc_a-signalr.o)
                0x0800beb0                _kill_r
 .text._getpid_r
                0x0800bed4        0x4 D:/STM32CubeIDE_1.17.0/STM32CubeIDE/plugins/com.st.stm32cube.ide.mcu.externaltools.gnu-tools-for-stm32.12.3.rel1.win32_1.1.0.202410251130/tools/bin/../lib/gcc/arm-none-eabi/12.3.1/../../../../arm-none-eabi/lib/thumb/v7-m/nofp\libc_nano.a(libc_a-signalr.o)
                0x0800bed4                _getpid_r
 .text.__swhatbuf_r
                0x0800bed8       0x4a D:/STM32CubeIDE_1.17.0/STM32CubeIDE/plugins/com.st.stm32cube.ide.mcu.externaltools.gnu-tools-for-stm32.12.3.rel1.win32_1.1.0.202410251130/tools/bin/../lib/gcc/arm-none-eabi/12.3.1/../../../../arm-none-eabi/lib/thumb/v7-m/nofp\libc_nano.a(libc_a-makebuf.o)
                0x0800bed8                __swhatbuf_r
 .text.__smakebuf_r
                0x0800bf22       0x78 D:/STM32CubeIDE_1.17.0/STM32CubeIDE/plugins/com.st.stm32cube.ide.mcu.externaltools.gnu-tools-for-stm32.12.3.rel1.win32_1.1.0.202410251130/tools/bin/../lib/gcc/arm-none-eabi/12.3.1/../../../../arm-none-eabi/lib/thumb/v7-m/nofp\libc_nano.a(libc_a-makebuf.o)
                0x0800bf22                __smakebuf_r
 *fill*         0x0800bf9a        0x2 
 .text._fstat_r
                0x0800bf9c       0x24 D:/STM32CubeIDE_1.17.0/STM32CubeIDE/plugins/com.st.stm32cube.ide.mcu.externaltools.gnu-tools-for-stm32.12.3.rel1.win32_1.1.0.202410251130/tools/bin/../lib/gcc/arm-none-eabi/12.3.1/../../../../arm-none-eabi/lib/thumb/v7-m/nofp\libc_nano.a(libc_a-fstatr.o)
                0x0800bf9c                _fstat_r
 .text._isatty_r
                0x0800bfc0       0x20 D:/STM32CubeIDE_1.17.0/STM32CubeIDE/plugins/com.st.stm32cube.ide.mcu.externaltools.gnu-tools-for-stm32.12.3.rel1.win32_1.1.0.202410251130/tools/bin/../lib/gcc/arm-none-eabi/12.3.1/../../../../arm-none-eabi/lib/thumb/v7-m/nofp\libc_nano.a(libc_a-isattyr.o)
                0x0800bfc0                _isatty_r
 .text.atan2f   0x0800bfe0        0x4 D:/STM32CubeIDE_1.17.0/STM32CubeIDE/plugins/com.st.stm32cube.ide.mcu.externaltools.gnu-tools-for-stm32.12.3.rel1.win32_1.1.0.202410251130/tools/bin/../lib/gcc/arm-none-eabi/12.3.1/../../../../arm-none-eabi/lib/thumb/v7-m/nofp\libm.a(libm_a-wf_atan2.o)
                0x0800bfe0                atan2f
 .text.sqrtf    0x0800bfe4       0x34 D:/STM32CubeIDE_1.17.0/STM32CubeIDE/plugins/com.st.stm32cube.ide.mcu.externaltools.gnu-tools-for-stm32.12.3.rel1.win32_1.1.0.202410251130/tools/bin/../lib/gcc/arm-none-eabi/12.3.1/../../../../arm-none-eabi/lib/thumb/v7-m/nofp\libm.a(libm_a-wf_sqrt.o)
                0x0800bfe4                sqrtf
 .text.__ieee754_sqrtf
                0x0800c018       0xe0 D:/STM32CubeIDE_1.17.0/STM32CubeIDE/plugins/com.st.stm32cube.ide.mcu.externaltools.gnu-tools-for-stm32.12.3.rel1.win32_1.1.0.202410251130/tools/bin/../lib/gcc/arm-none-eabi/12.3.1/../../../../arm-none-eabi/lib/thumb/v7-m/nofp\libm.a(libm_a-ef_sqrt.o)
                0x0800c018                __ieee754_sqrtf
 .text.__ieee754_atan2f
                0x0800c0f8      0x110 D:/STM32CubeIDE_1.17.0/STM32CubeIDE/plugins/com.st.stm32cube.ide.mcu.externaltools.gnu-tools-for-stm32.12.3.rel1.win32_1.1.0.202410251130/tools/bin/../lib/gcc/arm-none-eabi/12.3.1/../../../../arm-none-eabi/lib/thumb/v7-m/nofp\libm.a(libm_a-ef_atan2.o)
                0x0800c0f8                __ieee754_atan2f
 .text.atanf    0x0800c208      0x218 D:/STM32CubeIDE_1.17.0/STM32CubeIDE/plugins/com.st.stm32cube.ide.mcu.externaltools.gnu-tools-for-stm32.12.3.rel1.win32_1.1.0.202410251130/tools/bin/../lib/gcc/arm-none-eabi/12.3.1/../../../../arm-none-eabi/lib/thumb/v7-m/nofp\libm.a(libm_a-sf_atan.o)
                0x0800c208                atanf
 .text.fabsf    0x0800c420        0x6 D:/STM32CubeIDE_1.17.0/STM32CubeIDE/plugins/com.st.stm32cube.ide.mcu.externaltools.gnu-tools-for-stm32.12.3.rel1.win32_1.1.0.202410251130/tools/bin/../lib/gcc/arm-none-eabi/12.3.1/../../../../arm-none-eabi/lib/thumb/v7-m/nofp\libm.a(libm_a-sf_fabs.o)
                0x0800c420                fabsf
 *(.glue_7)
 .glue_7        0x0800c426        0x0 linker stubs
 *(.glue_7t)
 .glue_7t       0x0800c426        0x0 linker stubs
 *(.eh_frame)
 *fill*         0x0800c426        0x2 
 .eh_frame      0x0800c428        0x0 D:/STM32CubeIDE_1.17.0/STM32CubeIDE/plugins/com.st.stm32cube.ide.mcu.externaltools.gnu-tools-for-stm32.12.3.rel1.win32_1.1.0.202410251130/tools/bin/../lib/gcc/arm-none-eabi/12.3.1/thumb/v7-m/nofp/crtbegin.o
 *(.init)
 .init          0x0800c428        0x4 D:/STM32CubeIDE_1.17.0/STM32CubeIDE/plugins/com.st.stm32cube.ide.mcu.externaltools.gnu-tools-for-stm32.12.3.rel1.win32_1.1.0.202410251130/tools/bin/../lib/gcc/arm-none-eabi/12.3.1/thumb/v7-m/nofp/crti.o
                0x0800c428                _init
 .init          0x0800c42c        0x8 D:/STM32CubeIDE_1.17.0/STM32CubeIDE/plugins/com.st.stm32cube.ide.mcu.externaltools.gnu-tools-for-stm32.12.3.rel1.win32_1.1.0.202410251130/tools/bin/../lib/gcc/arm-none-eabi/12.3.1/thumb/v7-m/nofp/crtn.o
 *(.fini)
 .fini          0x0800c434        0x4 D:/STM32CubeIDE_1.17.0/STM32CubeIDE/plugins/com.st.stm32cube.ide.mcu.externaltools.gnu-tools-for-stm32.12.3.rel1.win32_1.1.0.202410251130/tools/bin/../lib/gcc/arm-none-eabi/12.3.1/thumb/v7-m/nofp/crti.o
                0x0800c434                _fini
 .fini          0x0800c438        0x8 D:/STM32CubeIDE_1.17.0/STM32CubeIDE/plugins/com.st.stm32cube.ide.mcu.externaltools.gnu-tools-for-stm32.12.3.rel1.win32_1.1.0.202410251130/tools/bin/../lib/gcc/arm-none-eabi/12.3.1/thumb/v7-m/nofp/crtn.o
                0x0800c440                        . = ALIGN (0x4)
                0x0800c440                        _etext = .

.vfp11_veneer   0x0800c440        0x0
 .vfp11_veneer  0x0800c440        0x0 linker stubs

.v4_bx          0x0800c440        0x0
 .v4_bx         0x0800c440        0x0 linker stubs

.iplt           0x0800c440        0x0
 .iplt          0x0800c440        0x0 D:/STM32CubeIDE_1.17.0/STM32CubeIDE/plugins/com.st.stm32cube.ide.mcu.externaltools.gnu-tools-for-stm32.12.3.rel1.win32_1.1.0.202410251130/tools/bin/../lib/gcc/arm-none-eabi/12.3.1/thumb/v7-m/nofp/crtbegin.o

.rodata         0x0800c440      0xca0
                0x0800c440                        . = ALIGN (0x4)
 *(.rodata)
 .rodata        0x0800c440       0x41 ./Core/FreeRTOS/SEGGER/Config/SEGGER_SYSVIEW_Config_FreeRTOS.o
 *fill*         0x0800c481        0x3 
 .rodata        0x0800c484       0x58 ./Core/FreeRTOS/SEGGER/OS/SEGGER_SYSVIEW_FreeRTOS.o
 .rodata        0x0800c4dc        0x9 ./Core/FreeRTOS/SEGGER/SEGGER/SEGGER_RTT.o
 *fill*         0x0800c4e5        0x3 
 .rodata        0x0800c4e8       0x10 ./Core/FreeRTOS/SEGGER/SEGGER/SEGGER_SYSVIEW.o
 .rodata        0x0800c4f8       0x30 ./Core/FreeRTOS/tasks.o
 .rodata        0x0800c528        0xd ./Core/FreeRTOS/timers.o
 *fill*         0x0800c535        0x3 
 .rodata        0x0800c538       0x44 ./Core/Src/main.o
 *(.rodata*)
 .rodata.SYSVIEW_X_OS_TraceAPI
                0x0800c57c        0x8 ./Core/FreeRTOS/SEGGER/OS/SEGGER_SYSVIEW_FreeRTOS.o
                0x0800c57c                SYSVIEW_X_OS_TraceAPI
 .rodata._aInitStr.0
                0x0800c584       0x11 ./Core/FreeRTOS/SEGGER/SEGGER/SEGGER_RTT.o
 *fill*         0x0800c595        0x3 
 .rodata._abSync
                0x0800c598        0xa ./Core/FreeRTOS/SEGGER/SEGGER/SEGGER_SYSVIEW.o
 *fill*         0x0800c5a2        0x2 
 .rodata.Font7x10
                0x0800c5a4      0x76c ./Core/Src/fonts.o
                0x0800c5a4                Font7x10
 .rodata.AHBPrescTable
                0x0800cd10       0x10 ./Core/Src/system_stm32f1xx.o
                0x0800cd10                AHBPrescTable
 .rodata.APBPrescTable
                0x0800cd20        0x8 ./Core/Src/system_stm32f1xx.o
                0x0800cd20                APBPrescTable
 .rodata.aPLLMULFactorTable.1
                0x0800cd28       0x10 ./Drivers/STM32F1xx_HAL_Driver/Src/stm32f1xx_hal_rcc.o
 .rodata.aPredivFactorTable.0
                0x0800cd38        0x2 ./Drivers/STM32F1xx_HAL_Driver/Src/stm32f1xx_hal_rcc.o
 .rodata._printf_float.str1.1
                0x0800cd3a       0x12 D:/STM32CubeIDE_1.17.0/STM32CubeIDE/plugins/com.st.stm32cube.ide.mcu.externaltools.gnu-tools-for-stm32.12.3.rel1.win32_1.1.0.202410251130/tools/bin/../lib/gcc/arm-none-eabi/12.3.1/../../../../arm-none-eabi/lib/thumb/v7-m/nofp\libc_nano.a(libc_a-nano-vfprintf_float.o)
 .rodata._printf_i.str1.1
                0x0800cd4c       0x22 D:/STM32CubeIDE_1.17.0/STM32CubeIDE/plugins/com.st.stm32cube.ide.mcu.externaltools.gnu-tools-for-stm32.12.3.rel1.win32_1.1.0.202410251130/tools/bin/../lib/gcc/arm-none-eabi/12.3.1/../../../../arm-none-eabi/lib/thumb/v7-m/nofp\libc_nano.a(libc_a-nano-vfprintf_i.o)
 .rodata._dtoa_r.str1.1
                0x0800cd6e       0x8d D:/STM32CubeIDE_1.17.0/STM32CubeIDE/plugins/com.st.stm32cube.ide.mcu.externaltools.gnu-tools-for-stm32.12.3.rel1.win32_1.1.0.202410251130/tools/bin/../lib/gcc/arm-none-eabi/12.3.1/../../../../arm-none-eabi/lib/thumb/v7-m/nofp\libc_nano.a(libc_a-dtoa.o)
                                 0x8f (size before relaxing)
 .rodata._Balloc.str1.1
                0x0800cdfb       0x59 D:/STM32CubeIDE_1.17.0/STM32CubeIDE/plugins/com.st.stm32cube.ide.mcu.externaltools.gnu-tools-for-stm32.12.3.rel1.win32_1.1.0.202410251130/tools/bin/../lib/gcc/arm-none-eabi/12.3.1/../../../../arm-none-eabi/lib/thumb/v7-m/nofp\libc_nano.a(libc_a-mprec.o)
                                 0x70 (size before relaxing)
 .rodata.__multadd.str1.1
                0x0800ce54       0x11 D:/STM32CubeIDE_1.17.0/STM32CubeIDE/plugins/com.st.stm32cube.ide.mcu.externaltools.gnu-tools-for-stm32.12.3.rel1.win32_1.1.0.202410251130/tools/bin/../lib/gcc/arm-none-eabi/12.3.1/../../../../arm-none-eabi/lib/thumb/v7-m/nofp\libc_nano.a(libc_a-mprec.o)
 .rodata.p05.0  0x0800ce54        0xc D:/STM32CubeIDE_1.17.0/STM32CubeIDE/plugins/com.st.stm32cube.ide.mcu.externaltools.gnu-tools-for-stm32.12.3.rel1.win32_1.1.0.202410251130/tools/bin/../lib/gcc/arm-none-eabi/12.3.1/../../../../arm-none-eabi/lib/thumb/v7-m/nofp\libc_nano.a(libc_a-mprec.o)
 .rodata.__mprec_bigtens
                0x0800ce60       0x28 D:/STM32CubeIDE_1.17.0/STM32CubeIDE/plugins/com.st.stm32cube.ide.mcu.externaltools.gnu-tools-for-stm32.12.3.rel1.win32_1.1.0.202410251130/tools/bin/../lib/gcc/arm-none-eabi/12.3.1/../../../../arm-none-eabi/lib/thumb/v7-m/nofp\libc_nano.a(libc_a-mprec.o)
                0x0800ce60                __mprec_bigtens
 .rodata.__mprec_tens
                0x0800ce88       0xc8 D:/STM32CubeIDE_1.17.0/STM32CubeIDE/plugins/com.st.stm32cube.ide.mcu.externaltools.gnu-tools-for-stm32.12.3.rel1.win32_1.1.0.202410251130/tools/bin/../lib/gcc/arm-none-eabi/12.3.1/../../../../arm-none-eabi/lib/thumb/v7-m/nofp\libc_nano.a(libc_a-mprec.o)
                0x0800ce88                __mprec_tens
 .rodata._svfprintf_r.str1.1
                0x0800cf50       0x11 D:/STM32CubeIDE_1.17.0/STM32CubeIDE/plugins/com.st.stm32cube.ide.mcu.externaltools.gnu-tools-for-stm32.12.3.rel1.win32_1.1.0.202410251130/tools/bin/../lib/gcc/arm-none-eabi/12.3.1/../../../../arm-none-eabi/lib/thumb/v7-m/nofp\libc_nano.a(libc_a-nano-svfprintf.o)
 .rodata._setlocale_r.str1.1
                0x0800cf61        0x8 D:/STM32CubeIDE_1.17.0/STM32CubeIDE/plugins/com.st.stm32cube.ide.mcu.externaltools.gnu-tools-for-stm32.12.3.rel1.win32_1.1.0.202410251130/tools/bin/../lib/gcc/arm-none-eabi/12.3.1/../../../../arm-none-eabi/lib/thumb/v7-m/nofp\libc_nano.a(libc_a-locale.o)
                                  0x9 (size before relaxing)
 .rodata.str1.1
                0x0800cf69        0x2 D:/STM32CubeIDE_1.17.0/STM32CubeIDE/plugins/com.st.stm32cube.ide.mcu.externaltools.gnu-tools-for-stm32.12.3.rel1.win32_1.1.0.202410251130/tools/bin/../lib/gcc/arm-none-eabi/12.3.1/../../../../arm-none-eabi/lib/thumb/v7-m/nofp\libc_nano.a(libc_a-locale.o)
 .rodata.__assert_func.str1.1
                0x0800cf6b       0x3c D:/STM32CubeIDE_1.17.0/STM32CubeIDE/plugins/com.st.stm32cube.ide.mcu.externaltools.gnu-tools-for-stm32.12.3.rel1.win32_1.1.0.202410251130/tools/bin/../lib/gcc/arm-none-eabi/12.3.1/../../../../arm-none-eabi/lib/thumb/v7-m/nofp\libc_nano.a(libc_a-assert.o)
                                 0x3d (size before relaxing)
 .rodata._ctype_
                0x0800cfa7      0x101 D:/STM32CubeIDE_1.17.0/STM32CubeIDE/plugins/com.st.stm32cube.ide.mcu.externaltools.gnu-tools-for-stm32.12.3.rel1.win32_1.1.0.202410251130/tools/bin/../lib/gcc/arm-none-eabi/12.3.1/../../../../arm-none-eabi/lib/thumb/v7-m/nofp\libc_nano.a(libc_a-ctype_.o)
                0x0800cfa7                _ctype_
 .rodata._vfprintf_r.str1.1
                0x0800d0a8       0x11 D:/STM32CubeIDE_1.17.0/STM32CubeIDE/plugins/com.st.stm32cube.ide.mcu.externaltools.gnu-tools-for-stm32.12.3.rel1.win32_1.1.0.202410251130/tools/bin/../lib/gcc/arm-none-eabi/12.3.1/../../../../arm-none-eabi/lib/thumb/v7-m/nofp\libc_nano.a(libc_a-nano-vfprintf.o)
 .rodata.CSWTCH.9
                0x0800d0a8        0xc D:/STM32CubeIDE_1.17.0/STM32CubeIDE/plugins/com.st.stm32cube.ide.mcu.externaltools.gnu-tools-for-stm32.12.3.rel1.win32_1.1.0.202410251130/tools/bin/../lib/gcc/arm-none-eabi/12.3.1/../../../../arm-none-eabi/lib/thumb/v7-m/nofp\libm.a(libm_a-ef_atan2.o)
 .rodata.CSWTCH.8
                0x0800d0b4        0xc D:/STM32CubeIDE_1.17.0/STM32CubeIDE/plugins/com.st.stm32cube.ide.mcu.externaltools.gnu-tools-for-stm32.12.3.rel1.win32_1.1.0.202410251130/tools/bin/../lib/gcc/arm-none-eabi/12.3.1/../../../../arm-none-eabi/lib/thumb/v7-m/nofp\libm.a(libm_a-ef_atan2.o)
 .rodata.atanlo
                0x0800d0c0       0x10 D:/STM32CubeIDE_1.17.0/STM32CubeIDE/plugins/com.st.stm32cube.ide.mcu.externaltools.gnu-tools-for-stm32.12.3.rel1.win32_1.1.0.202410251130/tools/bin/../lib/gcc/arm-none-eabi/12.3.1/../../../../arm-none-eabi/lib/thumb/v7-m/nofp\libm.a(libm_a-sf_atan.o)
 .rodata.atanhi
                0x0800d0d0       0x10 D:/STM32CubeIDE_1.17.0/STM32CubeIDE/plugins/com.st.stm32cube.ide.mcu.externaltools.gnu-tools-for-stm32.12.3.rel1.win32_1.1.0.202410251130/tools/bin/../lib/gcc/arm-none-eabi/12.3.1/../../../../arm-none-eabi/lib/thumb/v7-m/nofp\libm.a(libm_a-sf_atan.o)
                0x0800d0e0                        . = ALIGN (0x4)

.ARM.extab      0x0800d0e0        0x0
                0x0800d0e0                        . = ALIGN (0x4)
 *(.ARM.extab* .gnu.linkonce.armextab.*)
                0x0800d0e0                        . = ALIGN (0x4)

.ARM            0x0800d0e0        0x8
                0x0800d0e0                        . = ALIGN (0x4)
                0x0800d0e0                        __exidx_start = .
 *(.ARM.exidx*)
 .ARM.exidx     0x0800d0e0        0x8 D:/STM32CubeIDE_1.17.0/STM32CubeIDE/plugins/com.st.stm32cube.ide.mcu.externaltools.gnu-tools-for-stm32.12.3.rel1.win32_1.1.0.202410251130/tools/bin/../lib/gcc/arm-none-eabi/12.3.1/../../../../arm-none-eabi/lib/thumb/v7-m/nofp\libc_nano.a(libc_a-strlen.o)
                0x0800d0e8                        __exidx_end = .
                0x0800d0e8                        . = ALIGN (0x4)

.preinit_array  0x0800d0e8        0x0
                0x0800d0e8                        . = ALIGN (0x4)
                0x0800d0e8                        PROVIDE (__preinit_array_start = .)
 *(.preinit_array*)
                0x0800d0e8                        PROVIDE (__preinit_array_end = .)
                0x0800d0e8                        . = ALIGN (0x4)

.init_array     0x0800d0e8        0x4
                0x0800d0e8                        . = ALIGN (0x4)
                0x0800d0e8                        PROVIDE (__init_array_start = .)
 *(SORT_BY_NAME(.init_array.*))
 *(.init_array*)
 .init_array    0x0800d0e8        0x4 D:/STM32CubeIDE_1.17.0/STM32CubeIDE/plugins/com.st.stm32cube.ide.mcu.externaltools.gnu-tools-for-stm32.12.3.rel1.win32_1.1.0.202410251130/tools/bin/../lib/gcc/arm-none-eabi/12.3.1/thumb/v7-m/nofp/crtbegin.o
                0x0800d0ec                        PROVIDE (__init_array_end = .)
                0x0800d0ec                        . = ALIGN (0x4)

.fini_array     0x0800d0ec        0x4
                0x0800d0ec                        . = ALIGN (0x4)
                [!provide]                        PROVIDE (__fini_array_start = .)
 *(SORT_BY_NAME(.fini_array.*))
 *(.fini_array*)
 .fini_array    0x0800d0ec        0x4 D:/STM32CubeIDE_1.17.0/STM32CubeIDE/plugins/com.st.stm32cube.ide.mcu.externaltools.gnu-tools-for-stm32.12.3.rel1.win32_1.1.0.202410251130/tools/bin/../lib/gcc/arm-none-eabi/12.3.1/thumb/v7-m/nofp/crtbegin.o
                [!provide]                        PROVIDE (__fini_array_end = .)
                0x0800d0f0                        . = ALIGN (0x4)
                0x0800d0f0                        _sidata = LOADADDR (.data)

.rel.dyn        0x0800d0f0        0x0
 .rel.iplt      0x0800d0f0        0x0 D:/STM32CubeIDE_1.17.0/STM32CubeIDE/plugins/com.st.stm32cube.ide.mcu.externaltools.gnu-tools-for-stm32.12.3.rel1.win32_1.1.0.202410251130/tools/bin/../lib/gcc/arm-none-eabi/12.3.1/thumb/v7-m/nofp/crtbegin.o

.data           0x20000000      0x1f8 load address 0x0800d0f0
                0x20000000                        . = ALIGN (0x4)
                0x20000000                        _sdata = .
 *(.data)
 *(.data*)
 .data.uxTopUsedPriority
                0x20000000        0x4 ./Core/FreeRTOS/tasks.o
 .data.uxCriticalNesting
                0x20000004        0x4 ./Core/FreeRTOS/portable/GCC/ARM_CM3/port.o
 .data.Font_7x10
                0x20000008        0x8 ./Core/Src/fonts.o
                0x20000008                Font_7x10
 .data.Q_angle  0x20000010        0x4 ./Core/Src/main.o
                0x20000010                Q_angle
 .data.Q_bias   0x20000014        0x4 ./Core/Src/main.o
                0x20000014                Q_bias
 .data.R_measure
                0x20000018        0x4 ./Core/Src/main.o
                0x20000018                R_measure
 .data.SystemCoreClock
                0x2000001c        0x4 ./Core/Src/system_stm32f1xx.o
                0x2000001c                SystemCoreClock
 .data.uwTickPrio
                0x20000020        0x4 ./Drivers/STM32F1xx_HAL_Driver/Src/stm32f1xx_hal.o
                0x20000020                uwTickPrio
 .data.uwTickFreq
                0x20000024        0x1 ./Drivers/STM32F1xx_HAL_Driver/Src/stm32f1xx_hal.o
                0x20000024                uwTickFreq
 *fill*         0x20000025        0x3 
 .data.__sglue  0x20000028        0xc D:/STM32CubeIDE_1.17.0/STM32CubeIDE/plugins/com.st.stm32cube.ide.mcu.externaltools.gnu-tools-for-stm32.12.3.rel1.win32_1.1.0.202410251130/tools/bin/../lib/gcc/arm-none-eabi/12.3.1/../../../../arm-none-eabi/lib/thumb/v7-m/nofp\libc_nano.a(libc_a-findfp.o)
                0x20000028                __sglue
 .data._impure_ptr
                0x20000034        0x4 D:/STM32CubeIDE_1.17.0/STM32CubeIDE/plugins/com.st.stm32cube.ide.mcu.externaltools.gnu-tools-for-stm32.12.3.rel1.win32_1.1.0.202410251130/tools/bin/../lib/gcc/arm-none-eabi/12.3.1/../../../../arm-none-eabi/lib/thumb/v7-m/nofp\libc_nano.a(libc_a-impure.o)
                0x20000034                _impure_ptr
 .data._impure_data
                0x20000038       0x4c D:/STM32CubeIDE_1.17.0/STM32CubeIDE/plugins/com.st.stm32cube.ide.mcu.externaltools.gnu-tools-for-stm32.12.3.rel1.win32_1.1.0.202410251130/tools/bin/../lib/gcc/arm-none-eabi/12.3.1/../../../../arm-none-eabi/lib/thumb/v7-m/nofp\libc_nano.a(libc_a-impure.o)
                0x20000038                _impure_data
 .data.__global_locale
                0x20000084      0x16c D:/STM32CubeIDE_1.17.0/STM32CubeIDE/plugins/com.st.stm32cube.ide.mcu.externaltools.gnu-tools-for-stm32.12.3.rel1.win32_1.1.0.202410251130/tools/bin/../lib/gcc/arm-none-eabi/12.3.1/../../../../arm-none-eabi/lib/thumb/v7-m/nofp\libc_nano.a(libc_a-locale.o)
                0x20000084                __global_locale
 .data.tiny     0x200001f0        0x4 D:/STM32CubeIDE_1.17.0/STM32CubeIDE/plugins/com.st.stm32cube.ide.mcu.externaltools.gnu-tools-for-stm32.12.3.rel1.win32_1.1.0.202410251130/tools/bin/../lib/gcc/arm-none-eabi/12.3.1/../../../../arm-none-eabi/lib/thumb/v7-m/nofp\libm.a(libm_a-ef_sqrt.o)
 .data.one      0x200001f4        0x4 D:/STM32CubeIDE_1.17.0/STM32CubeIDE/plugins/com.st.stm32cube.ide.mcu.externaltools.gnu-tools-for-stm32.12.3.rel1.win32_1.1.0.202410251130/tools/bin/../lib/gcc/arm-none-eabi/12.3.1/../../../../arm-none-eabi/lib/thumb/v7-m/nofp\libm.a(libm_a-ef_sqrt.o)
 *(.RamFunc)
 *(.RamFunc*)
                0x200001f8                        . = ALIGN (0x4)
                0x200001f8                        _edata = .

.igot.plt       0x200001f8        0x0 load address 0x0800d2e8
 .igot.plt      0x200001f8        0x0 D:/STM32CubeIDE_1.17.0/STM32CubeIDE/plugins/com.st.stm32cube.ide.mcu.externaltools.gnu-tools-for-stm32.12.3.rel1.win32_1.1.0.202410251130/tools/bin/../lib/gcc/arm-none-eabi/12.3.1/thumb/v7-m/nofp/crtbegin.o
                0x200001f8                        . = ALIGN (0x4)

.bss            0x200001f8     0x474c load address 0x0800d2e8
                0x200001f8                        _sbss = .
                0x200001f8                        __bss_start__ = _sbss
 *(.bss)
 .bss           0x200001f8       0x1c D:/STM32CubeIDE_1.17.0/STM32CubeIDE/plugins/com.st.stm32cube.ide.mcu.externaltools.gnu-tools-for-stm32.12.3.rel1.win32_1.1.0.202410251130/tools/bin/../lib/gcc/arm-none-eabi/12.3.1/thumb/v7-m/nofp/crtbegin.o
 *(.bss*)
 .bss._aTasks   0x20000214       0xf0 ./Core/FreeRTOS/SEGGER/OS/SEGGER_SYSVIEW_FreeRTOS.o
 .bss._NumTasks
                0x20000304        0x4 ./Core/FreeRTOS/SEGGER/OS/SEGGER_SYSVIEW_FreeRTOS.o
 .bss._SEGGER_RTT
                0x20000308       0xa8 ./Core/FreeRTOS/SEGGER/SEGGER/SEGGER_RTT.o
                0x20000308                _SEGGER_RTT
 .bss._acUpBuffer
                0x200003b0      0x400 ./Core/FreeRTOS/SEGGER/SEGGER/SEGGER_RTT.o
 .bss._acDownBuffer