Archive member included to satisfy reference by file (symbol)

D:/STM32CubeIDE_1.17.0/STM32CubeIDE/plugins/com.st.stm32cube.ide.mcu.externaltools.gnu-tools-for-stm32.12.3.rel1.win32_1.1.0.202410251130/tools/bin/../lib/gcc/arm-none-eabi/12.3.1/../../../../arm-none-eabi/lib/thumb/v7-m/nofp\libc_nano.a(libc_a-exit.o)
                              D:/STM32CubeIDE_1.17.0/STM32CubeIDE/plugins/com.st.stm32cube.ide.mcu.externaltools.gnu-tools-for-stm32.12.3.rel1.win32_1.1.0.202410251130/tools/bin/../lib/gcc/arm-none-eabi/12.3.1/../../../../arm-none-eabi/lib/thumb/v7-m/nofp/crt0.o (exit)
D:/STM32CubeIDE_1.17.0/STM32CubeIDE/plugins/com.st.stm32cube.ide.mcu.externaltools.gnu-tools-for-stm32.12.3.rel1.win32_1.1.0.202410251130/tools/bin/../lib/gcc/arm-none-eabi/12.3.1/../../../../arm-none-eabi/lib/thumb/v7-m/nofp\libc_nano.a(libc_a-findfp.o)
                              D:/STM32CubeIDE_1.17.0/STM32CubeIDE/plugins/com.st.stm32cube.ide.mcu.externaltools.gnu-tools-for-stm32.12.3.rel1.win32_1.1.0.202410251130/tools/bin/../lib/gcc/arm-none-eabi/12.3.1/../../../../arm-none-eabi/lib/thumb/v7-m/nofp\libc_nano.a(libc_a-exit.o) (__stdio_exit_handler)
D:/STM32CubeIDE_1.17.0/STM32CubeIDE/plugins/com.st.stm32cube.ide.mcu.externaltools.gnu-tools-for-stm32.12.3.rel1.win32_1.1.0.202410251130/tools/bin/../lib/gcc/arm-none-eabi/12.3.1/../../../../arm-none-eabi/lib/thumb/v7-m/nofp\libc_nano.a(libc_a-fwalk.o)
                              D:/STM32CubeIDE_1.17.0/STM32CubeIDE/plugins/com.st.stm32cube.ide.mcu.externaltools.gnu-tools-for-stm32.12.3.rel1.win32_1.1.0.202410251130/tools/bin/../lib/gcc/arm-none-eabi/12.3.1/../../../../arm-none-eabi/lib/thumb/v7-m/nofp\libc_nano.a(libc_a-findfp.o) (_fwalk_sglue)
D:/STM32CubeIDE_1.17.0/STM32CubeIDE/plugins/com.st.stm32cube.ide.mcu.externaltools.gnu-tools-for-stm32.12.3.rel1.win32_1.1.0.202410251130/tools/bin/../lib/gcc/arm-none-eabi/12.3.1/../../../../arm-none-eabi/lib/thumb/v7-m/nofp\libc_nano.a(libc_a-snprintf.o)
                              ./Core/FreeRTOS/tasks.o (snprintf)
D:/STM32CubeIDE_1.17.0/STM32CubeIDE/plugins/com.st.stm32cube.ide.mcu.externaltools.gnu-tools-for-stm32.12.3.rel1.win32_1.1.0.202410251130/tools/bin/../lib/gcc/arm-none-eabi/12.3.1/../../../../arm-none-eabi/lib/thumb/v7-m/nofp\libc_nano.a(libc_a-stdio.o)
                              D:/STM32CubeIDE_1.17.0/STM32CubeIDE/plugins/com.st.stm32cube.ide.mcu.externaltools.gnu-tools-for-stm32.12.3.rel1.win32_1.1.0.202410251130/tools/bin/../lib/gcc/arm-none-eabi/12.3.1/../../../../arm-none-eabi/lib/thumb/v7-m/nofp\libc_nano.a(libc_a-findfp.o) (__sread)
D:/STM32CubeIDE_1.17.0/STM32CubeIDE/plugins/com.st.stm32cube.ide.mcu.externaltools.gnu-tools-for-stm32.12.3.rel1.win32_1.1.0.202410251130/tools/bin/../lib/gcc/arm-none-eabi/12.3.1/../../../../arm-none-eabi/lib/thumb/v7-m/nofp\libc_nano.a(libc_a-memcmp.o)
                              ./Core/FreeRTOS/SEGGER/OS/SEGGER_SYSVIEW_FreeRTOS.o (memcmp)
D:/STM32CubeIDE_1.17.0/STM32CubeIDE/plugins/com.st.stm32cube.ide.mcu.externaltools.gnu-tools-for-stm32.12.3.rel1.win32_1.1.0.202410251130/tools/bin/../lib/gcc/arm-none-eabi/12.3.1/../../../../arm-none-eabi/lib/thumb/v7-m/nofp\libc_nano.a(libc_a-memset.o)
                              D:/STM32CubeIDE_1.17.0/STM32CubeIDE/plugins/com.st.stm32cube.ide.mcu.externaltools.gnu-tools-for-stm32.12.3.rel1.win32_1.1.0.202410251130/tools/bin/../lib/gcc/arm-none-eabi/12.3.1/../../../../arm-none-eabi/lib/thumb/v7-m/nofp/crt0.o (memset)
D:/STM32CubeIDE_1.17.0/STM32CubeIDE/plugins/com.st.stm32cube.ide.mcu.externaltools.gnu-tools-for-stm32.12.3.rel1.win32_1.1.0.202410251130/tools/bin/../lib/gcc/arm-none-eabi/12.3.1/../../../../arm-none-eabi/lib/thumb/v7-m/nofp\libc_nano.a(libc_a-closer.o)
                              D:/STM32CubeIDE_1.17.0/STM32CubeIDE/plugins/com.st.stm32cube.ide.mcu.externaltools.gnu-tools-for-stm32.12.3.rel1.win32_1.1.0.202410251130/tools/bin/../lib/gcc/arm-none-eabi/12.3.1/../../../../arm-none-eabi/lib/thumb/v7-m/nofp\libc_nano.a(libc_a-stdio.o) (_close_r)
D:/STM32CubeIDE_1.17.0/STM32CubeIDE/plugins/com.st.stm32cube.ide.mcu.externaltools.gnu-tools-for-stm32.12.3.rel1.win32_1.1.0.202410251130/tools/bin/../lib/gcc/arm-none-eabi/12.3.1/../../../../arm-none-eabi/lib/thumb/v7-m/nofp\libc_nano.a(libc_a-reent.o)
                              D:/STM32CubeIDE_1.17.0/STM32CubeIDE/plugins/com.st.stm32cube.ide.mcu.externaltools.gnu-tools-for-stm32.12.3.rel1.win32_1.1.0.202410251130/tools/bin/../lib/gcc/arm-none-eabi/12.3.1/../../../../arm-none-eabi/lib/thumb/v7-m/nofp\libc_nano.a(libc_a-closer.o) (errno)
D:/STM32CubeIDE_1.17.0/STM32CubeIDE/plugins/com.st.stm32cube.ide.mcu.externaltools.gnu-tools-for-stm32.12.3.rel1.win32_1.1.0.202410251130/tools/bin/../lib/gcc/arm-none-eabi/12.3.1/../../../../arm-none-eabi/lib/thumb/v7-m/nofp\libc_nano.a(libc_a-impure.o)
[...]
Memory Configuration

Name             Origin             Length             Attributes
RAM              0x20000000         0x00005000         xrw
FLASH            0x08000000         0x00010000         xr
*default*        0x00000000         0xffffffff

Linker script and memory map

LOAD D:/STM32CubeIDE_1.17.0/STM32CubeIDE/plugins/com.st.stm32cube.ide.mcu.externaltools.gnu-tools-for-stm32.12.3.rel1.win32_1.1.0.202410251130/tools/bin/../lib/gcc/arm-none-eabi/12.3.1/thumb/v7-m/nofp/crti.o
LOAD D:/STM32CubeIDE_1.17.0/STM32CubeIDE/plugins/com.st.stm32cube.ide.mcu.externaltools.gnu-tools-for-stm32.12.3.rel1.win32_1.1.0.202410251130/tools/bin/../lib/gcc/arm-none-eabi/12.3.1/thumb/v7-m/nofp/crtbegin.o
LOAD D:/STM32CubeIDE_1.17.0/STM32CubeIDE/plugins/com.st.stm32cube.ide.mcu.externaltools.gnu-tools-for-stm32.12.3.rel1.win32_1.1.0.202410251130/tools/bin/../lib/gcc/arm-none-eabi/12.3.1/../../../../arm-none-eabi/lib/thumb/v7-m/nofp/crt0.o
LOAD ./Core/FreeRTOS/SEGGER/Config/SEGGER_SYSVIEW_Config_FreeRTOS.o
LOAD ./Core/FreeRTOS/SEGGER/OS/SEGGER_SYSVIEW_FreeRTOS.o
LOAD ./Core/FreeRTOS/SEGGER/SEGGER/SEGGER_RTT.o
LOAD ./Core/FreeRTOS/SEGGER/SEGGER/SEGGER_RTT_ASM_ARMv7M.o
LOAD ./Core/FreeRTOS/SEGGER/SEGGER/SEGGER_SYSVIEW.o
LOAD ./Core/FreeRTOS/croutine.o
LOAD ./Core/FreeRTOS/event_groups.o
LOAD ./Core/FreeRTOS/list.o
LOAD ./Core/FreeRTOS/queue.o
LOAD ./Core/FreeRTOS/stream_buffer.o
LOAD ./Core/FreeRTOS/tasks.o
LOAD ./Core/FreeRTOS/timers.o
LOAD ./Core/FreeRTOS/portable/GCC/ARM_CM3/port.o
LOAD ./Core/FreeRTOS/portable/MemMang/heap_4.o
LOAD ./Core/Src/main.o
LOAD ./Core/Src/stm32f1xx_hal_msp.o
LOAD ./Core/Src/stm32f1xx_hal_timebase_tim.o
LOAD ./Core/Src/stm32f1xx_it.o
LOAD ./Core/Src/syscalls.o
LOAD ./Core/Src/sysmem.o
LOAD ./Core/Src/system_stm32f1xx.o
LOAD ./Core/Startup/startup_stm32f103c8tx.o
LOAD ./Drivers/STM32F1xx_HAL_Driver/Src/stm32f1xx_hal.o
LOAD ./Drivers/STM32F1xx_HAL_Driver/Src/stm32f1xx_hal_cortex.o
LOAD ./Drivers/STM32F1xx_HAL_Driver/Src/stm32f1xx_hal_dma.o
LOAD ./Drivers/STM32F1xx_HAL_Driver/Src/stm32f1xx_hal_exti.o
LOAD ./Drivers/STM32F1xx_HAL_Driver/Src/stm32f1xx_hal_flash.o
LOAD ./Drivers/STM32F1xx_HAL_Driver/Src/stm32f1xx_hal_flash_ex.o
LOAD ./Drivers/STM32F1xx_HAL_Driver/Src/stm32f1xx_hal_gpio.o
LOAD ./Drivers/STM32F1xx_HAL_Driver/Src/stm32f1xx_hal_gpio_ex.o
LOAD ./Drivers/STM32F1xx_HAL_Driver/Src/stm32f1xx_hal_i2c.o
LOAD ./Drivers/STM32F1xx_HAL_Driver/Src/stm32f1xx_hal_pwr.o
LOAD ./Drivers/STM32F1xx_HAL_Driver/Src/stm32f1xx_hal_rcc.o
LOAD ./Drivers/STM32F1xx_HAL_Driver/Src/stm32f1xx_hal_rcc_ex.o
LOAD ./Drivers/STM32F1xx_HAL_Driver/Src/stm32f1xx_hal_tim.o
LOAD ./Drivers/STM32F1xx_HAL_Driver/Src/stm32f1xx_hal_tim_ex.o
START GROUP
LOAD D:/STM32CubeIDE_1.17.0/STM32CubeIDE/plugins/com.st.stm32cube.ide.mcu.externaltools.gnu-tools-for-stm32.12.3.rel1.win32_1.1.0.202410251130/tools/bin/../lib/gcc/arm-none-eabi/12.3.1/../../../../arm-none-eabi/lib/thumb/v7-m/nofp\libc_nano.a
LOAD D:/STM32CubeIDE_1.17.0/STM32CubeIDE/plugins/com.st.stm32cube.ide.mcu.externaltools.gnu-tools-for-stm32.12.3.rel1.win32_1.1.0.202410251130/tools/bin/../lib/gcc/arm-none-eabi/12.3.1/../../../../arm-none-eabi/lib/thumb/v7-m/nofp\libm.a
END GROUP
START GROUP
LOAD D:/STM32CubeIDE_1.17.0/STM32CubeIDE/plugins/com.st.stm32cube.ide.mcu.externaltools.gnu-tools-for-stm32.12.3.rel1.win32_1.1.0.202410251130/tools/bin/../lib/gcc/arm-none-eabi/12.3.1/thumb/v7-m/nofp\libgcc.a
LOAD D:/STM32CubeIDE_1.17.0/STM32CubeIDE/plugins/com.st.stm32cube.ide.mcu.externaltools.gnu-tools-for-stm32.12.3.rel1.win32_1.1.0.202410251130/tools/bin/../lib/gcc/arm-none-eabi/12.3.1/../../../../arm-none-eabi/lib/thumb/v7-m/nofp\libc_nano.a
END GROUP
START GROUP
LOAD D:/STM32CubeIDE_1.17.0/STM32CubeIDE/plugins/com.st.stm32cube.ide.mcu.externaltools.gnu-tools-for-stm32.12.3.rel1.win32_1.1.0.202410251130/tools/bin/../lib/gcc/arm-none-eabi/12.3.1/thumb/v7-m/nofp\libgcc.a
LOAD D:/STM32CubeIDE_1.17.0/STM32CubeIDE/plugins/com.st.stm32cube.ide.mcu.externaltools.gnu-tools-for-stm32.12.3.rel1.win32_1.1.0.202410251130/tools/bin/../lib/gcc/arm-none-eabi/12.3.1/../../../../arm-none-eabi/lib/thumb/v7-m/nofp\libc_nano.a
LOAD D:/STM32CubeIDE_1.17.0/STM32CubeIDE/plugins/com.st.stm32cube.ide.mcu.externaltools.gnu-tools-for-stm32.12.3.rel1.win32_1.1.0.202410251130/tools/bin/../lib/gcc/arm-none-eabi/12.3.1/../../../../arm-none-eabi/lib/thumb/v7-m/nofp\libnosys.a
END GROUP
START GROUP
LOAD D:/STM32CubeIDE_1.17.0/STM32CubeIDE/plugins/com.st.stm32cube.ide.mcu.externaltools.gnu-tools-for-stm32.12.3.rel1.win32_1.1.0.202410251130/tools/bin/../lib/gcc/arm-none-eabi/12.3.1/thumb/v7-m/nofp\libgcc.a
LOAD D:/STM32CubeIDE_1.17.0/STM32CubeIDE/plugins/com.st.stm32cube.ide.mcu.externaltools.gnu-tools-for-stm32.12.3.rel1.win32_1.1.0.202410251130/tools/bin/../lib/gcc/arm-none-eabi/12.3.1/../../../../arm-none-eabi/lib/thumb/v7-m/nofp\libc_nano.a
LOAD D:/STM32CubeIDE_1.17.0/STM32CubeIDE/plugins/com.st.stm32cube.ide.mcu.externaltools.gnu-tools-for-stm32.12.3.rel1.win32_1.1.0.202410251130/tools/bin/../lib/gcc/arm-none-eabi/12.3.1/../../../../arm-none-eabi/lib/thumb/v7-m/nofp\libnosys.a
END GROUP
LOAD D:/STM32CubeIDE_1.17.0/STM32CubeIDE/plugins/com.st.stm32cube.ide.mcu.externaltools.gnu-tools-for-stm32.12.3.rel1.win32_1.1.0.202410251130/tools/bin/../lib/gcc/arm-none-eabi/12.3.1/thumb/v7-m/nofp/crtend.o
LOAD D:/STM32CubeIDE_1.17.0/STM32CubeIDE/plugins/com.st.stm32cube.ide.mcu.externaltools.gnu-tools-for-stm32.12.3.rel1.win32_1.1.0.202410251130/tools/bin/../lib/gcc/arm-none-eabi/12.3.1/thumb/v7-m/nofp/crtn.o
                0x20005000                        _estack = (ORIGIN (RAM) + LENGTH (RAM))
                0x00000200                        _Min_Heap_Size = 0x200
                0x00000400                        _Min_Stack_Size = 0x400

.isr_vector     0x08000000      0x10c
                0x08000000                        . = ALIGN (0x4)
 *(.isr_vector)
 .isr_vector    0x08000000      0x10c ./Core/Startup/startup_stm32f103c8tx.o
                0x08000000                g_pfnVectors
                0x0800010c                        . = ALIGN (0x4)

.text           0x0800010c     0x7f9c
                0x0800010c                        . = ALIGN (0x4)
 *(.text)
 .text          0x0800010c       0x40 D:/STM32CubeIDE_1.17.0/STM32CubeIDE/plugins/com.st.stm32cube.ide.mcu.externaltools.gnu-tools-for-stm32.12.3.rel1.win32_1.1.0.202410251130/tools/bin/../lib/gcc/arm-none-eabi/12.3.1/thumb/v7-m/nofp/crtbegin.o
 .text          0x0800014c       0x8c ./Core/FreeRTOS/SEGGER/SEGGER/SEGGER_RTT_ASM_ARMv7M.o
                0x0800014c                SEGGER_RTT_ASM_WriteSkipNoLock
 .text          0x080001d8      0x21c D:/STM32CubeIDE_1.17.0/STM32CubeIDE/plugins/com.st.stm32cube.ide.mcu.externaltools.gnu-tools-for-stm32.12.3.rel1.win32_1.1.0.202410251130/tools/bin/../lib/gcc/arm-none-eabi/12.3.1/thumb/v7-m/nofp\libgcc.a(_arm_addsubsf3.o)
                0x080001d8                __aeabi_frsub
                0x080001e0                __subsf3
                0x080001e0                __aeabi_fsub
                0x080001e4                __aeabi_fadd
                0x080001e4                __addsf3
                0x08000344                __aeabi_ui2f
                0x08000344                __floatunsisf
                0x0800034c                __aeabi_i2f
                0x0800034c                __floatsisf
                0x08000368                __aeabi_ul2f
                0x08000368                __floatundisf
                0x08000378                __aeabi_l2f
                0x08000378                __floatdisf
 .text          0x080003f4      0x2a0 D:/STM32CubeIDE_1.17.0/STM32CubeIDE/plugins/com.st.stm32cube.ide.mcu.externaltools.gnu-tools-for-stm32.12.3.rel1.win32_1.1.0.202410251130/tools/bin/../lib/gcc/arm-none-eabi/12.3.1/thumb/v7-m/nofp\libgcc.a(_arm_muldivsf3.o)
                0x080003f4                __mulsf3
                0x080003f4                __aeabi_fmul
                0x0800055c                __aeabi_fdiv
                0x0800055c                __divsf3
 .text          0x08000694       0xec D:/STM32CubeIDE_1.17.0/STM32CubeIDE/plugins/com.st.stm32cube.ide.mcu.externaltools.gnu-tools-for-stm32.12.3.rel1.win32_1.1.0.202410251130/tools/bin/../lib/gcc/arm-none-eabi/12.3.1/thumb/v7-m/nofp\libgcc.a(_arm_cmpsf2.o)
                0x08000694                __gesf2
                0x08000694                __gtsf2
                0x0800069c                __lesf2
                0x0800069c                __ltsf2
                0x080006a4                __nesf2
                0x080006a4                __eqsf2
                0x080006a4                __cmpsf2
                0x08000704                __aeabi_cfrcmple
                0x0800070c                __aeabi_cfcmpeq
                0x0800070c                __aeabi_cfcmple
                0x0800071c                __aeabi_fcmpeq
                0x08000730                __aeabi_fcmplt
                0x08000744                __aeabi_fcmple
                0x08000758                __aeabi_fcmpge
                0x0800076c                __aeabi_fcmpgt
 .text          0x08000780       0x2c D:/STM32CubeIDE_1.17.0/STM32CubeIDE/plugins/com.st.stm32cube.ide.mcu.externaltools.gnu-tools-for-stm32.12.3.rel1.win32_1.1.0.202410251130/tools/bin/../lib/gcc/arm-none-eabi/12.3.1/thumb/v7-m/nofp\libgcc.a(_arm_unordsf2.o)
                0x08000780                __unordsf2
                0x08000780                __aeabi_fcmpun
 *(.text*)
 .text._cbSendSystemDesc
                0x080007ac       0x1c ./Core/FreeRTOS/SEGGER/Config/SEGGER_SYSVIEW_Config_FreeRTOS.o
 .text.SEGGER_SYSVIEW_Conf
                0x080007c8       0x2c ./Core/FreeRTOS/SEGGER/Config/SEGGER_SYSVIEW_Config_FreeRTOS.o
                0x080007c8                SEGGER_SYSVIEW_Conf
 .text._cbSendTaskList
                0x080007f4       0xbc ./Core/FreeRTOS/SEGGER/OS/SEGGER_SYSVIEW_FreeRTOS.o
 .text._cbGetTime
                0x080008b0       0x86 ./Core/FreeRTOS/SEGGER/OS/SEGGER_SYSVIEW_FreeRTOS.o
 *fill*         0x08000936        0x2 
 .text.SYSVIEW_AddTask
                0x08000938       0xd0 ./Core/FreeRTOS/SEGGER/OS/SEGGER_SYSVIEW_FreeRTOS.o
                0x08000938                SYSVIEW_AddTask
 .text.SYSVIEW_DeleteTask
                0x08000a08      0x178 ./Core/FreeRTOS/SEGGER/OS/SEGGER_SYSVIEW_FreeRTOS.o
                0x08000a08                SYSVIEW_DeleteTask
 .text.SYSVIEW_SendTaskInfo
                0x08000b80       0x42 ./Core/FreeRTOS/SEGGER/OS/SEGGER_SYSVIEW_FreeRTOS.o
                0x08000b80                SYSVIEW_SendTaskInfo
 *fill*         0x08000bc2        0x2 
 .text._DoInit  0x08000bc4       0xb0 ./Core/FreeRTOS/SEGGER/SEGGER/SEGGER_RTT.o
 .text.SEGGER_RTT_ReadNoLock
                0x08000c74      0x10c ./Core/FreeRTOS/SEGGER/SEGGER/SEGGER_RTT.o
                0x08000c74                SEGGER_RTT_ReadNoLock
 .text.SEGGER_RTT_AllocUpBuffer
                0x08000d80      0x104 ./Core/FreeRTOS/SEGGER/SEGGER/SEGGER_RTT.o
                0x08000d80                SEGGER_RTT_AllocUpBuffer
 .text.SEGGER_RTT_ConfigDownBuffer
                0x08000e84       0x94 ./Core/FreeRTOS/SEGGER/SEGGER/SEGGER_RTT.o
                0x08000e84                SEGGER_RTT_ConfigDownBuffer
 .text._EncodeStr
                0x08000f18       0x70 ./Core/FreeRTOS/SEGGER/SEGGER/SEGGER_SYSVIEW.o
 .text._PreparePacket
                0x08000f88       0x16 ./Core/FreeRTOS/SEGGER/SEGGER/SEGGER_SYSVIEW.o
 *fill*         0x08000f9e        0x2 
 .text._HandleIncomingPacket
                0x08000fa0       0xdc ./Core/FreeRTOS/SEGGER/SEGGER/SEGGER_SYSVIEW.o
 .text._TrySendOverflowPacket
                0x0800107c       0xe4 ./Core/FreeRTOS/SEGGER/SEGGER/SEGGER_SYSVIEW.o
 .text._SendPacket
                0x08001160      0x2dc ./Core/FreeRTOS/SEGGER/SEGGER/SEGGER_SYSVIEW.o
 .text.SEGGER_SYSVIEW_Init
                0x0800143c       0x88 ./Core/FreeRTOS/SEGGER/SEGGER/SEGGER_SYSVIEW.o
                0x0800143c                SEGGER_SYSVIEW_Init
 .text.SEGGER_SYSVIEW_SetRAMBase
                0x080014c4       0x1c ./Core/FreeRTOS/SEGGER/SEGGER/SEGGER_SYSVIEW.o
                0x080014c4                SEGGER_SYSVIEW_SetRAMBase
 .text.SEGGER_SYSVIEW_RecordVoid
                0x080014e0       0x3c ./Core/FreeRTOS/SEGGER/SEGGER/SEGGER_SYSVIEW.o
                0x080014e0                SEGGER_SYSVIEW_RecordVoid
 .text.SEGGER_SYSVIEW_RecordU32
                0x0800151c       0x78 ./Core/FreeRTOS/SEGGER/SEGGER/SEGGER_SYSVIEW.o
                0x0800151c                SEGGER_SYSVIEW_RecordU32
 .text.SEGGER_SYSVIEW_RecordU32x2
                0x08001594       0xb4 ./Core/FreeRTOS/SEGGER/SEGGER/SEGGER_SYSVIEW.o
                0x08001594                SEGGER_SYSVIEW_RecordU32x2
 .text.SEGGER_SYSVIEW_Start
                0x08001648      0x174 ./Core/FreeRTOS/SEGGER/SEGGER/SEGGER_SYSVIEW.o
                0x08001648                SEGGER_SYSVIEW_Start
 .text.SEGGER_SYSVIEW_Stop
                0x080017bc       0x4c ./Core/FreeRTOS/SEGGER/SEGGER/SEGGER_SYSVIEW.o
                0x080017bc                SEGGER_SYSVIEW_Stop
 .text.SEGGER_SYSVIEW_GetSysDesc
                0x08001808      0x134 ./Core/FreeRTOS/SEGGER/SEGGER/SEGGER_SYSVIEW.o
                0x08001808                SEGGER_SYSVIEW_GetSysDesc
 .text.SEGGER_SYSVIEW_SendTaskInfo
                0x0800193c      0x1c8 ./Core/FreeRTOS/SEGGER/SEGGER/SEGGER_SYSVIEW.o
                0x0800193c                SEGGER_SYSVIEW_SendTaskInfo
 .text.SEGGER_SYSVIEW_SendTaskList
                0x08001b04       0x28 ./Core/FreeRTOS/SEGGER/SEGGER/SEGGER_SYSVIEW.o
                0x08001b04                SEGGER_SYSVIEW_SendTaskList
 .text.SEGGER_SYSVIEW_SendSysDesc
                0x08001b2c       0x48 ./Core/FreeRTOS/SEGGER/SEGGER/SEGGER_SYSVIEW.o
                0x08001b2c                SEGGER_SYSVIEW_SendSysDesc
 .text.SEGGER_SYSVIEW_RecordSystime
                0x08001b74       0x64 ./Core/FreeRTOS/SEGGER/SEGGER/SEGGER_SYSVIEW.o
                0x08001b74                SEGGER_SYSVIEW_RecordSystime
 .text.SEGGER_SYSVIEW_RecordEnterISR
                0x08001bd8       0x84 ./Core/FreeRTOS/SEGGER/SEGGER/SEGGER_SYSVIEW.o
                0x08001bd8                SEGGER_SYSVIEW_RecordEnterISR
 .text.SEGGER_SYSVIEW_RecordExitISR
                0x08001c5c       0x38 ./Core/FreeRTOS/SEGGER/SEGGER/SEGGER_SYSVIEW.o
                0x08001c5c                SEGGER_SYSVIEW_RecordExitISR
 .text.SEGGER_SYSVIEW_RecordExitISRToScheduler
                0x08001c94       0x38 ./Core/FreeRTOS/SEGGER/SEGGER/SEGGER_SYSVIEW.o
                0x08001c94                SEGGER_SYSVIEW_RecordExitISRToScheduler
 .text.SEGGER_SYSVIEW_RecordEndCall
                0x08001ccc       0x78 ./Core/FreeRTOS/SEGGER/SEGGER/SEGGER_SYSVIEW.o
                0x08001ccc                SEGGER_SYSVIEW_RecordEndCall
 .text.SEGGER_SYSVIEW_RecordEndCallU32
                0x08001d44       0xb0 ./Core/FreeRTOS/SEGGER/SEGGER/SEGGER_SYSVIEW.o
                0x08001d44                SEGGER_SYSVIEW_RecordEndCallU32
 .text.SEGGER_SYSVIEW_OnIdle
                0x08001df4       0x38 ./Core/FreeRTOS/SEGGER/SEGGER/SEGGER_SYSVIEW.o
                0x08001df4                SEGGER_SYSVIEW_OnIdle
 .text.SEGGER_SYSVIEW_OnTaskCreate
                0x08001e2c       0x84 ./Core/FreeRTOS/SEGGER/SEGGER/SEGGER_SYSVIEW.o
                0x08001e2c                SEGGER_SYSVIEW_OnTaskCreate
 .text.SEGGER_SYSVIEW_OnTaskStartExec
                0x08001eb0       0x84 ./Core/FreeRTOS/SEGGER/SEGGER/SEGGER_SYSVIEW.o
                0x08001eb0                SEGGER_SYSVIEW_OnTaskStartExec
 .text.SEGGER_SYSVIEW_OnTaskStartReady
                0x08001f34       0x84 ./Core/FreeRTOS/SEGGER/SEGGER/SEGGER_SYSVIEW.o
                0x08001f34                SEGGER_SYSVIEW_OnTaskStartReady
 .text.SEGGER_SYSVIEW_OnTaskStopReady
                0x08001fb8       0xc0 ./Core/FreeRTOS/SEGGER/SEGGER/SEGGER_SYSVIEW.o
                0x08001fb8                SEGGER_SYSVIEW_OnTaskStopReady
 .text.SEGGER_SYSVIEW_ShrinkId
                0x08002078       0x20 ./Core/FreeRTOS/SEGGER/SEGGER/SEGGER_SYSVIEW.o
                0x08002078                SEGGER_SYSVIEW_ShrinkId
 .text.SEGGER_SYSVIEW_SendModule
                0x08002098      0x114 ./Core/FreeRTOS/SEGGER/SEGGER/SEGGER_SYSVIEW.o
                0x08002098                SEGGER_SYSVIEW_SendModule
 .text.SEGGER_SYSVIEW_SendModuleDescription
                0x080021ac       0x3c ./Core/FreeRTOS/SEGGER/SEGGER/SEGGER_SYSVIEW.o
                0x080021ac                SEGGER_SYSVIEW_SendModuleDescription
 .text.SEGGER_SYSVIEW_SendNumModules
                0x080021e8       0x7c ./Core/FreeRTOS/SEGGER/SEGGER/SEGGER_SYSVIEW.o
                0x080021e8                SEGGER_SYSVIEW_SendNumModules
 .text.SEGGER_SYSVIEW_Warn
                0x08002264       0xb8 ./Core/FreeRTOS/SEGGER/SEGGER/SEGGER_SYSVIEW.o
                0x08002264                SEGGER_SYSVIEW_Warn
 .text.vListInitialise
                0x0800231c       0x44 ./Core/FreeRTOS/list.o
                0x0800231c                vListInitialise
 .text.vListInitialiseItem
                0x08002360       0x1e ./Core/FreeRTOS/list.o
                0x08002360                vListInitialiseItem
 .text.vListInsertEnd
                0x0800237e       0x4c ./Core/FreeRTOS/list.o
                0x0800237e                vListInsertEnd
 .text.vListInsert
                0x080023ca       0x76 ./Core/FreeRTOS/list.o
                0x080023ca                vListInsert
 .text.uxListRemove
                0x08002440       0x5e ./Core/FreeRTOS/list.o
                0x08002440                uxListRemove
 *fill*         0x0800249e        0x2 
 .text.xQueueGenericReset
                0x080024a0      0x12c ./Core/FreeRTOS/queue.o
                0x080024a0                xQueueGenericReset
 .text.xQueueGenericCreate
                0x080025cc       0xb0 ./Core/FreeRTOS/queue.o
                0x080025cc                xQueueGenericCreate
 .text.prvInitialiseNewQueue
                0x0800267c       0x46 ./Core/FreeRTOS/queue.o
 *fill*         0x080026c2        0x2 
 .text.xQueueReceive
                0x080026c4      0x1dc ./Core/FreeRTOS/queue.o
                0x080026c4                xQueueReceive
 .text.prvCopyDataFromQueue
                0x080028a0       0x4c ./Core/FreeRTOS/queue.o
 .text.prvUnlockQueue
                0x080028ec       0xa4 ./Core/FreeRTOS/queue.o
 .text.prvIsQueueEmpty
                0x08002990       0x2c ./Core/FreeRTOS/queue.o
 .text.vQueueAddToRegistry
                0x080029bc       0xa0 ./Core/FreeRTOS/queue.o
                0x080029bc                vQueueAddToRegistry
 .text.vQueueWaitForMessageRestricted
                0x08002a5c       0x6e ./Core/FreeRTOS/queue.o
                0x08002a5c                vQueueWaitForMessageRestricted
 .text.prvCreateTask
                0x08002aca       0x78 ./Core/FreeRTOS/tasks.o
 .text.xTaskCreate
                0x08002b42       0x50 ./Core/FreeRTOS/tasks.o
                0x08002b42                xTaskCreate
 .text.prvInitialiseNewTask
                0x08002b92      0x120 ./Core/FreeRTOS/tasks.o
 *fill*         0x08002cb2        0x2 
 .text.prvAddNewTaskToReadyList
                0x08002cb4      0x16c ./Core/FreeRTOS/tasks.o
 .text.vTaskDelete
                0x08002e20      0x19c ./Core/FreeRTOS/tasks.o
                0x08002e20                vTaskDelete
 .text.vTaskDelay
                0x08002fbc       0x70 ./Core/FreeRTOS/tasks.o
                0x08002fbc                vTaskDelay
 .text.prvCreateIdleTasks
                0x0800302c       0xb0 ./Core/FreeRTOS/tasks.o
 .text.vTaskStartScheduler
                0x080030dc       0xb8 ./Core/FreeRTOS/tasks.o
                0x080030dc                vTaskStartScheduler
 .text.vTaskSuspendAll
                0x08003194       0x1c ./Core/FreeRTOS/tasks.o
                0x08003194                vTaskSuspendAll
 .text.xTaskResumeAll
                0x080031b0      0x224 ./Core/FreeRTOS/tasks.o
                0x080031b0                xTaskResumeAll
 .text.xTaskGetTickCount
                0x080033d4       0x24 ./Core/FreeRTOS/tasks.o
                0x080033d4                xTaskGetTickCount
 .text.xTaskGetTickCountFromISR
                0x080033f8       0x2c ./Core/FreeRTOS/tasks.o
                0x080033f8                xTaskGetTickCountFromISR
 .text.xTaskIncrementTick
                0x08003424      0x244 ./Core/FreeRTOS/tasks.o
                0x08003424                xTaskIncrementTick
 .text.vTaskSwitchContext
                0x08003668      0x110 ./Core/FreeRTOS/tasks.o
                0x08003668                vTaskSwitchContext
 .text.vTaskPlaceOnEventList
                0x08003778       0x50 ./Core/FreeRTOS/tasks.o
                0x08003778                vTaskPlaceOnEventList
 .text.vTaskPlaceOnEventListRestricted
                0x080037c8       0x94 ./Core/FreeRTOS/tasks.o
                0x080037c8                vTaskPlaceOnEventListRestricted
 .text.xTaskRemoveFromEventList
                0x0800385c      0x1c0 ./Core/FreeRTOS/tasks.o
                0x0800385c                xTaskRemoveFromEventList
 .text.vTaskInternalSetTimeOutState
                0x08003a1c       0x30 ./Core/FreeRTOS/tasks.o
                0x08003a1c                vTaskInternalSetTimeOutState
 .text.xTaskCheckForTimeOut
                0x08003a4c       0xf8 ./Core/FreeRTOS/tasks.o
                0x08003a4c                xTaskCheckForTimeOut
 .text.vTaskMissedYield
                0x08003b44       0x18 ./Core/FreeRTOS/tasks.o
                0x08003b44                vTaskMissedYield
 .text.prvIdleTask
                0x08003b5c       0x30 ./Core/FreeRTOS/tasks.o
 .text.prvInitialiseTaskLists
                0x08003b8c       0x80 ./Core/FreeRTOS/tasks.o
 .text.prvCheckTasksWaitingTermination
                0x08003c0c       0x5c ./Core/FreeRTOS/tasks.o
 .text.prvTaskCheckFreeStackSpace
                0x08003c68       0x34 ./Core/FreeRTOS/tasks.o
 .text.uxTaskGetStackHighWaterMark
                0x08003c9c       0x5c ./Core/FreeRTOS/tasks.o
                0x08003c9c                uxTaskGetStackHighWaterMark
 .text.prvDeleteTCB
                0x08003cf8       0x20 ./Core/FreeRTOS/tasks.o
 .text.prvResetNextTaskUnblockTime
                0x08003d18       0x34 ./Core/FreeRTOS/tasks.o
 .text.xTaskGetSchedulerState
                0x08003d4c       0x44 ./Core/FreeRTOS/tasks.o
                0x08003d4c                xTaskGetSchedulerState
 .text.prvAddCurrentTaskToDelayedList
                0x08003d90      0x124 ./Core/FreeRTOS/tasks.o
 .text.xTimerCreateTimerTask
                0x08003eb4       0x74 ./Core/FreeRTOS/timers.o
                0x08003eb4                xTimerCreateTimerTask
 .text.prvReloadTimer
                0x08003f28       0x42 ./Core/FreeRTOS/timers.o
 *fill*         0x08003f6a        0x2 
 .text.prvProcessExpiredTimer
                0x08003f6c       0x60 ./Core/FreeRTOS/timers.o
 .text.prvTimerTask
                0x08003fcc       0x26 ./Core/FreeRTOS/timers.o
 *fill*         0x08003ff2        0x2 
 .text.prvProcessTimerOrBlockTask
                0x08003ff4       0x9c ./Core/FreeRTOS/timers.o
 .text.prvGetNextExpireTime
                0x08004090       0x44 ./Core/FreeRTOS/timers.o
 .text.prvSampleTimeNow
                0x080040d4       0x40 ./Core/FreeRTOS/timers.o
 .text.prvInsertTimerInActiveList
                0x08004114       0x84 ./Core/FreeRTOS/timers.o
 .text.prvProcessReceivedCommands
                0x08004198      0x1d0 ./Core/FreeRTOS/timers.o
 .text.prvSwitchTimerLists
                0x08004368       0x4c ./Core/FreeRTOS/timers.o
 .text.prvCheckForValidListAndQueue
                0x080043b4       0x6c ./Core/FreeRTOS/timers.o
 .text.pxPortInitialiseStack
                0x08004420       0x58 ./Core/FreeRTOS/portable/GCC/ARM_CM3/port.o
                0x08004420                pxPortInitialiseStack
 .text.prvTaskExitError
                0x08004478       0x58 ./Core/FreeRTOS/portable/GCC/ARM_CM3/port.o
 .text.SVC_Handler
                0x080044d0       0x28 ./Core/FreeRTOS/portable/GCC/ARM_CM3/port.o
                0x080044d0                SVC_Handler
 .text.prvPortStartFirstTask
                0x080044f8       0x24 ./Core/FreeRTOS/portable/GCC/ARM_CM3/port.o
 .text.xPortStartScheduler
                0x0800451c      0x17c ./Core/FreeRTOS/portable/GCC/ARM_CM3/port.o
                0x0800451c                xPortStartScheduler
 .text.vPortEnterCritical
                0x08004698       0x60 ./Core/FreeRTOS/portable/GCC/ARM_CM3/port.o
                0x08004698                vPortEnterCritical
 .text.vPortExitCritical
                0x080046f8       0x54 ./Core/FreeRTOS/portable/GCC/ARM_CM3/port.o
                0x080046f8                vPortExitCritical
 .text.PendSV_Handler
                0x0800474c       0x48 ./Core/FreeRTOS/portable/GCC/ARM_CM3/port.o
                0x0800474c                PendSV_Handler
 .text.SysTick_Handler
                0x08004794       0x54 ./Core/FreeRTOS/portable/GCC/ARM_CM3/port.o
                0x08004794                SysTick_Handler
 .text.vPortSetupTimerInterrupt
                0x080047e8       0x44 ./Core/FreeRTOS/portable/GCC/ARM_CM3/port.o
                0x080047e8                vPortSetupTimerInterrupt
 .text.vPortValidateInterruptPriority
                0x0800482c       0x80 ./Core/FreeRTOS/portable/GCC/ARM_CM3/port.o
                0x0800482c                vPortValidateInterruptPriority
 .text.pvPortMalloc
                0x080048ac      0x270 ./Core/FreeRTOS/portable/MemMang/heap_4.o
                0x080048ac                pvPortMalloc
 .text.vPortFree
                0x08004b1c       0xf4 ./Core/FreeRTOS/portable/MemMang/heap_4.o
                0x08004b1c                vPortFree
 .text.prvHeapInit
                0x08004c10       0xb4 ./Core/FreeRTOS/portable/MemMang/heap_4.o
 .text.prvInsertBlockIntoFreeList
                0x08004cc4       0xf4 ./Core/FreeRTOS/portable/MemMang/heap_4.o
 .text.Kalman_getAngle
                0x08004db8      0x230 ./Core/Src/main.o
                0x08004db8                Kalman_getAngle
 .text.main     0x08004fe8       0x68 ./Core/Src/main.o
                0x08004fe8                main
 .text.SystemClock_Config
                0x08005050       0x76 ./Core/Src/main.o
                0x08005050                SystemClock_Config
 *fill*         0x080050c6        0x2 
 .text.vSystemViewStartTask
                0x080050c8       0x80 ./Core/Src/main.o
                0x080050c8                vSystemViewStartTask
 .text.vConfigureTimerForRunTimeStats
                0x08005148       0x54 ./Core/Src/main.o
                0x08005148                vConfigureTimerForRunTimeStats
 .text.ulGetRunTimeCounterValue
                0x0800519c       0x12 ./Core/Src/main.o
                0x0800519c                ulGetRunTimeCounterValue
 *fill*         0x080051ae        0x2 
 .text.MPU6050Init
                0x080051b0       0xbc ./Core/Src/main.o
                0x080051b0                MPU6050Init
 .text.MPU6050ReadG
                0x0800526c       0xd8 ./Core/Src/main.o
                0x0800526c                MPU6050ReadG
 .text.MPU6050ReadA
                0x08005344       0xdc ./Core/Src/main.o
                0x08005344                MPU6050ReadA
 .text.TaskMPU6050_Read
                0x08005420      0x148 ./Core/Src/main.o
                0x08005420                TaskMPU6050_Read
 .text.MX_I2C1_Init
                0x08005568       0x5c ./Core/Src/main.o
 .text.MX_GPIO_Init
                0x080055c4       0x5c ./Core/Src/main.o
 .text.HAL_TIM_PeriodElapsedCallback
                0x08005620       0x24 ./Core/Src/main.o
                0x08005620                HAL_TIM_PeriodElapsedCallback
 .text.Error_Handler
                0x08005644        0xc ./Core/Src/main.o
                0x08005644                Error_Handler
 .text.HAL_MspInit
                0x08005650       0x64 ./Core/Src/stm32f1xx_hal_msp.o
                0x08005650                HAL_MspInit
 .text.HAL_I2C_MspInit
                0x080056b4       0x7c ./Core/Src/stm32f1xx_hal_msp.o
                0x080056b4                HAL_I2C_MspInit
 .text.HAL_InitTick
                0x08005730       0xe4 ./Core/Src/stm32f1xx_hal_timebase_tim.o
                0x08005730                HAL_InitTick
 .text.NMI_Handler
                0x08005814        0x8 ./Core/Src/stm32f1xx_it.o
                0x08005814                NMI_Handler
 .text.HardFault_Handler
                0x0800581c        0x8 ./Core/Src/stm32f1xx_it.o
                0x0800581c                HardFault_Handler
 .text.MemManage_Handler
                0x08005824        0x8 ./Core/Src/stm32f1xx_it.o
                0x08005824                MemManage_Handler
 .text.BusFault_Handler
                0x0800582c        0x8 ./Core/Src/stm32f1xx_it.o
                0x0800582c                BusFault_Handler
 .text.UsageFault_Handler
                0x08005834        0x8 ./Core/Src/stm32f1xx_it.o
                0x08005834                UsageFault_Handler
 .text.DebugMon_Handler
                0x0800583c        0xc ./Core/Src/stm32f1xx_it.o
                0x0800583c                DebugMon_Handler
 .text.TIM1_UP_IRQHandler
                0x08005848       0x14 ./Core/Src/stm32f1xx_it.o
                0x08005848                TIM1_UP_IRQHandler
 .text.SystemInit
                0x0800585c        0xc ./Core/Src/system_stm32f1xx.o
                0x0800585c                SystemInit
 .text.Reset_Handler
                0x08005868       0x48 ./Core/Startup/startup_stm32f103c8tx.o
                0x08005868                Reset_Handler
 .text.Default_Handler
                0x080058b0        0x2 ./Core/Startup/startup_stm32f103c8tx.o
                0x080058b0                RTC_Alarm_IRQHandler
                0x080058b0                EXTI2_IRQHandler
                0x080058b0                TIM1_CC_IRQHandler
                0x080058b0                PVD_IRQHandler
                0x080058b0                EXTI3_IRQHandler
                0x080058b0                EXTI0_IRQHandler
                0x080058b0                I2C2_EV_IRQHandler
                0x080058b0                ADC1_2_IRQHandler
                0x080058b0                SPI1_IRQHandler
                0x080058b0                TAMPER_IRQHandler
                0x080058b0                DMA1_Channel4_IRQHandler
                0x080058b0                USART3_IRQHandler
                0x080058b0                RTC_IRQHandler
                0x080058b0                DMA1_Channel7_IRQHandler
                0x080058b0                CAN1_RX1_IRQHandler
                0x080058b0                TIM4_IRQHandler
                0x080058b0                I2C1_EV_IRQHandler
                0x080058b0                DMA1_Channel6_IRQHandler
                0x080058b0                TIM3_IRQHandler
                0x080058b0                RCC_IRQHandler
                0x080058b0                TIM1_TRG_COM_IRQHandler
                0x080058b0                DMA1_Channel1_IRQHandler
                0x080058b0                Default_Handler
                0x080058b0                EXTI15_10_IRQHandler
                0x080058b0                EXTI9_5_IRQHandler
                0x080058b0                SPI2_IRQHandler
                0x080058b0                DMA1_Channel5_IRQHandler
                0x080058b0                EXTI4_IRQHandler
                0x080058b0                USB_LP_CAN1_RX0_IRQHandler
                0x080058b0                USB_HP_CAN1_TX_IRQHandler
                0x080058b0                DMA1_Channel3_IRQHandler
                0x080058b0                WWDG_IRQHandler
                0x080058b0                TIM2_IRQHandler
                0x080058b0                TIM1_BRK_IRQHandler
                0x080058b0                EXTI1_IRQHandler
                0x080058b0                USART2_IRQHandler
                0x080058b0                I2C2_ER_IRQHandler
                0x080058b0                DMA1_Channel2_IRQHandler
                0x080058b0                CAN1_SCE_IRQHandler
                0x080058b0                FLASH_IRQHandler
                0x080058b0                USART1_IRQHandler
                0x080058b0                I2C1_ER_IRQHandler
                0x080058b0                USBWakeUp_IRQHandler
 *fill*         0x080058b2        0x2 
 .text.HAL_Init
                0x080058b4       0x2c ./Drivers/STM32F1xx_HAL_Driver/Src/stm32f1xx_hal.o
                0x080058b4                HAL_Init
 .text.HAL_IncTick
                0x080058e0       0x24 ./Drivers/STM32F1xx_HAL_Driver/Src/stm32f1xx_hal.o
                0x080058e0                HAL_IncTick
 .text.HAL_GetTick
                0x08005904       0x14 ./Drivers/STM32F1xx_HAL_Driver/Src/stm32f1xx_hal.o
                0x08005904                HAL_GetTick
 .text.__NVIC_SetPriorityGrouping
                0x08005918       0x48 ./Drivers/STM32F1xx_HAL_Driver/Src/stm32f1xx_hal_cortex.o
 .text.__NVIC_GetPriorityGrouping
                0x08005960       0x1c ./Drivers/STM32F1xx_HAL_Driver/Src/stm32f1xx_hal_cortex.o
 .text.__NVIC_EnableIRQ
                0x0800597c       0x38 ./Drivers/STM32F1xx_HAL_Driver/Src/stm32f1xx_hal_cortex.o
 .text.__NVIC_SetPriority
                0x080059b4       0x54 ./Drivers/STM32F1xx_HAL_Driver/Src/stm32f1xx_hal_cortex.o
 .text.NVIC_EncodePriority
                0x08005a08       0x64 ./Drivers/STM32F1xx_HAL_Driver/Src/stm32f1xx_hal_cortex.o
 .text.HAL_NVIC_SetPriorityGrouping
                0x08005a6c       0x16 ./Drivers/STM32F1xx_HAL_Driver/Src/stm32f1xx_hal_cortex.o
                0x08005a6c                HAL_NVIC_SetPriorityGrouping
 .text.HAL_NVIC_SetPriority
                0x08005a82       0x38 ./Drivers/STM32F1xx_HAL_Driver/Src/stm32f1xx_hal_cortex.o
                0x08005a82                HAL_NVIC_SetPriority
 .text.HAL_NVIC_EnableIRQ
                0x08005aba       0x1c ./Drivers/STM32F1xx_HAL_Driver/Src/stm32f1xx_hal_cortex.o
                0x08005aba                HAL_NVIC_EnableIRQ
 *fill*         0x08005ad6        0x2 
 .text.HAL_GPIO_Init
                0x08005ad8      0x308 ./Drivers/STM32F1xx_HAL_Driver/Src/stm32f1xx_hal_gpio.o
                0x08005ad8                HAL_GPIO_Init
 .text.HAL_I2C_Init
                0x08005de0      0x288 ./Drivers/STM32F1xx_HAL_Driver/Src/stm32f1xx_hal_i2c.o
                0x08005de0                HAL_I2C_Init
 .text.HAL_I2C_Mem_Write
                0x08006068      0x1f4 ./Drivers/STM32F1xx_HAL_Driver/Src/stm32f1xx_hal_i2c.o
                0x08006068                HAL_I2C_Mem_Write
 .text.HAL_I2C_Mem_Read
                0x0800625c      0x4e8 ./Drivers/STM32F1xx_HAL_Driver/Src/stm32f1xx_hal_i2c.o
                0x0800625c                HAL_I2C_Mem_Read
 .text.I2C_RequestMemoryWrite
                0x08006744      0x12c ./Drivers/STM32F1xx_HAL_Driver/Src/stm32f1xx_hal_i2c.o
 .text.I2C_RequestMemoryRead
                0x08006870      0x1d0 ./Drivers/STM32F1xx_HAL_Driver/Src/stm32f1xx_hal_i2c.o
 .text.I2C_WaitOnFlagUntilTimeout
                0x08006a40       0xf4 ./Drivers/STM32F1xx_HAL_Driver/Src/stm32f1xx_hal_i2c.o
 .text.I2C_WaitOnMasterAddressFlagUntilTimeout
                0x08006b34      0x140 ./Drivers/STM32F1xx_HAL_Driver/Src/stm32f1xx_hal_i2c.o
 .text.I2C_WaitOnTXEFlagUntilTimeout
                0x08006c74       0x90 ./Drivers/STM32F1xx_HAL_Driver/Src/stm32f1xx_hal_i2c.o
 .text.I2C_WaitOnBTFFlagUntilTimeout
                0x08006d04       0x90 ./Drivers/STM32F1xx_HAL_Driver/Src/stm32f1xx_hal_i2c.o
 .text.I2C_WaitOnRXNEFlagUntilTimeout
                0x08006d94       0xba ./Drivers/STM32F1xx_HAL_Driver/Src/stm32f1xx_hal_i2c.o
 .text.I2C_IsAcknowledgeFailed
                0x08006e4e       0x5c ./Drivers/STM32F1xx_HAL_Driver/Src/stm32f1xx_hal_i2c.o
 *fill*         0x08006eaa        0x2 
 .text.HAL_RCC_OscConfig
                0x08006eac      0x504 ./Drivers/STM32F1xx_HAL_Driver/Src/stm32f1xx_hal_rcc.o
                0x08006eac                HAL_RCC_OscConfig
 .text.HAL_RCC_ClockConfig
                0x080073b0      0x1d4 ./Drivers/STM32F1xx_HAL_Driver/Src/stm32f1xx_hal_rcc.o
                0x080073b0                HAL_RCC_ClockConfig
 .text.HAL_RCC_GetSysClockFreq
                0x08007584       0xa8 ./Drivers/STM32F1xx_HAL_Driver/Src/stm32f1xx_hal_rcc.o
                0x08007584                HAL_RCC_GetSysClockFreq
 .text.HAL_RCC_GetHCLKFreq
                0x0800762c       0x14 ./Drivers/STM32F1xx_HAL_Driver/Src/stm32f1xx_hal_rcc.o
                0x0800762c                HAL_RCC_GetHCLKFreq
 .text.HAL_RCC_GetPCLK1Freq
                0x08007640       0x28 ./Drivers/STM32F1xx_HAL_Driver/Src/stm32f1xx_hal_rcc.o
                0x08007640                HAL_RCC_GetPCLK1Freq
 .text.HAL_RCC_GetPCLK2Freq
                0x08007668       0x28 ./Drivers/STM32F1xx_HAL_Driver/Src/stm32f1xx_hal_rcc.o
                0x08007668                HAL_RCC_GetPCLK2Freq
 .text.HAL_RCC_GetClockConfig
                0x08007690       0x60 ./Drivers/STM32F1xx_HAL_Driver/Src/stm32f1xx_hal_rcc.o
                0x08007690                HAL_RCC_GetClockConfig
 .text.RCC_Delay
                0x080076f0       0x3c ./Drivers/STM32F1xx_HAL_Driver/Src/stm32f1xx_hal_rcc.o
 .text.HAL_TIM_Base_Init
                0x0800772c       0x9e ./Drivers/STM32F1xx_HAL_Driver/Src/stm32f1xx_hal_tim.o
                0x0800772c                HAL_TIM_Base_Init
 .text.HAL_TIM_Base_MspInit
                0x080077ca       0x12 ./Drivers/STM32F1xx_HAL_Driver/Src/stm32f1xx_hal_tim.o
                0x080077ca                HAL_TIM_Base_MspInit
 .text.HAL_TIM_Base_Start_IT
                0x080077dc       0xa4 ./Drivers/STM32F1xx_HAL_Driver/Src/stm32f1xx_hal_tim.o
                0x080077dc                HAL_TIM_Base_Start_IT
 .text.HAL_TIM_IRQHandler
                0x08007880      0x1e0 ./Drivers/STM32F1xx_HAL_Driver/Src/stm32f1xx_hal_tim.o
                0x08007880                HAL_TIM_IRQHandler
 .text.HAL_TIM_OC_DelayElapsedCallback
                0x08007a60       0x12 ./Drivers/STM32F1xx_HAL_Driver/Src/stm32f1xx_hal_tim.o
                0x08007a60                HAL_TIM_OC_DelayElapsedCallback
 .text.HAL_TIM_IC_CaptureCallback
                0x08007a72       0x12 ./Drivers/STM32F1xx_HAL_Driver/Src/stm32f1xx_hal_tim.o
                0x08007a72                HAL_TIM_IC_CaptureCallback
 .text.HAL_TIM_PWM_PulseFinishedCallback
                0x08007a84       0x12 ./Drivers/STM32F1xx_HAL_Driver/Src/stm32f1xx_hal_tim.o
                0x08007a84                HAL_TIM_PWM_PulseFinishedCallback
 .text.HAL_TIM_TriggerCallback
                0x08007a96       0x12 ./Drivers/STM32F1xx_HAL_Driver/Src/stm32f1xx_hal_tim.o
                0x08007a96                HAL_TIM_TriggerCallback
 .text.TIM_Base_SetConfig
                0x08007aa8       0xdc ./Drivers/STM32F1xx_HAL_Driver/Src/stm32f1xx_hal_tim.o
                0x08007aa8                TIM_Base_SetConfig
 .text.HAL_TIMEx_CommutCallback
                0x08007b84       0x12 ./Drivers/STM32F1xx_HAL_Driver/Src/stm32f1xx_hal_tim_ex.o
                0x08007b84                HAL_TIMEx_CommutCallback
 .text.HAL_TIMEx_BreakCallback
                0x08007b96       0x12 ./Drivers/STM32F1xx_HAL_Driver/Src/stm32f1xx_hal_tim_ex.o
                0x08007b96                HAL_TIMEx_BreakCallback
 .text.memcmp   0x08007ba8       0x20 D:/STM32CubeIDE_1.17.0/STM32CubeIDE/plugins/com.st.stm32cube.ide.mcu.externaltools.gnu-tools-for-stm32.12.3.rel1.win32_1.1.0.202410251130/tools/bin/../lib/gcc/arm-none-eabi/12.3.1/../../../../arm-none-eabi/lib/thumb/v7-m/nofp\libc_nano.a(libc_a-memcmp.o)
                0x08007ba8                memcmp
 .text.memset   0x08007bc8       0x10 D:/STM32CubeIDE_1.17.0/STM32CubeIDE/plugins/com.st.stm32cube.ide.mcu.externaltools.gnu-tools-for-stm32.12.3.rel1.win32_1.1.0.202410251130/tools/bin/../lib/gcc/arm-none-eabi/12.3.1/../../../../arm-none-eabi/lib/thumb/v7-m/nofp\libc_nano.a(libc_a-memset.o)
                0x08007bc8                memset
 .text.__errno  0x08007bd8        0xc D:/STM32CubeIDE_1.17.0/STM32CubeIDE/plugins/com.st.stm32cube.ide.mcu.externaltools.gnu-tools-for-stm32.12.3.rel1.win32_1.1.0.202410251130/tools/bin/../lib/gcc/arm-none-eabi/12.3.1/../../../../arm-none-eabi/lib/thumb/v7-m/nofp\libc_nano.a(libc_a-errno.o)
                0x08007bd8                __errno
 .text.__libc_init_array
                0x08007be4       0x48 D:/STM32CubeIDE_1.17.0/STM32CubeIDE/plugins/com.st.stm32cube.ide.mcu.externaltools.gnu-tools-for-stm32.12.3.rel1.win32_1.1.0.202410251130/tools/bin/../lib/gcc/arm-none-eabi/12.3.1/../../../../arm-none-eabi/lib/thumb/v7-m/nofp\libc_nano.a(libc_a-init.o)
                0x08007be4                __libc_init_array
 .text.memcpy   0x08007c2c       0x1c D:/STM32CubeIDE_1.17.0/STM32CubeIDE/plugins/com.st.stm32cube.ide.mcu.externaltools.gnu-tools-for-stm32.12.3.rel1.win32_1.1.0.202410251130/tools/bin/../lib/gcc/arm-none-eabi/12.3.1/../../../../arm-none-eabi/lib/thumb/v7-m/nofp\libc_nano.a(libc_a-memcpy-stub.o)
                0x08007c2c                memcpy
 .text.atan2f   0x08007c48        0x4 D:/STM32CubeIDE_1.17.0/STM32CubeIDE/plugins/com.st.stm32cube.ide.mcu.externaltools.gnu-tools-for-stm32.12.3.rel1.win32_1.1.0.202410251130/tools/bin/../lib/gcc/arm-none-eabi/12.3.1/../../../../arm-none-eabi/lib/thumb/v7-m/nofp\libm.a(libm_a-wf_atan2.o)
                0x08007c48                atan2f
 .text.sqrtf    0x08007c4c       0x34 D:/STM32CubeIDE_1.17.0/STM32CubeIDE/plugins/com.st.stm32cube.ide.mcu.externaltools.gnu-tools-for-stm32.12.3.rel1.win32_1.1.0.202410251130/tools/bin/../lib/gcc/arm-none-eabi/12.3.1/../../../../arm-none-eabi/lib/thumb/v7-m/nofp\libm.a(libm_a-wf_sqrt.o)
                0x08007c4c                sqrtf
 .text.__ieee754_sqrtf
                0x08007c80       0xe0 D:/STM32CubeIDE_1.17.0/STM32CubeIDE/plugins/com.st.stm32cube.ide.mcu.externaltools.gnu-tools-for-stm32.12.3.rel1.win32_1.1.0.202410251130/tools/bin/../lib/gcc/arm-none-eabi/12.3.1/../../../../arm-none-eabi/lib/thumb/v7-m/nofp\libm.a(libm_a-ef_sqrt.o)
                0x08007c80                __ieee754_sqrtf
 .text.__ieee754_atan2f
                0x08007d60      0x110 D:/STM32CubeIDE_1.17.0/STM32CubeIDE/plugins/com.st.stm32cube.ide.mcu.externaltools.gnu-tools-for-stm32.12.3.rel1.win32_1.1.0.202410251130/tools/bin/../lib/gcc/arm-none-eabi/12.3.1/../../../../arm-none-eabi/lib/thumb/v7-m/nofp\libm.a(libm_a-ef_atan2.o)
                0x08007d60                __ieee754_atan2f
 .text.atanf    0x08007e70      0x218 D:/STM32CubeIDE_1.17.0/STM32CubeIDE/plugins/com.st.stm32cube.ide.mcu.externaltools.gnu-tools-for-stm32.12.3.rel1.win32_1.1.0.202410251130/tools/bin/../lib/gcc/arm-none-eabi/12.3.1/../../../../arm-none-eabi/lib/thumb/v7-m/nofp\libm.a(libm_a-sf_atan.o)
                0x08007e70                atanf
 .text.fabsf    0x08008088        0x6 D:/STM32CubeIDE_1.17.0/STM32CubeIDE/plugins/com.st.stm32cube.ide.mcu.externaltools.gnu-tools-for-stm32.12.3.rel1.win32_1.1.0.202410251130/tools/bin/../lib/gcc/arm-none-eabi/12.3.1/../../../../arm-none-eabi/lib/thumb/v7-m/nofp\libm.a(libm_a-sf_fabs.o)
                0x08008088                fabsf
 *(.glue_7)
 .glue_7        0x0800808e        0x0 linker stubs
 *(.glue_7t)
 .glue_7t       0x0800808e        0x0 linker stubs
 *(.eh_frame)
 *fill*         0x0800808e        0x2 
 .eh_frame      0x08008090        0x0 D:/STM32CubeIDE_1.17.0/STM32CubeIDE/plugins/com.st.stm32cube.ide.mcu.externaltools.gnu-tools-for-stm32.12.3.rel1.win32_1.1.0.202410251130/tools/bin/../lib/gcc/arm-none-eabi/12.3.1/thumb/v7-m/nofp/crtbegin.o
 *(.init)
 .init          0x08008090        0x4 D:/STM32CubeIDE_1.17.0/STM32CubeIDE/plugins/com.st.stm32cube.ide.mcu.externaltools.gnu-tools-for-stm32.12.3.rel1.win32_1.1.0.202410251130/tools/bin/../lib/gcc/arm-none-eabi/12.3.1/thumb/v7-m/nofp/crti.o
                0x08008090                _init
 .init          0x08008094        0x8 D:/STM32CubeIDE_1.17.0/STM32CubeIDE/plugins/com.st.stm32cube.ide.mcu.externaltools.gnu-tools-for-stm32.12.3.rel1.win32_1.1.0.202410251130/tools/bin/../lib/gcc/arm-none-eabi/12.3.1/thumb/v7-m/nofp/crtn.o
 *(.fini)
 .fini          0x0800809c        0x4 D:/STM32CubeIDE_1.17.0/STM32CubeIDE/plugins/com.st.stm32cube.ide.mcu.externaltools.gnu-tools-for-stm32.12.3.rel1.win32_1.1.0.202410251130/tools/bin/../lib/gcc/arm-none-eabi/12.3.1/thumb/v7-m/nofp/crti.o
                0x0800809c                _fini
 .fini          0x080080a0        0x8 D:/STM32CubeIDE_1.17.0/STM32CubeIDE/plugins/com.st.stm32cube.ide.mcu.externaltools.gnu-tools-for-stm32.12.3.rel1.win32_1.1.0.202410251130/tools/bin/../lib/gcc/arm-none-eabi/12.3.1/thumb/v7-m/nofp/crtn.o
                0x080080a8                        . = ALIGN (0x4)
                0x080080a8                        _etext = .

.vfp11_veneer   0x080080a8        0x0
 .vfp11_veneer  0x080080a8        0x0 linker stubs

.v4_bx          0x080080a8        0x0
 .v4_bx         0x080080a8        0x0 linker stubs

.iplt           0x080080a8        0x0
 .iplt          0x080080a8        0x0 D:/STM32CubeIDE_1.17.0/STM32CubeIDE/plugins/com.st.stm32cube.ide.mcu.externaltools.gnu-tools-for-stm32.12.3.rel1.win32_1.1.0.202410251130/tools/bin/../lib/gcc/arm-none-eabi/12.3.1/thumb/v7-m/nofp/crtbegin.o

.rodata         0x080080a8      0x19c
                0x080080a8                        . = ALIGN (0x4)
 *(.rodata)
 .rodata        0x080080a8       0x41 ./Core/FreeRTOS/SEGGER/Config/SEGGER_SYSVIEW_Config_FreeRTOS.o
 *fill*         0x080080e9        0x3 
 .rodata        0x080080ec       0x58 ./Core/FreeRTOS/SEGGER/OS/SEGGER_SYSVIEW_FreeRTOS.o
 .rodata        0x08008144        0x9 ./Core/FreeRTOS/SEGGER/SEGGER/SEGGER_RTT.o
 *fill*         0x0800814d        0x3 
 .rodata        0x08008150       0x10 ./Core/FreeRTOS/SEGGER/SEGGER/SEGGER_SYSVIEW.o
 .rodata        0x08008160       0x30 ./Core/FreeRTOS/tasks.o
 .rodata        0x08008190        0xd ./Core/FreeRTOS/timers.o
 *fill*         0x0800819d        0x3 
 .rodata        0x080081a0       0x15 ./Core/Src/main.o
 *(.rodata*)
 *fill*         0x080081b5        0x3 
 .rodata.SYSVIEW_X_OS_TraceAPI
                0x080081b8        0x8 ./Core/FreeRTOS/SEGGER/OS/SEGGER_SYSVIEW_FreeRTOS.o
                0x080081b8                SYSVIEW_X_OS_TraceAPI
 .rodata._aInitStr.0
                0x080081c0       0x11 ./Core/FreeRTOS/SEGGER/SEGGER/SEGGER_RTT.o
 *fill*         0x080081d1        0x3 
 .rodata._abSync
                0x080081d4        0xa ./Core/FreeRTOS/SEGGER/SEGGER/SEGGER_SYSVIEW.o
 *fill*         0x080081de        0x2 
 .rodata.AHBPrescTable
                0x080081e0       0x10 ./Core/Src/system_stm32f1xx.o
                0x080081e0                AHBPrescTable
 .rodata.APBPrescTable
                0x080081f0        0x8 ./Core/Src/system_stm32f1xx.o
                0x080081f0                APBPrescTable
 .rodata.aPLLMULFactorTable.1
                0x080081f8       0x10 ./Drivers/STM32F1xx_HAL_Driver/Src/stm32f1xx_hal_rcc.o
 .rodata.aPredivFactorTable.0
                0x08008208        0x2 ./Drivers/STM32F1xx_HAL_Driver/Src/stm32f1xx_hal_rcc.o
 *fill*         0x0800820a        0x2 
 .rodata.CSWTCH.9
                0x0800820c        0xc D:/STM32CubeIDE_1.17.0/STM32CubeIDE/plugins/com.st.stm32cube.ide.mcu.externaltools.gnu-tools-for-stm32.12.3.rel1.win32_1.1.0.202410251130/tools/bin/../lib/gcc/arm-none-eabi/12.3.1/../../../../arm-none-eabi/lib/thumb/v7-m/nofp\libm.a(libm_a-ef_atan2.o)
 .rodata.CSWTCH.8
                0x08008218        0xc D:/STM32CubeIDE_1.17.0/STM32CubeIDE/plugins/com.st.stm32cube.ide.mcu.externaltools.gnu-tools-for-stm32.12.3.rel1.win32_1.1.0.202410251130/tools/bin/../lib/gcc/arm-none-eabi/12.3.1/../../../../arm-none-eabi/lib/thumb/v7-m/nofp\libm.a(libm_a-ef_atan2.o)
 .rodata.atanlo
                0x08008224       0x10 D:/STM32CubeIDE_1.17.0/STM32CubeIDE/plugins/com.st.stm32cube.ide.mcu.externaltools.gnu-tools-for-stm32.12.3.rel1.win32_1.1.0.202410251130/tools/bin/../lib/gcc/arm-none-eabi/12.3.1/../../../../arm-none-eabi/lib/thumb/v7-m/nofp\libm.a(libm_a-sf_atan.o)
 .rodata.atanhi
                0x08008234       0x10 D:/STM32CubeIDE_1.17.0/STM32CubeIDE/plugins/com.st.stm32cube.ide.mcu.externaltools.gnu-tools-for-stm32.12.3.rel1.win32_1.1.0.202410251130/tools/bin/../lib/gcc/arm-none-eabi/12.3.1/../../../../arm-none-eabi/lib/thumb/v7-m/nofp\libm.a(libm_a-sf_atan.o)
                0x08008244                        . = ALIGN (0x4)

.ARM.extab      0x08008244        0x0
                0x08008244                        . = ALIGN (0x4)
 *(.ARM.extab* .gnu.linkonce.armextab.*)
                0x08008244                        . = ALIGN (0x4)

.ARM            0x08008244        0x0
                0x08008244                        . = ALIGN (0x4)
                0x08008244                        __exidx_start = .
 *(.ARM.exidx*)
                0x08008244                        __exidx_end = .
                0x08008244                        . = ALIGN (0x4)

.preinit_array  0x08008244        0x0
                0x08008244                        . = ALIGN (0x4)
                0x08008244                        PROVIDE (__preinit_array_start = .)
 *(.preinit_array*)
                0x08008244                        PROVIDE (__preinit_array_end = .)
                0x08008244                        . = ALIGN (0x4)

.init_array     0x08008244        0x4
                0x08008244                        . = ALIGN (0x4)
                0x08008244                        PROVIDE (__init_array_start = .)
 *(SORT_BY_NAME(.init_array.*))
 *(.init_array*)
 .init_array    0x08008244        0x4 D:/STM32CubeIDE_1.17.0/STM32CubeIDE/plugins/com.st.stm32cube.ide.mcu.externaltools.gnu-tools-for-stm32.12.3.rel1.win32_1.1.0.202410251130/tools/bin/../lib/gcc/arm-none-eabi/12.3.1/thumb/v7-m/nofp/crtbegin.o
                0x08008248                        PROVIDE (__init_array_end = .)
                0x08008248                        . = ALIGN (0x4)

.fini_array     0x08008248        0x4
                0x08008248                        . = ALIGN (0x4)
                [!provide]                        PROVIDE (__fini_array_start = .)
 *(SORT_BY_NAME(.fini_array.*))
 *(.fini_array*)
 .fini_array    0x08008248        0x4 D:/STM32CubeIDE_1.17.0/STM32CubeIDE/plugins/com.st.stm32cube.ide.mcu.externaltools.gnu-tools-for-stm32.12.3.rel1.win32_1.1.0.202410251130/tools/bin/../lib/gcc/arm-none-eabi/12.3.1/thumb/v7-m/nofp/crtbegin.o
                [!provide]                        PROVIDE (__fini_array_end = .)
                0x0800824c                        . = ALIGN (0x4)
                0x0800824c                        _sidata = LOADADDR (.data)

.rel.dyn        0x0800824c        0x0
 .rel.iplt      0x0800824c        0x0 D:/STM32CubeIDE_1.17.0/STM32CubeIDE/plugins/com.st.stm32cube.ide.mcu.externaltools.gnu-tools-for-stm32.12.3.rel1.win32_1.1.0.202410251130/tools/bin/../lib/gcc/arm-none-eabi/12.3.1/thumb/v7-m/nofp/crtbegin.o

.data           0x20000000       0x78 load address 0x0800824c
                0x20000000                        . = ALIGN (0x4)
                0x20000000                        _sdata = .
 *(.data)
 *(.data*)
 .data.uxTopUsedPriority
                0x20000000        0x4 ./Core/FreeRTOS/tasks.o
 .data.uxCriticalNesting
                0x20000004        0x4 ./Core/FreeRTOS/portable/GCC/ARM_CM3/port.o
 .data.Q_angle  0x20000008        0x4 ./Core/Src/main.o
                0x20000008                Q_angle
 .data.Q_bias   0x2000000c        0x4 ./Core/Src/main.o
                0x2000000c                Q_bias
 .data.R_measure
                0x20000010        0x4 ./Core/Src/main.o
                0x20000010                R_measure
 .data.SystemCoreClock
                0x20000014        0x4 ./Core/Src/system_stm32f1xx.o
                0x20000014                SystemCoreClock
 .data.uwTickPrio
                0x20000018        0x4 ./Drivers/STM32F1xx_HAL_Driver/Src/stm32f1xx_hal.o
                0x20000018                uwTickPrio
 .data.uwTickFreq
                0x2000001c        0x1 ./Drivers/STM32F1xx_HAL_Driver/Src/stm32f1xx_hal.o
                0x2000001c                uwTickFreq
 *fill*         0x2000001d        0x3 
 .data._impure_ptr
                0x20000020        0x4 D:/STM32CubeIDE_1.17.0/STM32CubeIDE/plugins/com.st.stm32cube.ide.mcu.externaltools.gnu-tools-for-stm32.12.3.rel1.win32_1.1.0.202410251130/tools/bin/../lib/gcc/arm-none-eabi/12.3.1/../../../../arm-none-eabi/lib/thumb/v7-m/nofp\libc_nano.a(libc_a-impure.o)
                0x20000020                _impure_ptr
 .data._impure_data
                0x20000024       0x4c D:/STM32CubeIDE_1.17.0/STM32CubeIDE/plugins/com.st.stm32cube.ide.mcu.externaltools.gnu-tools-for-stm32.12.3.rel1.win32_1.1.0.202410251130/tools/bin/../lib/gcc/arm-none-eabi/12.3.1/../../../../arm-none-eabi/lib/thumb/v7-m/nofp\libc_nano.a(libc_a-impure.o)
                0x20000024                _impure_data
 .data.tiny     0x20000070        0x4 D:/STM32CubeIDE_1.17.0/STM32CubeIDE/plugins/com.st.stm32cube.ide.mcu.externaltools.gnu-tools-for-stm32.12.3.rel1.win32_1.1.0.202410251130/tools/bin/../lib/gcc/arm-none-eabi/12.3.1/../../../../arm-none-eabi/lib/thumb/v7-m/nofp\libm.a(libm_a-ef_sqrt.o)
 .data.one      0x20000074        0x4 D:/STM32CubeIDE_1.17.0/STM32CubeIDE/plugins/com.st.stm32cube.ide.mcu.externaltools.gnu-tools-for-stm32.12.3.rel1.win32_1.1.0.202410251130/tools/bin/../lib/gcc/arm-none-eabi/12.3.1/../../../../arm-none-eabi/lib/thumb/v7-m/nofp\libm.a(libm_a-ef_sqrt.o)
 *(.RamFunc)
 *(.RamFunc*)
                0x20000078                        . = ALIGN (0x4)
                0x20000078                        _edata = .

.igot.plt       0x20000078        0x0 load address 0x080082c4
 .igot.plt      0x20000078        0x0 D:/STM32CubeIDE_1.17.0/STM32CubeIDE/plugins/com.st.stm32cube.ide.mcu.externaltools.gnu-tools-for-stm32.12.3.rel1.win32_1.1.0.202410251130/tools/bin/../lib/gcc/arm-none-eabi/12.3.1/thumb/v7-m/nofp/crtbegin.o
                0x20000078                        . = ALIGN (0x4)

.bss            0x20000078     0x42d4 load address 0x080082c4
                0x20000078                        _sbss = .
                0x20000078                        __bss_start__ = _sbss
 *(.bss)
 .bss           0x20000078       0x1c D:/STM32CubeIDE_1.17.0/STM32CubeIDE/plugins/com.st.stm32cube.ide.mcu.externaltools.gnu-tools-for-stm32.12.3.rel1.win32_1.1.0.202410251130/tools/bin/../lib/gcc/arm-none-eabi/12.3.1/thumb/v7-m/nofp/crtbegin.o
 *(.bss*)
 .bss._aTasks   0x20000094       0xf0 ./Core/FreeRTOS/SEGGER/OS/SEGGER_SYSVIEW_FreeRTOS.o
 .bss._NumTasks
                0x20000184        0x4 ./Core/FreeRTOS/SEGGER/OS/SEGGER_SYSVIEW_FreeRTOS.o
 .bss._SEGGER_RTT
                0x20000188       0xa8 ./Core/FreeRTOS/SEGGER/SEGGER/SEGGER_RTT.o
                0x20000188                _SEGGER_RTT
 .bss._acUpBuffer
                0x20000230      0x400 ./Core/FreeRTOS/SEGGER/SEGGER/SEGGER_RTT.o
 .bss._acDownBuffer
                0x20000630       0x10 ./Core/FreeRTOS/SEGGER/SEGGER/SEGGER_RTT.o
 .bss._UpBuffer
                0x20000640      0x800 ./Core/FreeRTOS/SEGGER/SEGGER/SEGGER_SYSVIEW.o
 .bss._DownBuffer
                0x20000e40        0x8 ./Core/FreeRTOS/SEGGER/SEGGER/SEGGER_SYSVIEW.o
 .bss._SYSVIEW_Globals
                0x20000e48       0x28 ./Core/FreeRTOS/SEGGER/SEGGER/SEGGER_SYSVIEW.o
 .bss._pFirstModule
                0x20000e70        0x4 ./Core/FreeRTOS/SEGGER/SEGGER/SEGGER_SYSVIEW.o
 .bss._NumModules
                0x20000e74        0x1 ./Core/FreeRTOS/SEGGER/SEGGER/SEGGER_SYSVIEW.o
 *fill*         0x20000e75        0x3 
 .bss._aPacket  0x20000e78       0xe3 ./Core/FreeRTOS/SEGGER/SEGGER/SEGGER_SYSVIEW.o
 *fill*         0x20000f5b        0x1 
 .bss.xQueueRegistry
                0x20000f5c       0x40 ./Core/FreeRTOS/queue.o
                0x20000f5c                xQueueRegistry
 .bss.pxCurrentTCB
                0x20000f9c        0x4 ./Core/FreeRTOS/tasks.o
                0x20000f9c                pxCurrentTCB
 .bss.pxReadyTasksLists
                0x20000fa0       0x64 ./Core/FreeRTOS/tasks.o
 .bss.xDelayedTaskList1
                0x20001004       0x14 ./Core/FreeRTOS/tasks.o
 .bss.xDelayedTaskList2
                0x20001018       0x14 ./Core/FreeRTOS/tasks.o
 .bss.pxDelayedTaskList
                0x2000102c        0x4 ./Core/FreeRTOS/tasks.o
 .bss.pxOverflowDelayedTaskList
                0x20001030        0x4 ./Core/FreeRTOS/tasks.o
 .bss.xPendingReadyList
                0x20001034       0x14 ./Core/FreeRTOS/tasks.o
 .bss.xTasksWaitingTermination
                0x20001048       0x14 ./Core/FreeRTOS/tasks.o
 .bss.uxDeletedTasksWaitingCleanUp
                0x2000105c        0x4 ./Core/FreeRTOS/tasks.o
 .bss.xSuspendedTaskList
                0x20001060       0x14 ./Core/FreeRTOS/tasks.o
 .bss.uxCurrentNumberOfTasks
                0x20001074        0x4 ./Core/FreeRTOS/tasks.o
 .bss.xTickCount
                0x20001078        0x4 ./Core/FreeRTOS/tasks.o
 .bss.uxTopReadyPriority
                0x2000107c        0x4 ./Core/FreeRTOS/tasks.o
 .bss.xSchedulerRunning
                0x20001080        0x4 ./Core/FreeRTOS/tasks.o
 .bss.xPendedTicks
                0x20001084        0x4 ./Core/FreeRTOS/tasks.o
 .bss.xYieldPendings
                0x20001088        0x4 ./Core/FreeRTOS/tasks.o
 .bss.xNumOfOverflows
                0x2000108c        0x4 ./Core/FreeRTOS/tasks.o
 .bss.uxTaskNumber
                0x20001090        0x4 ./Core/FreeRTOS/tasks.o
 .bss.xNextTaskUnblockTime
                0x20001094        0x4 ./Core/FreeRTOS/tasks.o
 .bss.xIdleTaskHandles
                0x20001098        0x4 ./Core/FreeRTOS/tasks.o
 .bss.uxSchedulerSuspended
                0x2000109c        0x4 ./Core/FreeRTOS/tasks.o
 .bss.ulTaskSwitchedInTime
                0x200010a0        0x4 ./Core/FreeRTOS/tasks.o
 .bss.ulTotalRunTime
                0x200010a4        0x4 ./Core/FreeRTOS/tasks.o
 .bss.xActiveTimerList1
                0x200010a8       0x14 ./Core/FreeRTOS/timers.o
 .bss.xActiveTimerList2
                0x200010bc       0x14 ./Core/FreeRTOS/timers.o
 .bss.pxCurrentTimerList
                0x200010d0        0x4 ./Core/FreeRTOS/timers.o
 .bss.pxOverflowTimerList
                0x200010d4        0x4 ./Core/FreeRTOS/timers.o
 .bss.xTimerQueue
                0x200010d8        0x4 ./Core/FreeRTOS/timers.o
 .bss.xTimerTaskHandle
                0x200010dc        0x4 ./Core/FreeRTOS/timers.o
 .bss.xLastTime.0
                0x200010e0        0x4 ./Core/FreeRTOS/timers.o
 .bss.ucMaxSysCallPriority
                0x200010e4        0x1 ./Core/FreeRTOS/portable/GCC/ARM_CM3/port.o
 *fill*         0x200010e5        0x3 
 .bss.ulMaxPRIGROUPValue
                0x200010e8        0x4 ./Core/FreeRTOS/portable/GCC/ARM_CM3/port.o
 .bss.ucHeap    0x200010ec     0x3000 ./Core/FreeRTOS/portable/MemMang/heap_4.o
 .bss.xStart    0x200040ec        0x8 ./Core/FreeRTOS/portable/MemMang/heap_4.o
 .bss.pxEnd     0x200040f4        0x4 ./Core/FreeRTOS/portable/MemMang/heap_4.o
 .bss.xFreeBytesRemaining
                0x200040f8        0x4 ./Core/FreeRTOS/portable/MemMang/heap_4.o
 .bss.xMinimumEverFreeBytesRemaining
                0x200040fc        0x4 ./Core/FreeRTOS/portable/MemMang/heap_4.o
 .bss.xNumberOfSuccessfulAllocations
                0x20004100        0x4 ./Core/FreeRTOS/portable/MemMang/heap_4.o
 .bss.xNumberOfSuccessfulFrees
                0x20004104        0x4 ./Core/FreeRTOS/portable/MemMang/heap_4.o
 .bss.pitch_val
                0x20004108        0x4 ./Core/Src/main.o
                0x20004108                pitch_val
 .bss.roll_val  0x2000410c        0x4 ./Core/Src/main.o
                0x2000410c                roll_val
 .bss.AX        0x20004110        0x4 ./Core/Src/main.o
                0x20004110                AX
 .bss.AY        0x20004114        0x4 ./Core/Src/main.o
                0x20004114                AY
 .bss.AZ        0x20004118        0x4 ./Core/Src/main.o
                0x20004118                AZ
 .bss.GX        0x2000411c        0x4 ./Core/Src/main.o
                0x2000411c                GX
 .bss.GY        0x20004120        0x4 ./Core/Src/main.o
                0x20004120                GY
 .bss.GZ        0x20004124        0x4 ./Core/Src/main.o
                0x20004124                GZ
 .bss.ax        0x20004128        0x2 ./Core/Src/main.o
                0x20004128                ax
 .bss.ay        0x2000412a        0x2 ./Core/Src/main.o
                0x2000412a                ay
 .bss.az        0x2000412c        0x2 ./Core/Src/main.o
                0x2000412c                az
 .bss.gx        0x2000412e        0x2 ./Core/Src/main.o
                0x2000412e                gx
 .bss.gy        0x20004130        0x2 ./Core/Src/main.o
                0x20004130                gy
 .bss.gz        0x20004132        0x2 ./Core/Src/main.o
                0x20004132                gz
 .bss.lastTime  0x20004134        0x4 ./Core/Src/main.o
                0x20004134                lastTime
 .bss.check     0x20004138        0x1 ./Core/Src/main.o
                0x20004138                check
 .bss.mData     0x20004139        0x1 ./Core/Src/main.o
                0x20004139                mData
 *fill*         0x2000413a        0x2 
 .bss.kalmanPitch
                0x2000413c       0x1c ./Core/Src/main.o
                0x2000413c                kalmanPitch
 .bss.kalmanRoll
                0x20004158       0x1c ./Core/Src/main.o
                0x20004158                kalmanRoll
 .bss.hi2c1     0x20004174       0x54 ./Core/Src/main.o
                0x20004174                hi2c1
 .bss.htim1     0x200041c8       0x48 ./Core/Src/stm32f1xx_hal_timebase_tim.o
                0x200041c8                htim1
 .bss.uwTick    0x20004210        0x4 ./Drivers/STM32F1xx_HAL_Driver/Src/stm32f1xx_hal.o
                0x20004210                uwTick
 .bss.__sf      0x20004214      0x138 D:/STM32CubeIDE_1.17.0/STM32CubeIDE/plugins/com.st.stm32cube.ide.mcu.externaltools.gnu-tools-for-stm32.12.3.rel1.win32_1.1.0.202410251130/tools/bin/../lib/gcc/arm-none-eabi/12.3.1/../../../../arm-none-eabi/lib/thumb/v7-m/nofp\libc_nano.a(libc_a-findfp.o)
                0x20004214                __sf
 *(COMMON)
                0x2000434c                        . = ALIGN (0x4)
                0x2000434c                        _ebss = .
                0x2000434c                        __bss_end__ = _ebss

._user_heap_stack
                0x2000434c      0x604 load address 0x080082c4
                0x20004350                        . = ALIGN (0x8)
 *fill*         0x2000434c        0x4 
                [!provide]                        PROVIDE (end = .)
                0x20004350                        PROVIDE (_end = .)
                0x20004550                        . = (. + _Min_Heap_Size)
 *fill*         0x20004350      0x200 
                0x20004950                        . = (. + _Min_Stack_Size)
 *fill*         0x20004550      0x400 
                0x20004950                        . = ALIGN (0x8)

/DISCARD/
 libc.a(*)
 libm.a(*)
 libgcc.a(*)

.ARM.attributes
                0x00000000       0x29
 *(.ARM.attributes)
 .ARM.attributes
                0x00000000       0x1d D:/STM32CubeIDE_1.17.0/STM32CubeIDE/plugins/com.st.stm32cube.ide.mcu.externaltools.gnu-tools-for-stm32.12.3.rel1.win32_1.1.0.202410251130/tools/bin/../lib/gcc/arm-none-eabi/12.3.1/thumb/v7-m/nofp/crti.o
 .ARM.attributes
                0x0000001d       0x2d D:/STM32CubeIDE_1.17.0/STM32CubeIDE/plugins/com.st.stm32cube.ide.mcu.externaltools.gnu-tools-for-stm32.12.3.rel1.win32_1.1.0.202410251130/tools/bin/../lib/gcc/arm-none-eabi/12.3.1/thumb/v7-m/nofp/crtbegin.o
 .ARM.attributes
                0x0000004a       0x2d ./Core/FreeRTOS/SEGGER/Config/SEGGER_SYSVIEW_Config_FreeRTOS.o
 .ARM.attributes
                0x00000077       0x2d ./Core/FreeRTOS/SEGGER/OS/SEGGER_SYSVIEW_FreeRTOS.o
 .ARM.attributes
                0x000000a4       0x2d ./Core/FreeRTOS/SEGGER/SEGGER/SEGGER_RTT.o
 .ARM.attributes
                0x000000d1       0x1b ./Core/FreeRTOS/SEGGER/SEGGER/SEGGER_RTT_ASM_ARMv7M.o
 .ARM.attributes
                0x000000ec       0x2d ./Core/FreeRTOS/SEGGER/SEGGER/SEGGER_SYSVIEW.o
 .ARM.attributes
                0x00000119       0x2d ./Core/FreeRTOS/list.o
 .ARM.attributes
                0x00000146       0x2d ./Core/FreeRTOS/queue.o
 .ARM.attributes
                0x00000173       0x2d ./Core/FreeRTOS/tasks.o
 .ARM.attributes
                0x000001a0       0x2d ./Core/FreeRTOS/timers.o
 .ARM.attributes
                0x000001cd       0x2d ./Core/FreeRTOS/portable/GCC/ARM_CM3/port.o
 .ARM.attributes
                0x000001fa       0x2d ./Core/FreeRTOS/portable/MemMang/heap_4.o
 .ARM.attributes
                0x00000227       0x2d ./Core/Src/main.o
 .ARM.attributes
                0x00000254       0x2d ./Core/Src/stm32f1xx_hal_msp.o
 .ARM.attributes
                0x00000281       0x2d ./Core/Src/stm32f1xx_hal_timebase_tim.o
 .ARM.attributes
                0x000002ae       0x2d ./Core/Src/stm32f1xx_it.o
 .ARM.attributes
                0x000002db       0x2d ./Core/Src/system_stm32f1xx.o
 .ARM.attributes
                0x00000308       0x21 ./Core/Startup/startup_stm32f103c8tx.o
 .ARM.attributes
                0x00000329       0x2d ./Drivers/STM32F1xx_HAL_Driver/Src/stm32f1xx_hal.o
 .ARM.attributes
                0x00000356       0x2d ./Drivers/STM32F1xx_HAL_Driver/Src/stm32f1xx_hal_cortex.o
 .ARM.attributes
                0x00000383       0x2d ./Drivers/STM32F1xx_HAL_Driver/Src/stm32f1xx_hal_gpio.o
 .ARM.attributes
                0x000003b0       0x2d ./Drivers/STM32F1xx_HAL_Driver/Src/stm32f1xx_hal_i2c.o
 .ARM.attributes
                0x000003dd       0x2d ./Drivers/STM32F1xx_HAL_Driver/Src/stm32f1xx_hal_rcc.o
 .ARM.attributes
                0x0000040a       0x2d ./Drivers/STM32F1xx_HAL_Driver/Src/stm32f1xx_hal_tim.o
 .ARM.attributes
                0x00000437       0x2d ./Drivers/STM32F1xx_HAL_Driver/Src/stm32f1xx_hal_tim_ex.o
 .ARM.attributes
                0x00000464       0x2d D:/STM32CubeIDE_1.17.0/STM32CubeIDE/plugins/com.st.stm32cube.ide.mcu.externaltools.gnu-tools-for-stm32.12.3.rel1.win32_1.1.0.202410251130/tools/bin/../lib/gcc/arm-none-eabi/12.3.1/../../../../arm-none-eabi/lib/thumb/v7-m/nofp\libc_nano.a(libc_a-findfp.o)
 .ARM.attributes
                0x00000491       0x2d D:/STM32CubeIDE_1.17.0/STM32CubeIDE/plugins/com.st.stm32cube.ide.mcu.externaltools.gnu-tools-for-stm32.12.3.rel1.win32_1.1.0.202410251130/tools/bin/../lib/gcc/arm-none-eabi/12.3.1/../../../../arm-none-eabi/lib/thumb/v7-m/nofp\libc_nano.a(libc_a-memcmp.o)
 .ARM.attributes
                0x000004be       0x2d D:/STM32CubeIDE_1.17.0/STM32CubeIDE/plugins/com.st.stm32cube.ide.mcu.externaltools.gnu-tools-for-stm32.12.3.rel1.win32_1.1.0.202410251130/tools/bin/../lib/gcc/arm-none-eabi/12.3.1/../../../../arm-none-eabi/lib/thumb/v7-m/nofp\libc_nano.a(libc_a-memset.o)
 .ARM.attributes
                0x000004eb       0x2d D:/STM32CubeIDE_1.17.0/STM32CubeIDE/plugins/com.st.stm32cube.ide.mcu.externaltools.gnu-tools-for-stm32.12.3.rel1.win32_1.1.0.202410251130/tools/bin/../lib/gcc/arm-none-eabi/12.3.1/../../../../arm-none-eabi/lib/thumb/v7-m/nofp\libc_nano.a(libc_a-impure.o)
 .ARM.attributes
                0x00000518       0x2d D:/STM32CubeIDE_1.17.0/STM32CubeIDE/plugins/com.st.stm32cube.ide.mcu.externaltools.gnu-tools-for-stm32.12.3.rel1.win32_1.1.0.202410251130/tools/bin/../lib/gcc/arm-none-eabi/12.3.1/../../../../arm-none-eabi/lib/thumb/v7-m/nofp\libc_nano.a(libc_a-errno.o)
 .ARM.attributes
                0x00000545       0x2d D:/STM32CubeIDE_1.17.0/STM32CubeIDE/plugins/com.st.stm32cube.ide.mcu.externaltools.gnu-tools-for-stm32.12.3.rel1.win32_1.1.0.202410251130/tools/bin/../lib/gcc/arm-none-eabi/12.3.1/../../../../arm-none-eabi/lib/thumb/v7-m/nofp\libc_nano.a(libc_a-init.o)
 .ARM.attributes
                0x00000572       0x2d D:/STM32CubeIDE_1.17.0/STM32CubeIDE/plugins/com.st.stm32cube.ide.mcu.externaltools.gnu-tools-for-stm32.12.3.rel1.win32_1.1.0.202410251130/tools/bin/../lib/gcc/arm-none-eabi/12.3.1/../../../../arm-none-eabi/lib/thumb/v7-m/nofp\libc_nano.a(libc_a-memcpy-stub.o)
 .ARM.attributes
                0x0000059f       0x2d D:/STM32CubeIDE_1.17.0/STM32CubeIDE/plugins/com.st.stm32cube.ide.mcu.externaltools.gnu-tools-for-stm32.12.3.rel1.win32_1.1.0.202410251130/tools/bin/../lib/gcc/arm-none-eabi/12.3.1/../../../../arm-none-eabi/lib/thumb/v7-m/nofp\libm.a(libm_a-wf_atan2.o)
 .ARM.attributes
                0x000005cc       0x2d D:/STM32CubeIDE_1.17.0/STM32CubeIDE/plugins/com.st.stm32cube.ide.mcu.externaltools.gnu-tools-for-stm32.12.3.rel1.win32_1.1.0.202410251130/tools/bin/../lib/gcc/arm-none-eabi/12.3.1/../../../../arm-none-eabi/lib/thumb/v7-m/nofp\libm.a(libm_a-wf_sqrt.o)
 .ARM.attributes
                0x000005f9       0x2d D:/STM32CubeIDE_1.17.0/STM32CubeIDE/plugins/com.st.stm32cube.ide.mcu.externaltools.gnu-tools-for-stm32.12.3.rel1.win32_1.1.0.202410251130/tools/bin/../lib/gcc/arm-none-eabi/12.3.1/../../../../arm-none-eabi/lib/thumb/v7-m/nofp\libm.a(libm_a-ef_sqrt.o)
 .ARM.attributes
                0x00000626       0x2d D:/STM32CubeIDE_1.17.0/STM32CubeIDE/plugins/com.st.stm32cube.ide.mcu.externaltools.gnu-tools-for-stm32.12.3.rel1.win32_1.1.0.202410251130/tools/bin/../lib/gcc/arm-none-eabi/12.3.1/../../../../arm-none-eabi/lib/thumb/v7-m/nofp\libm.a(libm_a-ef_atan2.o)
 .ARM.attributes
                0x00000653       0x2d D:/STM32CubeIDE_1.17.0/STM32CubeIDE/plugins/com.st.stm32cube.ide.mcu.externaltools.gnu-tools-for-stm32.12.3.rel1.win32_1.1.0.202410251130/tools/bin/../lib/gcc/arm-none-eabi/12.3.1/../../../../arm-none-eabi/lib/thumb/v7-m/nofp\libm.a(libm_a-sf_atan.o)
 .ARM.attributes
                0x00000680       0x2d D:/STM32CubeIDE_1.17.0/STM32CubeIDE/plugins/com.st.stm32cube.ide.mcu.externaltools.gnu-tools-for-stm32.12.3.rel1.win32_1.1.0.202410251130/tools/bin/../lib/gcc/arm-none-eabi/12.3.1/../../../../arm-none-eabi/lib/thumb/v7-m/nofp\libm.a(libm_a-sf_fabs.o)
 .ARM.attributes
                0x000006ad       0x1d D:/STM32CubeIDE_1.17.0/STM32CubeIDE/plugins/com.st.stm32cube.ide.mcu.externaltools.gnu-tools-for-stm32.12.3.rel1.win32_1.1.0.202410251130/tools/bin/../lib/gcc/arm-none-eabi/12.3.1/thumb/v7-m/nofp\libgcc.a(_arm_addsubsf3.o)
 .ARM.attributes
                0x000006ca       0x1d D:/STM32CubeIDE_1.17.0/STM32CubeIDE/plugins/com.st.stm32cube.ide.mcu.externaltools.gnu-tools-for-stm32.12.3.rel1.win32_1.1.0.202410251130/tools/bin/../lib/gcc/arm-none-eabi/12.3.1/thumb/v7-m/nofp\libgcc.a(_arm_muldivsf3.o)
 .ARM.attributes
                0x000006e7       0x1d D:/STM32CubeIDE_1.17.0/STM32CubeIDE/plugins/com.st.stm32cube.ide.mcu.externaltools.gnu-tools-for-stm32.12.3.rel1.win32_1.1.0.202410251130/tools/bin/../lib/gcc/arm-none-eabi/12.3.1/thumb/v7-m/nofp\libgcc.a(_arm_cmpsf2.o)
 .ARM.attributes
                0x00000704       0x1d D:/STM32CubeIDE_1.17.0/STM32CubeIDE/plugins/com.st.stm32cube.ide.mcu.externaltools.gnu-tools-for-stm32.12.3.rel1.win32_1.1.0.202410251130/tools/bin/../lib/gcc/arm-none-eabi/12.3.1/thumb/v7-m/nofp\libgcc.a(_arm_unordsf2.o)
 .ARM.attributes
                0x00000721       0x1d D:/STM32CubeIDE_1.17.0/STM32CubeIDE/plugins/com.st.stm32cube.ide.mcu.externaltools.gnu-tools-for-stm32.12.3.rel1.win32_1.1.0.202410251130/tools/bin/../lib/gcc/arm-none-eabi/12.3.1/thumb/v7-m/nofp/crtn.o
OUTPUT(MPU6050.elf elf32-littlearm)
LOAD linker stubs
LOAD D:/STM32CubeIDE_1.17.0/STM32CubeIDE/plugins/com.st.stm32cube.ide.mcu.externaltools.gnu-tools-for-stm32.12.3.rel1.win32_1.1.0.202410251130/tools/bin/../lib/gcc/arm-none-eabi/12.3.1/../../../../arm-none-eabi/lib/thumb/v7-m/nofp\libc.a
LOAD D:/STM32CubeIDE_1.17.0/STM32CubeIDE/plugins/com.st.stm32cube.ide.mcu.externaltools.gnu-tools-for-stm32.12.3.rel1.win32_1.1.0.202410251130/tools/bin/../lib/gcc/arm-none-eabi/12.3.1/../../../../arm-none-eabi/lib/thumb/v7-m/nofp\libm.a
LOAD D:/STM32CubeIDE_1.17.0/STM32CubeIDE/plugins/com.st.stm32cube.ide.mcu.externaltools.gnu-tools-for-stm32.12.3.rel1.win32_1.1.0.202410251130/tools/bin/../lib/gcc/arm-none-eabi/12.3.1/thumb/v7-m/nofp\libgcc.a

.debug_info     0x00000000    0x17afe
 .debug_info    0x00000000      0x181 ./Core/FreeRTOS/SEGGER/Config/SEGGER_SYSVIEW_Config_FreeRTOS.o
 .debug_info    0x00000181      0x45f ./Core/FreeRTOS/SEGGER/OS/SEGGER_SYSVIEW_FreeRTOS.o
 .debug_info    0x000005e0     0x14d5 ./Core/FreeRTOS/SEGGER/SEGGER/SEGGER_RTT.o
 .debug_info    0x00001ab5       0x25 ./Core/FreeRTOS/SEGGER/SEGGER/SEGGER_RTT_ASM_ARMv7M.o
 .debug_info    0x00001ada     0x434a ./Core/FreeRTOS/SEGGER/SEGGER/SEGGER_SYSVIEW.o
 .debug_info    0x00005e24      0x2d8 ./Core/FreeRTOS/list.o
 .debug_info    0x000060fc     0x1968 ./Core/FreeRTOS/queue.o
 .debug_info    0x00007a64     0x3240 ./Core/FreeRTOS/tasks.o
 .debug_info    0x0000aca4     0x10cc ./Core/FreeRTOS/timers.o
 .debug_info    0x0000bd70      0x554 ./Core/FreeRTOS/portable/GCC/ARM_CM3/port.o
 .debug_info    0x0000c2c4      0x5f1 ./Core/FreeRTOS/portable/MemMang/heap_4.o
 .debug_info    0x0000c8b5     0x158b ./Core/Src/main.o
 .debug_info    0x0000de40      0x845 ./Core/Src/stm32f1xx_hal_msp.o
 .debug_info    0x0000e685      0x99a ./Core/Src/stm32f1xx_hal_timebase_tim.o
 .debug_info    0x0000f01f      0x66a ./Core/Src/stm32f1xx_it.o
 .debug_info    0x0000f689      0x222 ./Core/Src/system_stm32f1xx.o
 .debug_info    0x0000f8ab       0x30 ./Core/Startup/startup_stm32f103c8tx.o
 .debug_info    0x0000f8db      0x704 ./Drivers/STM32F1xx_HAL_Driver/Src/stm32f1xx_hal.o
 .debug_info    0x0000ffdf      0xa87 ./Drivers/STM32F1xx_HAL_Driver/Src/stm32f1xx_hal_cortex.o
 .debug_info    0x00010a66      0x5ab ./Drivers/STM32F1xx_HAL_Driver/Src/stm32f1xx_hal_gpio.o
 .debug_info    0x00011011     0x2524 ./Drivers/STM32F1xx_HAL_Driver/Src/stm32f1xx_hal_i2c.o
 .debug_info    0x00013535      0x7d5 ./Drivers/STM32F1xx_HAL_Driver/Src/stm32f1xx_hal_rcc.o
 .debug_info    0x00013d0a     0x2959 ./Drivers/STM32F1xx_HAL_Driver/Src/stm32f1xx_hal_tim.o
 .debug_info    0x00016663     0x149b ./Drivers/STM32F1xx_HAL_Driver/Src/stm32f1xx_hal_tim_ex.o

.debug_abbrev   0x00000000     0x330d
 .debug_abbrev  0x00000000       0xee ./Core/FreeRTOS/SEGGER/Config/SEGGER_SYSVIEW_Config_FreeRTOS.o
 .debug_abbrev  0x000000ee      0x1e0 ./Core/FreeRTOS/SEGGER/OS/SEGGER_SYSVIEW_FreeRTOS.o
 .debug_abbrev  0x000002ce      0x230 ./Core/FreeRTOS/SEGGER/SEGGER/SEGGER_RTT.o
 .debug_abbrev  0x000004fe       0x14 ./Core/FreeRTOS/SEGGER/SEGGER/SEGGER_RTT_ASM_ARMv7M.o
 .debug_abbrev  0x00000512      0x340 ./Core/FreeRTOS/SEGGER/SEGGER/SEGGER_SYSVIEW.o
 .debug_abbrev  0x00000852      0x10c ./Core/FreeRTOS/list.o
 .debug_abbrev  0x0000095e      0x305 ./Core/FreeRTOS/queue.o
 .debug_abbrev  0x00000c63      0x3c2 ./Core/FreeRTOS/tasks.o
 .debug_abbrev  0x00001025      0x2af ./Core/FreeRTOS/timers.o
 .debug_abbrev  0x000012d4      0x268 ./Core/FreeRTOS/portable/GCC/ARM_CM3/port.o
 .debug_abbrev  0x0000153c      0x25a ./Core/FreeRTOS/portable/MemMang/heap_4.o
 .debug_abbrev  0x00001796      0x3f0 ./Core/Src/main.o
 .debug_abbrev  0x00001b86      0x1a3 ./Core/Src/stm32f1xx_hal_msp.o
 .debug_abbrev  0x00001d29      0x1f3 ./Core/Src/stm32f1xx_hal_timebase_tim.o
 .debug_abbrev  0x00001f1c      0x17c ./Core/Src/stm32f1xx_it.o
 .debug_abbrev  0x00002098      0x13f ./Core/Src/system_stm32f1xx.o
 .debug_abbrev  0x000021d7       0x24 ./Core/Startup/startup_stm32f103c8tx.o
 .debug_abbrev  0x000021fb      0x201 ./Drivers/STM32F1xx_HAL_Driver/Src/stm32f1xx_hal.o
 .debug_abbrev  0x000023fc      0x2f8 ./Drivers/STM32F1xx_HAL_Driver/Src/stm32f1xx_hal_cortex.o
 .debug_abbrev  0x000026f4      0x1ca ./Drivers/STM32F1xx_HAL_Driver/Src/stm32f1xx_hal_gpio.o
 .debug_abbrev  0x000028be      0x2a3 ./Drivers/STM32F1xx_HAL_Driver/Src/stm32f1xx_hal_i2c.o
 .debug_abbrev  0x00002b61      0x2b3 ./Drivers/STM32F1xx_HAL_Driver/Src/stm32f1xx_hal_rcc.o
 .debug_abbrev  0x00002e14      0x277 ./Drivers/STM32F1xx_HAL_Driver/Src/stm32f1xx_hal_tim.o
 .debug_abbrev  0x0000308b      0x282 ./Drivers/STM32F1xx_HAL_Driver/Src/stm32f1xx_hal_tim_ex.o

.debug_aranges  0x00000000     0x1730
 .debug_aranges
                0x00000000       0x28 ./Core/FreeRTOS/SEGGER/Config/SEGGER_SYSVIEW_Config_FreeRTOS.o
 .debug_aranges
                0x00000028       0x48 ./Core/FreeRTOS/SEGGER/OS/SEGGER_SYSVIEW_FreeRTOS.o
 .debug_aranges
                0x00000070      0x138 ./Core/FreeRTOS/SEGGER/SEGGER/SEGGER_RTT.o
 .debug_aranges
                0x000001a8       0x20 ./Core/FreeRTOS/SEGGER/SEGGER/SEGGER_RTT_ASM_ARMv7M.o
 .debug_aranges
                0x000001c8      0x300 ./Core/FreeRTOS/SEGGER/SEGGER/SEGGER_SYSVIEW.o
 .debug_aranges
                0x000004c8       0x40 ./Core/FreeRTOS/list.o
 .debug_aranges
                0x00000508      0x150 ./Core/FreeRTOS/queue.o
 .debug_aranges
                0x00000658      0x2b8 ./Core/FreeRTOS/tasks.o
 .debug_aranges
                0x00000910      0x108 ./Core/FreeRTOS/timers.o
 .debug_aranges
                0x00000a18       0x78 ./Core/FreeRTOS/portable/GCC/ARM_CM3/port.o
 .debug_aranges
                0x00000a90       0x70 ./Core/FreeRTOS/portable/MemMang/heap_4.o
 .debug_aranges
                0x00000b00       0x88 ./Core/Src/main.o
 .debug_aranges
                0x00000b88       0x30 ./Core/Src/stm32f1xx_hal_msp.o
 .debug_aranges
                0x00000bb8       0x30 ./Core/Src/stm32f1xx_hal_timebase_tim.o
 .debug_aranges
                0x00000be8       0x50 ./Core/Src/stm32f1xx_it.o
 .debug_aranges
                0x00000c38       0x28 ./Core/Src/system_stm32f1xx.o
 .debug_aranges
                0x00000c60       0x28 ./Core/Startup/startup_stm32f103c8tx.o
 .debug_aranges
                0x00000c88       0xe0 ./Drivers/STM32F1xx_HAL_Driver/Src/stm32f1xx_hal.o
 .debug_aranges
                0x00000d68      0x100 ./Drivers/STM32F1xx_HAL_Driver/Src/stm32f1xx_hal_cortex.o
 .debug_aranges
                0x00000e68       0x58 ./Drivers/STM32F1xx_HAL_Driver/Src/stm32f1xx_hal_gpio.o
 .debug_aranges
                0x00000ec0      0x2a8 ./Drivers/STM32F1xx_HAL_Driver/Src/stm32f1xx_hal_i2c.o
 .debug_aranges
                0x00001168       0x90 ./Drivers/STM32F1xx_HAL_Driver/Src/stm32f1xx_hal_rcc.o
 .debug_aranges
                0x000011f8      0x3d0 ./Drivers/STM32F1xx_HAL_Driver/Src/stm32f1xx_hal_tim.o
 .debug_aranges
                0x000015c8      0x168 ./Drivers/STM32F1xx_HAL_Driver/Src/stm32f1xx_hal_tim_ex.o

.debug_rnglists
                0x00000000     0x1211
 .debug_rnglists
                0x00000000       0x19 ./Core/FreeRTOS/SEGGER/Config/SEGGER_SYSVIEW_Config_FreeRTOS.o
 .debug_rnglists
                0x00000019       0x36 ./Core/FreeRTOS/SEGGER/OS/SEGGER_SYSVIEW_FreeRTOS.o
 .debug_rnglists
                0x0000004f       0xf5 ./Core/FreeRTOS/SEGGER/SEGGER/SEGGER_RTT.o
 .debug_rnglists
                0x00000144      0x268 ./Core/FreeRTOS/SEGGER/SEGGER/SEGGER_SYSVIEW.o
 .debug_rnglists
                0x000003ac       0x2b ./Core/FreeRTOS/list.o
 .debug_rnglists
                0x000003d7      0x105 ./Core/FreeRTOS/queue.o
 .debug_rnglists
                0x000004dc      0x231 ./Core/FreeRTOS/tasks.o
 .debug_rnglists
                0x0000070d       0xc5 ./Core/FreeRTOS/timers.o
 .debug_rnglists
                0x000007d2       0x57 ./Core/FreeRTOS/portable/GCC/ARM_CM3/port.o
 .debug_rnglists
                0x00000829       0x54 ./Core/FreeRTOS/portable/MemMang/heap_4.o
 .debug_rnglists
                0x0000087d       0x67 ./Core/Src/main.o
 .debug_rnglists
                0x000008e4       0x1f ./Core/Src/stm32f1xx_hal_msp.o
 .debug_rnglists
                0x00000903       0x20 ./Core/Src/stm32f1xx_hal_timebase_tim.o
 .debug_rnglists
                0x00000923       0x37 ./Core/Src/stm32f1xx_it.o
 .debug_rnglists
                0x0000095a       0x1a ./Core/Src/system_stm32f1xx.o
 .debug_rnglists
                0x00000974       0x19 ./Core/Startup/startup_stm32f103c8tx.o
 .debug_rnglists
                0x0000098d       0xa3 ./Drivers/STM32F1xx_HAL_Driver/Src/stm32f1xx_hal.o
 .debug_rnglists
                0x00000a30       0xbb ./Drivers/STM32F1xx_HAL_Driver/Src/stm32f1xx_hal_cortex.o
 .debug_rnglists
                0x00000aeb       0x3f ./Drivers/STM32F1xx_HAL_Driver/Src/stm32f1xx_hal_gpio.o
 .debug_rnglists
                0x00000b2a      0x23c ./Drivers/STM32F1xx_HAL_Driver/Src/stm32f1xx_hal_i2c.o
 .debug_rnglists
                0x00000d66       0x6c ./Drivers/STM32F1xx_HAL_Driver/Src/stm32f1xx_hal_rcc.o
 .debug_rnglists
                0x00000dd2      0x31a ./Drivers/STM32F1xx_HAL_Driver/Src/stm32f1xx_hal_tim.o
 .debug_rnglists
                0x000010ec      0x125 ./Drivers/STM32F1xx_HAL_Driver/Src/stm32f1xx_hal_tim_ex.o

.debug_macro    0x00000000    0x1ccb1
 .debug_macro   0x00000000      0x28a ./Core/FreeRTOS/SEGGER/Config/SEGGER_SYSVIEW_Config_FreeRTOS.o
 .debug_macro   0x0000028a      0xaa8 ./Core/FreeRTOS/SEGGER/Config/SEGGER_SYSVIEW_Config_FreeRTOS.o
 .debug_macro   0x00000d32      0x189 ./Core/FreeRTOS/SEGGER/Config/SEGGER_SYSVIEW_Config_FreeRTOS.o
 .debug_macro   0x00000ebb       0x22 ./Core/FreeRTOS/SEGGER/Config/SEGGER_SYSVIEW_Config_FreeRTOS.o
 .debug_macro   0x00000edd       0x8e ./Core/FreeRTOS/SEGGER/Config/SEGGER_SYSVIEW_Config_FreeRTOS.o
 .debug_macro   0x00000f6b       0x51 ./Core/FreeRTOS/SEGGER/Config/SEGGER_SYSVIEW_Config_FreeRTOS.o
 .debug_macro   0x00000fbc      0x103 ./Core/FreeRTOS/SEGGER/Config/SEGGER_SYSVIEW_Config_FreeRTOS.o
 .debug_macro   0x000010bf       0x6a ./Core/FreeRTOS/SEGGER/Config/SEGGER_SYSVIEW_Config_FreeRTOS.o
 .debug_macro   0x00001129      0x1df ./Core/FreeRTOS/SEGGER/Config/SEGGER_SYSVIEW_Config_FreeRTOS.o
 .debug_macro   0x00001308       0x16 ./Core/FreeRTOS/SEGGER/Config/SEGGER_SYSVIEW_Config_FreeRTOS.o
 .debug_macro   0x0000131e      0x21b ./Core/FreeRTOS/SEGGER/Config/SEGGER_SYSVIEW_Config_FreeRTOS.o
 .debug_macro   0x00001539       0x2e ./Core/FreeRTOS/SEGGER/Config/SEGGER_SYSVIEW_Config_FreeRTOS.o
 .debug_macro   0x00001567       0x22 ./Core/FreeRTOS/SEGGER/Config/SEGGER_SYSVIEW_Config_FreeRTOS.o
 .debug_macro   0x00001589       0x1c ./Core/FreeRTOS/SEGGER/Config/SEGGER_SYSVIEW_Config_FreeRTOS.o
 .debug_macro   0x000015a5       0x22 ./Core/FreeRTOS/SEGGER/Config/SEGGER_SYSVIEW_Config_FreeRTOS.o
 .debug_macro   0x000015c7       0xbd ./Core/FreeRTOS/SEGGER/Config/SEGGER_SYSVIEW_Config_FreeRTOS.o
 .debug_macro   0x00001684      0xd23 ./Core/FreeRTOS/SEGGER/Config/SEGGER_SYSVIEW_Config_FreeRTOS.o
 .debug_macro   0x000023a7     0xe09e ./Core/FreeRTOS/SEGGER/Config/SEGGER_SYSVIEW_Config_FreeRTOS.o
 .debug_macro   0x00010445       0x6d ./Core/FreeRTOS/SEGGER/Config/SEGGER_SYSVIEW_Config_FreeRTOS.o
 .debug_macro   0x000104b2     0x34a2 ./Core/FreeRTOS/SEGGER/Config/SEGGER_SYSVIEW_Config_FreeRTOS.o
 .debug_macro   0x00013954       0x5c ./Core/FreeRTOS/SEGGER/Config/SEGGER_SYSVIEW_Config_FreeRTOS.o
 .debug_macro   0x000139b0      0x5bc ./Core/FreeRTOS/SEGGER/Config/SEGGER_SYSVIEW_Config_FreeRTOS.o
 .debug_macro   0x00013f6c      0x289 ./Core/FreeRTOS/SEGGER/Config/SEGGER_SYSVIEW_Config_FreeRTOS.o
 .debug_macro   0x000141f5      0x1cb ./Core/FreeRTOS/SEGGER/Config/SEGGER_SYSVIEW_Config_FreeRTOS.o
 .debug_macro   0x000143c0      0x114 ./Core/FreeRTOS/SEGGER/Config/SEGGER_SYSVIEW_Config_FreeRTOS.o
 .debug_macro   0x000144d4      0x1b2 ./Core/FreeRTOS/SEGGER/Config/SEGGER_SYSVIEW_Config_FreeRTOS.o
 .debug_macro   0x00014686       0x27 ./Core/FreeRTOS/SEGGER/Config/SEGGER_SYSVIEW_Config_FreeRTOS.o
 .debug_macro   0x000146ad      0x136 ./Core/FreeRTOS/SEGGER/Config/SEGGER_SYSVIEW_Config_FreeRTOS.o
 .debug_macro   0x000147e3      0x1bc ./Core/FreeRTOS/SEGGER/Config/SEGGER_SYSVIEW_Config_FreeRTOS.o
 .debug_macro   0x0001499f       0x34 ./Core/FreeRTOS/SEGGER/Config/SEGGER_SYSVIEW_Config_FreeRTOS.o
 .debug_macro   0x000149d3       0x3c ./Core/FreeRTOS/SEGGER/Config/SEGGER_SYSVIEW_Config_FreeRTOS.o
 .debug_macro   0x00014a0f       0x57 ./Core/FreeRTOS/SEGGER/Config/SEGGER_SYSVIEW_Config_FreeRTOS.o
 .debug_macro   0x00014a66       0x87 ./Core/FreeRTOS/SEGGER/Config/SEGGER_SYSVIEW_Config_FreeRTOS.o
 .debug_macro   0x00014aed      0x240 ./Core/FreeRTOS/SEGGER/Config/SEGGER_SYSVIEW_Config_FreeRTOS.o
 .debug_macro   0x00014d2d      0x287 ./Core/FreeRTOS/SEGGER/Config/SEGGER_SYSVIEW_Config_FreeRTOS.o
 .debug_macro   0x00014fb4      0x140 ./Core/FreeRTOS/SEGGER/Config/SEGGER_SYSVIEW_Config_FreeRTOS.o
 .debug_macro   0x000150f4      0x8ed ./Core/FreeRTOS/SEGGER/Config/SEGGER_SYSVIEW_Config_FreeRTOS.o
 .debug_macro   0x000159e1       0x83 ./Core/FreeRTOS/SEGGER/Config/SEGGER_SYSVIEW_Config_FreeRTOS.o
 .debug_macro   0x00015a64      0x160 ./Core/FreeRTOS/SEGGER/Config/SEGGER_SYSVIEW_Config_FreeRTOS.o
 .debug_macro   0x00015bc4       0x58 ./Core/FreeRTOS/SEGGER/Config/SEGGER_SYSVIEW_Config_FreeRTOS.o
 .debug_macro   0x00015c1c       0x46 ./Core/FreeRTOS/SEGGER/Config/SEGGER_SYSVIEW_Config_FreeRTOS.o
 .debug_macro   0x00015c62       0x64 ./Core/FreeRTOS/SEGGER/Config/SEGGER_SYSVIEW_Config_FreeRTOS.o
 .debug_macro   0x00015cc6       0x40 ./Core/FreeRTOS/SEGGER/Config/SEGGER_SYSVIEW_Config_FreeRTOS.o
 .debug_macro   0x00015d06       0x49 ./Core/FreeRTOS/SEGGER/Config/SEGGER_SYSVIEW_Config_FreeRTOS.o
 .debug_macro   0x00015d4f       0xaf ./Core/FreeRTOS/SEGGER/Config/SEGGER_SYSVIEW_Config_FreeRTOS.o
 .debug_macro   0x00015dfe      0x234 ./Core/FreeRTOS/SEGGER/Config/SEGGER_SYSVIEW_Config_FreeRTOS.o
 .debug_macro   0x00016032      0xf6b ./Core/FreeRTOS/SEGGER/Config/SEGGER_SYSVIEW_Config_FreeRTOS.o
 .debug_macro   0x00016f9d       0x34 ./Core/FreeRTOS/SEGGER/Config/SEGGER_SYSVIEW_Config_FreeRTOS.o
 .debug_macro   0x00016fd1      0x182 ./Core/FreeRTOS/SEGGER/Config/SEGGER_SYSVIEW_Config_FreeRTOS.o
 .debug_macro   0x00017153       0xee ./Core/FreeRTOS/SEGGER/Config/SEGGER_SYSVIEW_Config_FreeRTOS.o
 .debug_macro   0x00017241       0x3a ./Core/FreeRTOS/SEGGER/Config/SEGGER_SYSVIEW_Config_FreeRTOS.o
 .debug_macro   0x0001727b       0x1f ./Core/FreeRTOS/SEGGER/Config/SEGGER_SYSVIEW_Config_FreeRTOS.o
 .debug_macro   0x0001729a       0x12 ./Core/FreeRTOS/SEGGER/Config/SEGGER_SYSVIEW_Config_FreeRTOS.o
 .debug_macro   0x000172ac      0xb8d ./Core/FreeRTOS/SEGGER/Config/SEGGER_SYSVIEW_Config_FreeRTOS.o
 .debug_macro   0x00017e39      0x356 ./Core/FreeRTOS/SEGGER/OS/SEGGER_SYSVIEW_FreeRTOS.o
 .debug_macro   0x0001818f       0xc3 ./Core/FreeRTOS/SEGGER/OS/SEGGER_SYSVIEW_FreeRTOS.o
 .debug_macro   0x00018252      0x14f ./Core/FreeRTOS/SEGGER/OS/SEGGER_SYSVIEW_FreeRTOS.o
 .debug_macro   0x000183a1       0x61 ./Core/FreeRTOS/SEGGER/OS/SEGGER_SYSVIEW_FreeRTOS.o
 .debug_macro   0x00018402       0x24 ./Core/FreeRTOS/SEGGER/OS/SEGGER_SYSVIEW_FreeRTOS.o
 .debug_macro   0x00018426       0x43 ./Core/FreeRTOS/SEGGER/OS/SEGGER_SYSVIEW_FreeRTOS.o
 .debug_macro   0x00018469       0x34 ./Core/FreeRTOS/SEGGER/OS/SEGGER_SYSVIEW_FreeRTOS.o
 .debug_macro   0x0001849d       0x16 ./Core/FreeRTOS/SEGGER/OS/SEGGER_SYSVIEW_FreeRTOS.o
 .debug_macro   0x000184b3       0x43 ./Core/FreeRTOS/SEGGER/OS/SEGGER_SYSVIEW_FreeRTOS.o
 .debug_macro   0x000184f6       0x34 ./Core/FreeRTOS/SEGGER/OS/SEGGER_SYSVIEW_FreeRTOS.o
 .debug_macro   0x0001852a       0x10 ./Core/FreeRTOS/SEGGER/OS/SEGGER_SYSVIEW_FreeRTOS.o
 .debug_macro   0x0001853a       0x58 ./Core/FreeRTOS/SEGGER/OS/SEGGER_SYSVIEW_FreeRTOS.o
 .debug_macro   0x00018592       0x8e ./Core/FreeRTOS/SEGGER/OS/SEGGER_SYSVIEW_FreeRTOS.o
 .debug_macro   0x00018620       0x1c ./Core/FreeRTOS/SEGGER/OS/SEGGER_SYSVIEW_FreeRTOS.o
 .debug_macro   0x0001863c      0x177 ./Core/FreeRTOS/SEGGER/OS/SEGGER_SYSVIEW_FreeRTOS.o
 .debug_macro   0x000187b3      0x369 ./Core/FreeRTOS/SEGGER/OS/SEGGER_SYSVIEW_FreeRTOS.o
 .debug_macro   0x00018b1c       0x10 ./Core/FreeRTOS/SEGGER/OS/SEGGER_SYSVIEW_FreeRTOS.o
 .debug_macro   0x00018b2c       0x35 ./Core/FreeRTOS/SEGGER/OS/SEGGER_SYSVIEW_FreeRTOS.o
 .debug_macro   0x00018b61       0x20 ./Core/FreeRTOS/SEGGER/OS/SEGGER_SYSVIEW_FreeRTOS.o
 .debug_macro   0x00018b81      0x1e8 ./Core/FreeRTOS/SEGGER/SEGGER/SEGGER_RTT.o
 .debug_macro   0x00018d69       0x35 ./Core/FreeRTOS/SEGGER/SEGGER/SEGGER_RTT.o
 .debug_macro   0x00018d9e       0x5b ./Core/FreeRTOS/SEGGER/SEGGER/SEGGER_RTT.o
 .debug_macro   0x00018df9       0x94 ./Core/FreeRTOS/SEGGER/SEGGER/SEGGER_RTT.o
 .debug_macro   0x00018e8d       0x16 ./Core/FreeRTOS/SEGGER/SEGGER/SEGGER_RTT.o
 .debug_macro   0x00018ea3      0x11c ./Core/FreeRTOS/SEGGER/SEGGER/SEGGER_RTT.o
 .debug_macro   0x00018fbf       0x94 ./Core/FreeRTOS/SEGGER/SEGGER/SEGGER_RTT.o
 .debug_macro   0x00019053       0x57 ./Core/FreeRTOS/SEGGER/SEGGER/SEGGER_RTT.o
 .debug_macro   0x000190aa       0x16 ./Core/FreeRTOS/SEGGER/SEGGER/SEGGER_RTT.o
 .debug_macro   0x000190c0       0x29 ./Core/FreeRTOS/SEGGER/SEGGER/SEGGER_RTT.o
 .debug_macro   0x000190e9      0x138 ./Core/FreeRTOS/SEGGER/SEGGER/SEGGER_RTT.o
 .debug_macro   0x00019221       0x16 ./Core/FreeRTOS/SEGGER/SEGGER/SEGGER_RTT.o
 .debug_macro   0x00019237      0x3fe ./Core/FreeRTOS/SEGGER/SEGGER/SEGGER_SYSVIEW.o
 .debug_macro   0x00019635       0x56 ./Core/FreeRTOS/SEGGER/SEGGER/SEGGER_SYSVIEW.o
 .debug_macro   0x0001968b      0x234 ./Core/FreeRTOS/SEGGER/SEGGER/SEGGER_SYSVIEW.o
 .debug_macro   0x000198bf      0x16f ./Core/FreeRTOS/SEGGER/SEGGER/SEGGER_SYSVIEW.o
 .debug_macro   0x00019a2e      0x347 ./Core/FreeRTOS/list.o
 .debug_macro   0x00019d75      0x3de ./Core/FreeRTOS/queue.o
 .debug_macro   0x0001a153       0x80 ./Core/FreeRTOS/queue.o
 .debug_macro   0x0001a1d3      0x490 ./Core/FreeRTOS/tasks.o
 .debug_macro   0x0001a663       0x17 ./Core/FreeRTOS/tasks.o
 .debug_macro   0x0001a67a       0x1c ./Core/FreeRTOS/tasks.o
 .debug_macro   0x0001a696       0x1c ./Core/FreeRTOS/tasks.o
 .debug_macro   0x0001a6b2       0x16 ./Core/FreeRTOS/tasks.o
 .debug_macro   0x0001a6c8      0x146 ./Core/FreeRTOS/tasks.o
 .debug_macro   0x0001a80e      0x396 ./Core/FreeRTOS/timers.o
 .debug_macro   0x0001aba4       0x9e ./Core/FreeRTOS/timers.o
 .debug_macro   0x0001ac42      0x350 ./Core/FreeRTOS/portable/GCC/ARM_CM3/port.o
 .debug_macro   0x0001af92      0x3dc ./Core/FreeRTOS/portable/MemMang/heap_4.o
 .debug_macro   0x0001b36e      0x333 ./Core/Src/main.o
 .debug_macro   0x0001b6a1      0x166 ./Core/Src/main.o
 .debug_macro   0x0001b807      0x19b ./Core/Src/main.o
 .debug_macro   0x0001b9a2      0x1ad ./Core/Src/stm32f1xx_hal_msp.o
 .debug_macro   0x0001bb4f      0x1a3 ./Core/Src/stm32f1xx_hal_timebase_tim.o
 .debug_macro   0x0001bcf2      0x1b7 ./Core/Src/stm32f1xx_it.o
 .debug_macro   0x0001bea9      0x1a3 ./Core/Src/system_stm32f1xx.o
 .debug_macro   0x0001c04c      0x1c7 ./Drivers/STM32F1xx_HAL_Driver/Src/stm32f1xx_hal.o
 .debug_macro   0x0001c213      0x1a3 ./Drivers/STM32F1xx_HAL_Driver/Src/stm32f1xx_hal_cortex.o
 .debug_macro   0x0001c3b6      0x20e ./Drivers/STM32F1xx_HAL_Driver/Src/stm32f1xx_hal_gpio.o
 .debug_macro   0x0001c5c4      0x1f1 ./Drivers/STM32F1xx_HAL_Driver/Src/stm32f1xx_hal_i2c.o
 .debug_macro   0x0001c7b5      0x1b5 ./Drivers/STM32F1xx_HAL_Driver/Src/stm32f1xx_hal_rcc.o
 .debug_macro   0x0001c96a      0x1a4 ./Drivers/STM32F1xx_HAL_Driver/Src/stm32f1xx_hal_tim.o
 .debug_macro   0x0001cb0e      0x1a3 ./Drivers/STM32F1xx_HAL_Driver/Src/stm32f1xx_hal_tim_ex.o

.debug_line     0x00000000    0x1b705
 .debug_line    0x00000000      0x969 ./Core/FreeRTOS/SEGGER/Config/SEGGER_SYSVIEW_Config_FreeRTOS.o
 .debug_line    0x00000969      0xc77 ./Core/FreeRTOS/SEGGER/OS/SEGGER_SYSVIEW_FreeRTOS.o
 .debug_line    0x000015e0      0xf2c ./Core/FreeRTOS/SEGGER/SEGGER/SEGGER_RTT.o
 .debug_line    0x0000250c       0x84 ./Core/FreeRTOS/SEGGER/SEGGER/SEGGER_RTT_ASM_ARMv7M.o
 .debug_line    0x00002590     0x2b86 ./Core/FreeRTOS/SEGGER/SEGGER/SEGGER_SYSVIEW.o
 .debug_line    0x00005116      0xba0 ./Core/FreeRTOS/list.o
 .debug_line    0x00005cb6     0x1bb9 ./Core/FreeRTOS/queue.o
 .debug_line    0x0000786f     0x2d28 ./Core/FreeRTOS/tasks.o
 .debug_line    0x0000a597     0x121d ./Core/FreeRTOS/timers.o
 .debug_line    0x0000b7b4      0xc7b ./Core/FreeRTOS/portable/GCC/ARM_CM3/port.o
 .debug_line    0x0000c42f      0xf57 ./Core/FreeRTOS/portable/MemMang/heap_4.o
 .debug_line    0x0000d386      0xe99 ./Core/Src/main.o
 .debug_line    0x0000e21f      0x73a ./Core/Src/stm32f1xx_hal_msp.o
 .debug_line    0x0000e959      0x75e ./Core/Src/stm32f1xx_hal_timebase_tim.o
 .debug_line    0x0000f0b7      0x78c ./Core/Src/stm32f1xx_it.o
 .debug_line    0x0000f843      0x76e ./Core/Src/system_stm32f1xx.o
 .debug_line    0x0000ffb1       0x78 ./Core/Startup/startup_stm32f103c8tx.o
 .debug_line    0x00010029      0x99b ./Drivers/STM32F1xx_HAL_Driver/Src/stm32f1xx_hal.o
 .debug_line    0x000109c4      0xb87 ./Drivers/STM32F1xx_HAL_Driver/Src/stm32f1xx_hal_cortex.o
 .debug_line    0x0001154b      0xa34 ./Drivers/STM32F1xx_HAL_Driver/Src/stm32f1xx_hal_gpio.o
 .debug_line    0x00011f7f     0x3c38 ./Drivers/STM32F1xx_HAL_Driver/Src/stm32f1xx_hal_i2c.o
 .debug_line    0x00015bb7      0xda4 ./Drivers/STM32F1xx_HAL_Driver/Src/stm32f1xx_hal_rcc.o
 .debug_line    0x0001695b     0x34c0 ./Drivers/STM32F1xx_HAL_Driver/Src/stm32f1xx_hal_tim.o
 .debug_line    0x00019e1b     0x18ea ./Drivers/STM32F1xx_HAL_Driver/Src/stm32f1xx_hal_tim_ex.o

.debug_str      0x00000000    0xab772
 .debug_str     0x00000000    0x9aa8d ./Core/FreeRTOS/SEGGER/Config/SEGGER_SYSVIEW_Config_FreeRTOS.o
                              0x9adf6 (size before relaxing)
 .debug_str     0x0009aa8d     0x52d2 ./Core/FreeRTOS/SEGGER/OS/SEGGER_SYSVIEW_FreeRTOS.o
                              0x9ff97 (size before relaxing)
 .debug_str     0x0009fd5f     0x114b ./Core/FreeRTOS/SEGGER/SEGGER/SEGGER_RTT.o
                               0x86ec (size before relaxing)
 .debug_str     0x000a0eaa       0x45 ./Core/FreeRTOS/SEGGER/SEGGER/SEGGER_RTT_ASM_ARMv7M.o
                                 0x6c (size before relaxing)
 .debug_str     0x000a0eef     0x11ed ./Core/FreeRTOS/SEGGER/SEGGER/SEGGER_SYSVIEW.o
                              0x9fc18 (size before relaxing)
 .debug_str     0x000a20dc      0x16b ./Core/FreeRTOS/list.o
                              0x9eb20 (size before relaxing)
 .debug_str     0x000a2247     0x1470 ./Core/FreeRTOS/queue.o
                              0xa14cd (size before relaxing)
 .debug_str     0x000a36b7     0x2936 ./Core/FreeRTOS/tasks.o
                              0xa2e63 (size before relaxing)
 .debug_str     0x000a5fed      0x5ed ./Core/FreeRTOS/timers.o
                              0xa17f0 (size before relaxing)
 .debug_str     0x000a65da      0x7b5 ./Core/FreeRTOS/portable/GCC/ARM_CM3/port.o
                              0x9d5ae (size before relaxing)
 .debug_str     0x000a6d8f      0x737 ./Core/FreeRTOS/portable/MemMang/heap_4.o
                              0xa066a (size before relaxing)
 .debug_str     0x000a74c6     0x1362 ./Core/Src/main.o
                              0xa125d (size before relaxing)
 .debug_str     0x000a8828       0xd2 ./Core/Src/stm32f1xx_hal_msp.o