../Core/Src/main.c:98:7:Kalman_getAngle	56	static
../Core/Src/main.c:163:5:main	16	static
../Core/Src/main.c:235:6:SystemClock_Config	72	static
../Core/Src/main.c:275:13:MX_I2C1_Init	8	static
../Core/Src/main.c:309:13:MX_I2C2_Init	8	static
../Core/Src/main.c:343:13:MX_SPI1_Init	8	static
../Core/Src/main.c:381:13:MX_GPIO_Init	40	static
../Core/Src/main.c:419:6:vSystemViewStartTask	16	static
../Core/Src/main.c:439:6:vConfigureTimerForRunTimeStats	4	static
../Core/Src/main.c:448:15:ulGetRunTimeCounterValue	4	static
../Core/Src/main.c:452:6:MPU6050Init	24	static
../Core/Src/main.c:479:6:MPU6050ReadG	32	static
../Core/Src/main.c:495:6:MPU6050ReadA	32	static
../Core/Src/main.c:510:6:TaskMPU6050_Read	40	static
../Core/Src/main.c:541:6:TaskOLED_Display	48	static
../Core/Src/main.c:572:6:TaskNRF_RX	16	static
../Core/Src/main.c:599:6:HAL_TIM_PeriodElapsedCallback	16	static
../Core/Src/main.c:616:6:Error_Handler	4	static,ignoring_inline_asm
