../Core/Src/main.c:87:7:Kalman_getAngle	56	static
../Core/Src/main.c:150:5:main	16	static
../Core/Src/main.c:207:6:SystemClock_Config	72	static
../Core/Src/main.c:247:13:MX_I2C1_Init	8	static
../Core/Src/main.c:281:13:MX_I2C2_Init	8	static
../Core/Src/main.c:315:13:MX_GPIO_Init	24	static
../Core/Src/main.c:330:6:vSystemViewStartTask	16	static
../Core/Src/main.c:350:6:vConfigureTimerForRunTimeStats	4	static
../Core/Src/main.c:359:15:ulGetRunTimeCounterValue	4	static
../Core/Src/main.c:362:6:MPU6050Init	24	static
../Core/Src/main.c:389:6:MPU6050ReadG	32	static
../Core/Src/main.c:405:6:MPU6050ReadA	32	static
../Core/Src/main.c:420:6:TaskMPU6050_Read	40	static
../Core/Src/main.c:450:6:TaskOLED_Display	48	static
../Core/Src/main.c:495:6:HAL_TIM_PeriodElapsedCallback	16	static
../Core/Src/main.c:512:6:Error_Handler	4	static,ignoring_inline_asm
