../Core/Src/nrf24l01.c:14:6:NRF24_Init	16	static
../Core/Src/nrf24l01.c:30:6:NRF24_Set_DataRate	24	static
../Core/Src/nrf24l01.c:62:6:NRF24_Set_PALevel	24	static
../Core/Src/nrf24l01.c:98:6:NRF24_Set_Channel	16	static
../Core/Src/nrf24l01.c:105:6:NRF24_Set_Mode	24	static
../Core/Src/nrf24l01.c:141:6:NRF24_Set_CrcLentgh	24	static
../Core/Src/nrf24l01.c:173:6:NRF24_Set_TxAddress	16	static
../Core/Src/nrf24l01.c:180:9:NRF24_Transmit	40	static,ignoring_inline_asm
../Core/Src/nrf24l01.c:212:6:NRF24_Set_RxPipe	32	static
../Core/Src/nrf24l01.c:258:9:NRF24_Available	24	static
../Core/Src/nrf24l01.c:274:6:NRF24_Receive	32	static
../Core/Src/nrf24l01.c:290:6:NRF24_ReadAll	32	static
../Core/Src/nrf24l01.c:309:13:NRF24_CE_Enable	16	static
../Core/Src/nrf24l01.c:314:13:NRF24_CE_Disable	16	static
../Core/Src/nrf24l01.c:319:13:NRF24_CSN_Enable	16	static
../Core/Src/nrf24l01.c:324:13:NRF24_CSN_Disable	16	static
../Core/Src/nrf24l01.c:329:13:NRF24_Write_Reg	24	static
../Core/Src/nrf24l01.c:340:13:NRF24_Write_Buffer	32	static
../Core/Src/nrf24l01.c:352:16:NRF24_Read_Reg	24	static
../Core/Src/nrf24l01.c:363:13:NRF24_Read_Buffer	24	static
../Core/Src/nrf24l01.c:372:13:NRF24_Send_Cmd	16	static
../Core/Src/nrf24l01.c:380:13:NRF24_Reset	40	static
