../Core/FreeRTOS/tasks.c:1642:20:prvCreateTask	48	static
../Core/FreeRTOS/tasks.c:1740:16:xTaskCreate	40	static
../Core/FreeRTOS/tasks.c:1815:13:prvInitialiseNewTask	40	static,ignoring_inline_asm
../Core/FreeRTOS/tasks.c:2041:17:prvAddNewTaskToReadyList	40	static,ignoring_inline_asm
../Core/FreeRTOS/tasks.c:2180:19:prvSnprintfReturnValueToCharsWritten	24	static
../Core/FreeRTOS/tasks.c:2213:10:vTaskDelete	40	static,ignoring_inline_asm
../Core/FreeRTOS/tasks.c:2366:16:xTaskDelayUntil	48	static,ignoring_inline_asm
../Core/FreeRTOS/tasks.c:2458:10:vTaskDelay	24	static,ignoring_inline_asm
../Core/FreeRTOS/tasks.c:2508:16:eTaskGetState	48	static,ignoring_inline_asm
../Core/FreeRTOS/tasks.c:2640:17:uxTaskPriorityGet	32	static,ignoring_inline_asm
../Core/FreeRTOS/tasks.c:2668:17:uxTaskPriorityGetFromISR	48	static,ignoring_inline_asm
../Core/FreeRTOS/tasks.c:2718:17:uxTaskBasePriorityGet	32	static,ignoring_inline_asm
../Core/FreeRTOS/tasks.c:2746:17:uxTaskBasePriorityGetFromISR	48	static,ignoring_inline_asm
../Core/FreeRTOS/tasks.c:2796:10:vTaskPrioritySet	56	static,ignoring_inline_asm
../Core/FreeRTOS/tasks.c:3149:10:vTaskSuspend	40	static,ignoring_inline_asm
../Core/FreeRTOS/tasks.c:3312:23:prvTaskIsTaskSuspended	32	static,ignoring_inline_asm
../Core/FreeRTOS/tasks.c:3382:10:vTaskResume	32	static,ignoring_inline_asm
../Core/FreeRTOS/tasks.c:3443:16:xTaskResumeFromISR	48	static,ignoring_inline_asm
../Core/FreeRTOS/tasks.c:3540:19:prvCreateIdleTasks	56	static
../Core/FreeRTOS/tasks.c:3689:6:vTaskStartScheduler	24	static,ignoring_inline_asm
../Core/FreeRTOS/tasks.c:3794:6:vTaskEndScheduler	16	static,ignoring_inline_asm
../Core/FreeRTOS/tasks.c:3837:6:vTaskSuspendAll	8	static,ignoring_inline_asm
../Core/FreeRTOS/tasks.c:4011:12:xTaskResumeAll	40	static,ignoring_inline_asm
../Core/FreeRTOS/tasks.c:4160:12:xTaskGetTickCount	16	static
../Core/FreeRTOS/tasks.c:4179:12:xTaskGetTickCountFromISR	16	static
../Core/FreeRTOS/tasks.c:4214:13:uxTaskGetNumberOfTasks	8	static
../Core/FreeRTOS/tasks.c:4226:8:pcTaskGetName	24	static,ignoring_inline_asm
../Core/FreeRTOS/tasks.c:4244:20:prvSearchForNameWithinSingleList	48	static
../Core/FreeRTOS/tasks.c:4317:18:xTaskGetHandle	32	static,ignoring_inline_asm
../Core/FreeRTOS/tasks.c:4440:17:uxTaskGetSystemState	32	static
../Core/FreeRTOS/tasks.c:4520:22:xTaskGetIdleTaskHandle	16	static,ignoring_inline_asm
../Core/FreeRTOS/tasks.c:4534:18:xTaskGetIdleTaskHandleForCore	24	static,ignoring_inline_asm
../Core/FreeRTOS/tasks.c:4601:12:xTaskCatchUpTicks	24	static,ignoring_inline_asm
../Core/FreeRTOS/tasks.c:4631:16:xTaskAbortDelay	32	static,ignoring_inline_asm
../Core/FreeRTOS/tasks.c:4725:12:xTaskIncrementTick	48	static,ignoring_inline_asm
../Core/FreeRTOS/tasks.c:4977:10:vTaskSetApplicationTaskTag	24	static
../Core/FreeRTOS/tasks.c:5011:24:xTaskGetApplicationTaskTag	32	static,ignoring_inline_asm
../Core/FreeRTOS/tasks.c:5040:24:xTaskGetApplicationTaskTagFromISR	48	static,ignoring_inline_asm
../Core/FreeRTOS/tasks.c:5073:16:xTaskCallApplicationTaskHook	24	static
../Core/FreeRTOS/tasks.c:5109:10:vTaskSwitchContext	32	static,ignoring_inline_asm
../Core/FreeRTOS/tasks.c:5296:6:vTaskPlaceOnEventList	24	static,ignoring_inline_asm
../Core/FreeRTOS/tasks.c:5325:6:vTaskPlaceOnUnorderedEventList	40	static,ignoring_inline_asm
../Core/FreeRTOS/tasks.c:5357:10:vTaskPlaceOnEventListRestricted	32	static,ignoring_inline_asm
../Core/FreeRTOS/tasks.c:5394:12:xTaskRemoveFromEventList	48	static,ignoring_inline_asm
../Core/FreeRTOS/tasks.c:5487:6:vTaskRemoveFromUnorderedEventList	40	static,ignoring_inline_asm
../Core/FreeRTOS/tasks.c:5559:6:vTaskSetTimeOutState	24	static,ignoring_inline_asm
../Core/FreeRTOS/tasks.c:5575:6:vTaskInternalSetTimeOutState	16	static
../Core/FreeRTOS/tasks.c:5587:12:xTaskCheckForTimeOut	40	static,ignoring_inline_asm
../Core/FreeRTOS/tasks.c:5656:6:vTaskMissedYield	8	static
../Core/FreeRTOS/tasks.c:5669:17:uxTaskGetTaskNumber	24	static
../Core/FreeRTOS/tasks.c:5696:10:vTaskSetTaskNumber	24	static
../Core/FreeRTOS/tasks.c:5801:8:prvIdleTask	16	static,ignoring_inline_asm
../Core/FreeRTOS/tasks.c:6067:13:prvInitialiseTaskLists	16	static
../Core/FreeRTOS/tasks.c:6099:13:prvCheckTasksWaitingTermination	16	static
../Core/FreeRTOS/tasks.c:6177:10:vTaskGetInfo	40	static,ignoring_inline_asm
../Core/FreeRTOS/tasks.c:6325:24:prvListTasksWithinSingleList	40	static
../Core/FreeRTOS/tasks.c:6364:35:prvTaskCheckFreeStackSpace	24	static
../Core/FreeRTOS/tasks.c:6429:17:uxTaskGetStackHighWaterMark	32	static,ignoring_inline_asm
../Core/FreeRTOS/tasks.c:6462:17:prvDeleteTCB	16	static
../Core/FreeRTOS/tasks.c:6515:13:prvResetNextTaskUnblockTime	4	static
../Core/FreeRTOS/tasks.c:6539:22:xTaskGetCurrentTaskHandle	16	static
../Core/FreeRTOS/tasks.c:6574:18:xTaskGetCurrentTaskHandleForCore	24	static
../Core/FreeRTOS/tasks.c:6599:16:xTaskGetSchedulerState	16	static
../Core/FreeRTOS/tasks.c:6639:16:xTaskPriorityInherit	32	static
../Core/FreeRTOS/tasks.c:6742:16:xTaskPriorityDisinherit	40	static,ignoring_inline_asm
../Core/FreeRTOS/tasks.c:6836:10:vTaskPriorityDisinheritAfterTimeout	48	static,ignoring_inline_asm
../Core/FreeRTOS/tasks.c:7263:19:prvWriteNameToBuffer	24	static
../Core/FreeRTOS/tasks.c:7290:10:vTaskListTasks	72	static
../Core/FreeRTOS/tasks.c:7460:10:vTaskGetRunTimeStatistics	64	static
../Core/FreeRTOS/tasks.c:7646:12:uxTaskResetEventItemValue	16	static
../Core/FreeRTOS/tasks.c:7666:18:pvTaskIncrementMutexHeldCount	16	static
../Core/FreeRTOS/tasks.c:7691:14:ulTaskGenericNotifyTake	40	static,ignoring_inline_asm
../Core/FreeRTOS/tasks.c:7793:16:xTaskGenericNotifyWait	40	static,ignoring_inline_asm
../Core/FreeRTOS/tasks.c:7907:16:xTaskGenericNotify	64	static,ignoring_inline_asm
../Core/FreeRTOS/tasks.c:8027:16:xTaskGenericNotifyFromISR	80	static,ignoring_inline_asm
../Core/FreeRTOS/tasks.c:8209:10:vTaskGenericNotifyGiveFromISR	72	static,ignoring_inline_asm
../Core/FreeRTOS/tasks.c:8341:16:xTaskGenericNotifyStateClear	32	static,ignoring_inline_asm
../Core/FreeRTOS/tasks.c:8380:14:ulTaskGenericNotifyValueClear	40	static,ignoring_inline_asm
../Core/FreeRTOS/tasks.c:8415:33:ulTaskGetRunTimeCounter	40	static,ignoring_inline_asm
../Core/FreeRTOS/tasks.c:8456:33:ulTaskGetRunTimePercent	40	static,ignoring_inline_asm
../Core/FreeRTOS/tasks.c:8497:33:ulTaskGetIdleRunTimeCounter	24	static
../Core/FreeRTOS/tasks.c:8542:33:ulTaskGetIdleRunTimePercent	24	static
../Core/FreeRTOS/tasks.c:8579:13:prvAddCurrentTaskToDelayedList	40	static
../Core/FreeRTOS/tasks.c:8810:6:vTaskResetState	16	static
